Archive member included to satisfy reference by file (symbol)

c:/program files (x86)/atmel/studio/7.0/toolchain/avr8/avr8-gnu-toolchain/bin/../lib/gcc/avr/5.4.0/../../../../avr/lib/avrxmega2\libm.a(divsf3.o)
                              TCD.o (__divsf3)
c:/program files (x86)/atmel/studio/7.0/toolchain/avr8/avr8-gnu-toolchain/bin/../lib/gcc/avr/5.4.0/../../../../avr/lib/avrxmega2\libm.a(divsf3x.o)
                              c:/program files (x86)/atmel/studio/7.0/toolchain/avr8/avr8-gnu-toolchain/bin/../lib/gcc/avr/5.4.0/../../../../avr/lib/avrxmega2\libm.a(divsf3.o) (__divsf3x)
c:/program files (x86)/atmel/studio/7.0/toolchain/avr8/avr8-gnu-toolchain/bin/../lib/gcc/avr/5.4.0/../../../../avr/lib/avrxmega2\libm.a(fixunssfsi.o)
                              ADC.o (__fixunssfsi)
c:/program files (x86)/atmel/studio/7.0/toolchain/avr8/avr8-gnu-toolchain/bin/../lib/gcc/avr/5.4.0/../../../../avr/lib/avrxmega2\libm.a(floatsisf.o)
                              ADC.o (__floatunsisf)
c:/program files (x86)/atmel/studio/7.0/toolchain/avr8/avr8-gnu-toolchain/bin/../lib/gcc/avr/5.4.0/../../../../avr/lib/avrxmega2\libm.a(fp_inf.o)
                              c:/program files (x86)/atmel/studio/7.0/toolchain/avr8/avr8-gnu-toolchain/bin/../lib/gcc/avr/5.4.0/../../../../avr/lib/avrxmega2\libm.a(divsf3x.o) (__fp_inf)
c:/program files (x86)/atmel/studio/7.0/toolchain/avr8/avr8-gnu-toolchain/bin/../lib/gcc/avr/5.4.0/../../../../avr/lib/avrxmega2\libm.a(fp_nan.o)
                              c:/program files (x86)/atmel/studio/7.0/toolchain/avr8/avr8-gnu-toolchain/bin/../lib/gcc/avr/5.4.0/../../../../avr/lib/avrxmega2\libm.a(divsf3x.o) (__fp_nan)
c:/program files (x86)/atmel/studio/7.0/toolchain/avr8/avr8-gnu-toolchain/bin/../lib/gcc/avr/5.4.0/../../../../avr/lib/avrxmega2\libm.a(fp_pscA.o)
                              c:/program files (x86)/atmel/studio/7.0/toolchain/avr8/avr8-gnu-toolchain/bin/../lib/gcc/avr/5.4.0/../../../../avr/lib/avrxmega2\libm.a(divsf3x.o) (__fp_pscA)
c:/program files (x86)/atmel/studio/7.0/toolchain/avr8/avr8-gnu-toolchain/bin/../lib/gcc/avr/5.4.0/../../../../avr/lib/avrxmega2\libm.a(fp_pscB.o)
                              c:/program files (x86)/atmel/studio/7.0/toolchain/avr8/avr8-gnu-toolchain/bin/../lib/gcc/avr/5.4.0/../../../../avr/lib/avrxmega2\libm.a(divsf3x.o) (__fp_pscB)
c:/program files (x86)/atmel/studio/7.0/toolchain/avr8/avr8-gnu-toolchain/bin/../lib/gcc/avr/5.4.0/../../../../avr/lib/avrxmega2\libm.a(fp_round.o)
                              c:/program files (x86)/atmel/studio/7.0/toolchain/avr8/avr8-gnu-toolchain/bin/../lib/gcc/avr/5.4.0/../../../../avr/lib/avrxmega2\libm.a(divsf3.o) (__fp_round)
c:/program files (x86)/atmel/studio/7.0/toolchain/avr8/avr8-gnu-toolchain/bin/../lib/gcc/avr/5.4.0/../../../../avr/lib/avrxmega2\libm.a(fp_split3.o)
                              c:/program files (x86)/atmel/studio/7.0/toolchain/avr8/avr8-gnu-toolchain/bin/../lib/gcc/avr/5.4.0/../../../../avr/lib/avrxmega2\libm.a(divsf3x.o) (__fp_split3)
c:/program files (x86)/atmel/studio/7.0/toolchain/avr8/avr8-gnu-toolchain/bin/../lib/gcc/avr/5.4.0/../../../../avr/lib/avrxmega2\libm.a(fp_zero.o)
                              c:/program files (x86)/atmel/studio/7.0/toolchain/avr8/avr8-gnu-toolchain/bin/../lib/gcc/avr/5.4.0/../../../../avr/lib/avrxmega2\libm.a(fixunssfsi.o) (__fp_zero)
c:/program files (x86)/atmel/studio/7.0/toolchain/avr8/avr8-gnu-toolchain/bin/../lib/gcc/avr/5.4.0/../../../../avr/lib/avrxmega2\libm.a(mulsf3.o)
                              ADC.o (__mulsf3)
c:/program files (x86)/atmel/studio/7.0/toolchain/avr8/avr8-gnu-toolchain/bin/../lib/gcc/avr/5.4.0/../../../../avr/lib/avrxmega2\libm.a(mulsf3x.o)
                              c:/program files (x86)/atmel/studio/7.0/toolchain/avr8/avr8-gnu-toolchain/bin/../lib/gcc/avr/5.4.0/../../../../avr/lib/avrxmega2\libm.a(mulsf3.o) (__mulsf3x)
c:/program files (x86)/atmel/studio/7.0/toolchain/avr8/avr8-gnu-toolchain/bin/../lib/gcc/avr/5.4.0/avrxmega2\libgcc.a(_divmodhi4.o)
                              Actions.o (__divmodhi4)
c:/program files (x86)/atmel/studio/7.0/toolchain/avr8/avr8-gnu-toolchain/bin/../lib/gcc/avr/5.4.0/avrxmega2\libgcc.a(_udivmodsi4.o)
                              TCA.o (__udivmodsi4)
c:/program files (x86)/atmel/studio/7.0/toolchain/avr8/avr8-gnu-toolchain/bin/../lib/gcc/avr/5.4.0/avrxmega2\libgcc.a(_divmodsi4.o)
                              TCA.o (__divmodsi4)
c:/program files (x86)/atmel/studio/7.0/toolchain/avr8/avr8-gnu-toolchain/bin/../lib/gcc/avr/5.4.0/avrxmega2\libgcc.a(_negsi2.o)
                              c:/program files (x86)/atmel/studio/7.0/toolchain/avr8/avr8-gnu-toolchain/bin/../lib/gcc/avr/5.4.0/avrxmega2\libgcc.a(_divmodsi4.o) (__negsi2)
c:/program files (x86)/atmel/studio/7.0/toolchain/avr8/avr8-gnu-toolchain/bin/../lib/gcc/avr/5.4.0/avrxmega2\libgcc.a(_exit.o)
[...]
Memory Configuration

Name             Origin             Length             Attributes
text             0x00000000         0x00010000         xr
data             0x00806000         0x00002000         rw !x
eeprom           0x00810000         0x00000100         rw !x
fuse             0x00820000         0x00000010         rw !x
lock             0x00830000         0x00000400         rw !x
signature        0x00840000         0x00000400         rw !x
user_signatures  0x00850000         0x00000400         rw !x
*default*        0x00000000         0xffffffff

Linker script and memory map

Address of section .data set to 0x806000
                0x00008000                __RODATA_PM_OFFSET__ = 0x8000
LOAD C:/Program Files (x86)/Atmel/Studio/7.0/Packs/Atmel/AVR-Dx_DFP/2.7.321/gcc/dev/avr64dd32/avrxmega2/crtavr64dd32.o
LOAD Actions.o
LOAD ADC.o
LOAD CLK.o
LOAD CRC.o
LOAD FOUSART.o
LOAD GPIO.o
LOAD i2c.o
LOAD Joystick.o
LOAD LinearMotor.o
LOAD main.o
LOAD RS485LED.o
LOAD RS485USART.o
LOAD SSD1306.o
LOAD StepperMotor.o
LOAD TCA.o
LOAD TCD.o
LOAD USART.o
LOAD Windows.o
START GROUP
LOAD c:/program files (x86)/atmel/studio/7.0/toolchain/avr8/avr8-gnu-toolchain/bin/../lib/gcc/avr/5.4.0/../../../../avr/lib/avrxmega2\libm.a
END GROUP
START GROUP
LOAD c:/program files (x86)/atmel/studio/7.0/toolchain/avr8/avr8-gnu-toolchain/bin/../lib/gcc/avr/5.4.0/avrxmega2\libgcc.a
LOAD c:/program files (x86)/atmel/studio/7.0/toolchain/avr8/avr8-gnu-toolchain/bin/../lib/gcc/avr/5.4.0/../../../../avr/lib/avrxmega2\libm.a
LOAD c:/program files (x86)/atmel/studio/7.0/toolchain/avr8/avr8-gnu-toolchain/bin/../lib/gcc/avr/5.4.0/../../../../avr/lib/avrxmega2\libc.a
LOAD C:/Program Files (x86)/Atmel/Studio/7.0/Packs/Atmel/AVR-Dx_DFP/2.7.321/gcc/dev/avr64dd32/avrxmega2\libavr64dd32.a
END GROUP
                [0x00000000]                __TEXT_REGION_ORIGIN__ = DEFINED (__TEXT_REGION_ORIGIN__)?__TEXT_REGION_ORIGIN__:0x0
                [0x00806000]                __DATA_REGION_ORIGIN__ = DEFINED (__DATA_REGION_ORIGIN__)?__DATA_REGION_ORIGIN__:0x802000
                [0x00010000]                __TEXT_REGION_LENGTH__ = DEFINED (__TEXT_REGION_LENGTH__)?__TEXT_REGION_LENGTH__:0x100000
                [0x00002000]                __DATA_REGION_LENGTH__ = DEFINED (__DATA_REGION_LENGTH__)?__DATA_REGION_LENGTH__:0xffa0
                [0x00000100]                __EEPROM_REGION_LENGTH__ = DEFINED (__EEPROM_REGION_LENGTH__)?__EEPROM_REGION_LENGTH__:0x10000
                [0x00000010]                __FUSE_REGION_LENGTH__ = DEFINED (__FUSE_REGION_LENGTH__)?__FUSE_REGION_LENGTH__:0x400
                0x00000400                __LOCK_REGION_LENGTH__ = DEFINED (__LOCK_REGION_LENGTH__)?__LOCK_REGION_LENGTH__:0x400
                0x00000400                __SIGNATURE_REGION_LENGTH__ = DEFINED (__SIGNATURE_REGION_LENGTH__)?__SIGNATURE_REGION_LENGTH__:0x400
                0x00000400                __USER_SIGNATURE_REGION_LENGTH__ = DEFINED (__USER_SIGNATURE_REGION_LENGTH__)?__USER_SIGNATURE_REGION_LENGTH__:0x400

.hash
 *(.hash)

.dynsym
 *(.dynsym)

.dynstr
 *(.dynstr)

.gnu.version
 *(.gnu.version)

.gnu.version_d
 *(.gnu.version_d)

.gnu.version_r
 *(.gnu.version_r)

.rel.init
 *(.rel.init)

.rela.init
 *(.rela.init)

.rel.text
 *(.rel.text)
 *(.rel.text.*)
 *(.rel.gnu.linkonce.t*)

.rela.text
 *(.rela.text)
 *(.rela.text.*)
 *(.rela.gnu.linkonce.t*)

.rel.fini
 *(.rel.fini)

.rela.fini
 *(.rela.fini)

.rel.rodata
 *(.rel.rodata)
 *(.rel.rodata.*)
 *(.rel.gnu.linkonce.r*)

.rela.rodata
 *(.rela.rodata)
 *(.rela.rodata.*)
 *(.rela.gnu.linkonce.r*)

.rel.data
 *(.rel.data)
 *(.rel.data.*)
 *(.rel.gnu.linkonce.d*)

.rela.data
 *(.rela.data)
 *(.rela.data.*)
 *(.rela.gnu.linkonce.d*)

.rel.ctors
 *(.rel.ctors)

.rela.ctors
 *(.rela.ctors)

.rel.dtors
 *(.rel.dtors)

.rela.dtors
 *(.rela.dtors)

.rel.got
 *(.rel.got)

.rela.got
 *(.rela.got)

.rel.bss
 *(.rel.bss)

.rela.bss
 *(.rela.bss)

.rel.plt
 *(.rel.plt)

.rela.plt
 *(.rela.plt)

.text           0x00000000     0x2e5c
 *(.vectors)
 .vectors       0x00000000       0x90 C:/Program Files (x86)/Atmel/Studio/7.0/Packs/Atmel/AVR-Dx_DFP/2.7.321/gcc/dev/avr64dd32/avrxmega2/crtavr64dd32.o
                0x00000000                __vector_default
                0x00000000                __vectors
 *(.vectors)
 *(.progmem.gcc*)
                0x00000090                . = ALIGN (0x2)
                0x00000090                __trampolines_start = .
 *(.trampolines)
 .trampolines   0x00000090        0x0 linker stubs
 *(.trampolines*)
                0x00000090                __trampolines_end = .
 *libprintf_flt.a:*(.progmem.data)
 *libc.a:*(.progmem.data)
 *(.progmem*)
                0x00000090                . = ALIGN (0x2)
 *(.jumptables)
 *(.jumptables*)
 *(.lowtext)
 *(.lowtext*)
                0x00000090                __ctors_start = .
 *(.ctors)
                0x00000090                __ctors_end = .
                0x00000090                __dtors_start = .
 *(.dtors)
                0x00000090                __dtors_end = .
 SORT(*)(.ctors)
 SORT(*)(.dtors)
 *(.init0)
 .init0         0x00000090        0x0 C:/Program Files (x86)/Atmel/Studio/7.0/Packs/Atmel/AVR-Dx_DFP/2.7.321/gcc/dev/avr64dd32/avrxmega2/crtavr64dd32.o
                0x00000090                __init
 *(.init0)
 *(.init1)
 *(.init1)
 *(.init2)
 .init2         0x00000090        0xc C:/Program Files (x86)/Atmel/Studio/7.0/Packs/Atmel/AVR-Dx_DFP/2.7.321/gcc/dev/avr64dd32/avrxmega2/crtavr64dd32.o
 *(.init2)
 *(.init3)
 *(.init3)
 *(.init4)
 .init4         0x0000009c       0x16 c:/program files (x86)/atmel/studio/7.0/toolchain/avr8/avr8-gnu-toolchain/bin/../lib/gcc/avr/5.4.0/avrxmega2\libgcc.a(_copy_data.o)
                0x0000009c                __do_copy_data
 .init4         0x000000b2       0x10 c:/program files (x86)/atmel/studio/7.0/toolchain/avr8/avr8-gnu-toolchain/bin/../lib/gcc/avr/5.4.0/avrxmega2\libgcc.a(_clear_bss.o)
                0x000000b2                __do_clear_bss
 *(.init4)
 *(.init5)
 *(.init5)
 *(.init6)
 *(.init6)
 *(.init7)
 *(.init7)
 *(.init8)
 *(.init8)
 *(.init9)
 .init9         0x000000c2        0x8 C:/Program Files (x86)/Atmel/Studio/7.0/Packs/Atmel/AVR-Dx_DFP/2.7.321/gcc/dev/avr64dd32/avrxmega2/crtavr64dd32.o
 *(.init9)
 *(.text)
 .text          0x000000ca        0x4 C:/Program Files (x86)/Atmel/Studio/7.0/Packs/Atmel/AVR-Dx_DFP/2.7.321/gcc/dev/avr64dd32/avrxmega2/crtavr64dd32.o
                0x000000ca                __vector_22
                0x000000ca                __vector_28
                0x000000ca                __vector_1
                0x000000ca                __vector_32
                0x000000ca                __vector_34
                0x000000ca                __vector_24
                0x000000ca                __vector_12
                0x000000ca                __bad_interrupt
                0x000000ca                __vector_6
                0x000000ca                __vector_31
                0x000000ca                __vector_35
                0x000000ca                __vector_3
                0x000000ca                __vector_23
                0x000000ca                __vector_30
                0x000000ca                __vector_25
                0x000000ca                __vector_11
                0x000000ca                __vector_13
                0x000000ca                __vector_17
                0x000000ca                __vector_19
                0x000000ca                __vector_7
                0x000000ca                __vector_27
                0x000000ca                __vector_5
                0x000000ca                __vector_33
                0x000000ca                __vector_4
                0x000000ca                __vector_9
                0x000000ca                __vector_2
                0x000000ca                __vector_21
                0x000000ca                __vector_15
                0x000000ca                __vector_29
                0x000000ca                __vector_8
                0x000000ca                __vector_26
                0x000000ca                __vector_14
                0x000000ca                __vector_10
                0x000000ca                __vector_16
                0x000000ca                __vector_18
                0x000000ca                __vector_20
                0x000000ce                . = ALIGN (0x2)
 *(.text.*)
 .text.normalize
                0x000000ce       0x12 Actions.o
                0x000000ce                normalize
 .text.angle_diff
                0x000000e0       0x30 Actions.o
                0x000000e0                angle_diff
 .text.get_safe_azimuth
                0x00000110       0xaa Actions.o
                0x00000110                get_safe_azimuth
 .text.AutoMotorControl
                0x000001ba      0x25a Actions.o
                0x000001ba                AutoMotorControl
 .text.ManualMotorControl
                0x00000414       0xbc Actions.o
                0x00000414                ManualMotorControl
 .text.ReadMotorData
                0x000004d0       0x40 Actions.o
                0x000004d0                ReadMotorData
 .text.work     0x00000510       0x98 Actions.o
                0x00000510                work
 .text.ADC0_init
                0x000005a8       0x10 ADC.o
                0x000005a8                ADC0_init
 .text.ADC0_SetupJoystick
                0x000005b8        0xc ADC.o
                0x000005b8                ADC0_SetupJoystick
 .text.ADC0_SetupLinearMotor
                0x000005c4       0x20 ADC.o
                0x000005c4                ADC0_SetupLinearMotor
 .text.ADC0_SetupStepper
                0x000005e4       0x20 ADC.o
                0x000005e4                ADC0_SetupStepper
 .text.ADC0_SetupSysVoltage
                0x00000604        0xc ADC.o
                0x00000604                ADC0_SetupSysVoltage
 .text.ADC0_read
                0x00000610       0x28 ADC.o
                0x00000610                ADC0_read
 .text.Read_MCU_Voltge
                0x00000638       0x26 ADC.o
                0x00000638                Read_MCU_Voltge
 .text.CLOCK_XOSCHF_clock_init
                0x0000065e       0x1e CLK.o
                0x0000065e                CLOCK_XOSCHF_clock_init
 .text.crc8_cdma2000
                0x0000067c      0x10e CRC.o
                0x0000067c                crc8_cdma2000
 .text.verify_crc8_cdma2000
                0x0000078a       0x1a CRC.o
                0x0000078a                verify_crc8_cdma2000
 .text.verify_crc8_cdma2000_v2
                0x000007a4       0x32 CRC.o
                0x000007a4                verify_crc8_cdma2000_v2
 .text.hexToUint64
                0x000007d6       0xb2 FOUSART.o
                0x000007d6                hexToUint64
 .text.FODataSplitter
                0x00000888      0x218 FOUSART.o
                0x00000888                FODataSplitter
 .text.FOReceiver
                0x00000aa0       0xbc FOUSART.o
                0x00000aa0                FOReceiver
 .text.GPIO_init
                0x00000b5c       0x6a GPIO.o
                0x00000b5c                GPIO_init
 .text.I2C_init
                0x00000bc6       0x14 i2c.o
                0x00000bc6                I2C_init
 .text.TransmitAdd
                0x00000bda       0x54 i2c.o
                0x00000bda                TransmitAdd
 .text.TransmitByte
                0x00000c2e       0x56 i2c.o
                0x00000c2e                TransmitByte
 .text.WriteToReg
                0x00000c84       0x32 i2c.o
                0x00000c84                WriteToReg
 .text.ReadButton
                0x00000cb6        0xe Joystick.o
                0x00000cb6                ReadButton
 .text.LatchSwitcher
                0x00000cc4       0x2c Joystick.o
                0x00000cc4                LatchSwitcher
 .text.ReadJoystickValues
                0x00000cf0       0x4c Joystick.o
                0x00000cf0                ReadJoystickValues
 .text.SelectWindow
                0x00000d3c       0x1e Joystick.o
                0x00000d3c                SelectWindow
 .text.LinearMotor_enable
                0x00000d5a       0x20 LinearMotor.o
                0x00000d5a                LinearMotor_enable
 .text.LinearMotor_disable
                0x00000d7a       0x20 LinearMotor.o
                0x00000d7a                LinearMotor_disable
 .text.LinearMotor_start
                0x00000d9a       0x24 LinearMotor.o
                0x00000d9a                LinearMotor_start
 .text.LinearMotor_stop
                0x00000dbe       0x3c LinearMotor.o
                0x00000dbe                LinearMotor_stop
 .text.LinearMotor_set_direction
                0x00000dfa       0x34 LinearMotor.o
                0x00000dfa                LinearMotor_set_direction
 .text.LinearMotor_init
                0x00000e2e       0x12 LinearMotor.o
                0x00000e2e                LinearMotor_init
 .text.Read_LinearMotor_Voltage
                0x00000e40       0x34 LinearMotor.o
                0x00000e40                Read_LinearMotor_Voltage
 .text.Read_LinearMotor_Current
                0x00000e74       0x30 LinearMotor.o
                0x00000e74                Read_LinearMotor_Current
 .text.main     0x00000ea4       0x52 main.o
                0x00000ea4                main
 .text.RS485_Led
                0x00000ef6       0x30 RS485LED.o
                0x00000ef6                RS485_Led
 .text.RS485DataSplitter
                0x00000f26      0x242 RS485USART.o
                0x00000f26                RS485DataSplitter
 .text.RS485Receiver
                0x00001168       0xa8 RS485USART.o
                0x00001168                RS485Receiver
 .text.screen_command
                0x00001210        0xc SSD1306.o
                0x00001210                screen_command
 .text.screen_data
                0x0000121c        0xc SSD1306.o
                0x0000121c                screen_data
 .text.screen_init
                0x00001228       0x26 SSD1306.o
                0x00001228                screen_init
 .text.screen_draw_char
                0x0000124e       0x68 SSD1306.o
                0x0000124e                screen_draw_char
 .text.screen_clear
                0x000012b6       0x4a SSD1306.o
                0x000012b6                screen_clear
 .text.screen_draw_text
                0x00001300       0x3e SSD1306.o
                0x00001300                screen_draw_text
 .text.screen_write_text
                0x0000133e       0x4e SSD1306.o
                0x0000133e                screen_write_text
 .text.calculate_start_pixel
                0x0000138c       0x4a SSD1306.o
                0x0000138c                calculate_start_pixel
 .text.screen_write_text_aligned
                0x000013d6       0x22 SSD1306.o
                0x000013d6                screen_write_text_aligned
 .text.screen_write_formatted_text
                0x000013f8       0x3c SSD1306.o
                0x000013f8                screen_write_formatted_text
 .text.Stepper_enable
                0x00001434       0x2c StepperMotor.o
                0x00001434                Stepper_enable
 .text.Stepper_disable
                0x00001460       0x2c StepperMotor.o
                0x00001460                Stepper_disable
 .text.Stepper_start
                0x0000148c       0x26 StepperMotor.o
                0x0000148c                Stepper_start
 .text.Stepper_stop
                0x000014b2       0x26 StepperMotor.o
                0x000014b2                Stepper_stop
 .text.Stepper_set_direction
                0x000014d8       0x34 StepperMotor.o
                0x000014d8                Stepper_set_direction
 .text.Stepper_init
                0x0000150c       0x10 StepperMotor.o
                0x0000150c                Stepper_init
 .text.Read_Stepper_Voltage
                0x0000151c       0x34 StepperMotor.o
                0x0000151c                Read_Stepper_Voltage
 .text.Read_Stepper_Current
                0x00001550       0x30 StepperMotor.o
                0x00001550                Read_Stepper_Current
 .text.TCA0_init_linear_PWM
                0x00001580      0x120 TCA.o
                0x00001580                TCA0_init_linear_PWM
 .text.TCD0_init_stepper_PWM
                0x000016a0       0xd4 TCD.o
                0x000016a0                TCD0_init_stepper_PWM
 .text.USART0_init
                0x00001774       0x1a USART.o
                0x00001774                USART0_init
 .text.USART0_readChar
                0x0000178e       0x74 USART.o
                0x0000178e                USART0_readChar
 .text.USART1_init
                0x00001802       0x16 USART.o
                0x00001802                USART1_init
 .text.USART1_readChar
                0x00001818       0x2e USART.o
                0x00001818                USART1_readChar
 .text.screenUpdater
                0x00001846      0x20a Windows.o
                0x00001846                screenUpdater
 .text.windows  0x00001a50      0x674 Windows.o
                0x00001a50                windows
 .text.avr-libc.fplib
                0x000020c4        0x8 c:/program files (x86)/atmel/studio/7.0/toolchain/avr8/avr8-gnu-toolchain/bin/../lib/gcc/avr/5.4.0/../../../../avr/lib/avrxmega2\libm.a(divsf3.o)
                0x000020c4                __divsf3
 .text.avr-libc.fplib
                0x000020cc       0xdc c:/program files (x86)/atmel/studio/7.0/toolchain/avr8/avr8-gnu-toolchain/bin/../lib/gcc/avr/5.4.0/../../../../avr/lib/avrxmega2\libm.a(divsf3x.o)
                0x000020ec                __divsf3x
                0x000020f2                __divsf3_pse
 .text.avr-libc.fplib
                0x000021a8       0x5e c:/program files (x86)/atmel/studio/7.0/toolchain/avr8/avr8-gnu-toolchain/bin/../lib/gcc/avr/5.4.0/../../../../avr/lib/avrxmega2\libm.a(fixunssfsi.o)
                0x000021a8                __fixunssfsi
 .text.avr-libc.fplib
                0x00002206       0x7a c:/program files (x86)/atmel/studio/7.0/toolchain/avr8/avr8-gnu-toolchain/bin/../lib/gcc/avr/5.4.0/../../../../avr/lib/avrxmega2\libm.a(floatsisf.o)
                0x00002206                __floatunsisf
                0x0000220a                __floatsisf
 .text.avr-libc.fplib
                0x00002280        0xc c:/program files (x86)/atmel/studio/7.0/toolchain/avr8/avr8-gnu-toolchain/bin/../lib/gcc/avr/5.4.0/../../../../avr/lib/avrxmega2\libm.a(fp_inf.o)
                0x00002280                __fp_inf
 .text.avr-libc.fplib
                0x0000228c        0x6 c:/program files (x86)/atmel/studio/7.0/toolchain/avr8/avr8-gnu-toolchain/bin/../lib/gcc/avr/5.4.0/../../../../avr/lib/avrxmega2\libm.a(fp_nan.o)
                0x0000228c                __fp_nan
 .text.avr-libc.fplib
                0x00002292        0xe c:/program files (x86)/atmel/studio/7.0/toolchain/avr8/avr8-gnu-toolchain/bin/../lib/gcc/avr/5.4.0/../../../../avr/lib/avrxmega2\libm.a(fp_pscA.o)
                0x00002292                __fp_pscA
 .text.avr-libc.fplib
                0x000022a0        0xe c:/program files (x86)/atmel/studio/7.0/toolchain/avr8/avr8-gnu-toolchain/bin/../lib/gcc/avr/5.4.0/../../../../avr/lib/avrxmega2\libm.a(fp_pscB.o)
                0x000022a0                __fp_pscB
 .text.avr-libc.fplib
                0x000022ae       0x22 c:/program files (x86)/atmel/studio/7.0/toolchain/avr8/avr8-gnu-toolchain/bin/../lib/gcc/avr/5.4.0/../../../../avr/lib/avrxmega2\libm.a(fp_round.o)
                0x000022ae                __fp_round
 .text.avr-libc.fplib
                0x000022d0       0x44 c:/program files (x86)/atmel/studio/7.0/toolchain/avr8/avr8-gnu-toolchain/bin/../lib/gcc/avr/5.4.0/../../../../avr/lib/avrxmega2\libm.a(fp_split3.o)
                0x000022d0                __fp_split3
                0x000022e0                __fp_splitA
 .text.avr-libc.fplib
                0x00002314        0xe c:/program files (x86)/atmel/studio/7.0/toolchain/avr8/avr8-gnu-toolchain/bin/../lib/gcc/avr/5.4.0/../../../../avr/lib/avrxmega2\libm.a(fp_zero.o)
                0x00002314                __fp_zero
                0x00002316                __fp_szero
 .text.avr-libc.fplib
                0x00002322        0x8 c:/program files (x86)/atmel/studio/7.0/toolchain/avr8/avr8-gnu-toolchain/bin/../lib/gcc/avr/5.4.0/../../../../avr/lib/avrxmega2\libm.a(mulsf3.o)
                0x00002322                __mulsf3
 .text.avr-libc.fplib
                0x0000232a       0xd2 c:/program files (x86)/atmel/studio/7.0/toolchain/avr8/avr8-gnu-toolchain/bin/../lib/gcc/avr/5.4.0/../../../../avr/lib/avrxmega2\libm.a(mulsf3x.o)
                0x00002348                __mulsf3x
                0x0000234e                __mulsf3_pse
 .text.libgcc.div
                0x000023fc       0x28 c:/program files (x86)/atmel/studio/7.0/toolchain/avr8/avr8-gnu-toolchain/bin/../lib/gcc/avr/5.4.0/avrxmega2\libgcc.a(_divmodhi4.o)
                0x000023fc                _div
                0x000023fc                __divmodhi4
 .text.libgcc.div
                0x00002424       0x44 c:/program files (x86)/atmel/studio/7.0/toolchain/avr8/avr8-gnu-toolchain/bin/../lib/gcc/avr/5.4.0/avrxmega2\libgcc.a(_udivmodsi4.o)
                0x00002424                __udivmodsi4
 .text.libgcc.div
                0x00002468       0x2e c:/program files (x86)/atmel/studio/7.0/toolchain/avr8/avr8-gnu-toolchain/bin/../lib/gcc/avr/5.4.0/avrxmega2\libgcc.a(_divmodsi4.o)
                0x00002468                __divmodsi4
 .text.libgcc.div
                0x00002496       0x10 c:/program files (x86)/atmel/studio/7.0/toolchain/avr8/avr8-gnu-toolchain/bin/../lib/gcc/avr/5.4.0/avrxmega2\libgcc.a(_negsi2.o)
                0x00002496                __negsi2
 .text.libgcc.mul
                0x000024a6       0x1e c:/program files (x86)/atmel/studio/7.0/toolchain/avr8/avr8-gnu-toolchain/bin/../lib/gcc/avr/5.4.0/avrxmega2\libgcc.a(_umulhisi3.o)
                0x000024a6                __umulhisi3
 .text.libgcc.builtins
                0x000024c4       0x32 c:/program files (x86)/atmel/studio/7.0/toolchain/avr8/avr8-gnu-toolchain/bin/../lib/gcc/avr/5.4.0/avrxmega2\libgcc.a(_ashldi3.o)
                0x000024c4                __ashldi3
 .text.libgcc.builtins
                0x000024f6       0x3c c:/program files (x86)/atmel/studio/7.0/toolchain/avr8/avr8-gnu-toolchain/bin/../lib/gcc/avr/5.4.0/avrxmega2\libgcc.a(_ashrdi3.o)
                0x000024f6                __ashrdi3
                0x000024fa                __lshrdi3
 .text.libgcc   0x00002532       0x18 c:/program files (x86)/atmel/studio/7.0/toolchain/avr8/avr8-gnu-toolchain/bin/../lib/gcc/avr/5.4.0/avrxmega2\libgcc.a(_adddi3_s8.o)
                0x00002532                __adddi3_s8
 .text.libgcc   0x0000254a       0x18 c:/program files (x86)/atmel/studio/7.0/toolchain/avr8/avr8-gnu-toolchain/bin/../lib/gcc/avr/5.4.0/avrxmega2\libgcc.a(_cmpdi2_s8.o)
                0x0000254a                __cmpdi2_s8
 .text.libgcc.div
                0x00002562       0x28 c:/program files (x86)/atmel/studio/7.0/toolchain/avr8/avr8-gnu-toolchain/bin/../lib/gcc/avr/5.4.0/avrxmega2\libgcc.a(_udivmodhi4.o)
                0x00002562                __udivmodhi4
 .text.avr-libc
                0x0000258a      0x22c c:/program files (x86)/atmel/studio/7.0/toolchain/avr8/avr8-gnu-toolchain/bin/../lib/gcc/avr/5.4.0/../../../../avr/lib/avrxmega2\libc.a(strtol.o)
                0x0000258a                strtol
 .text.avr-libc
                0x000027b6       0x12 c:/program files (x86)/atmel/studio/7.0/toolchain/avr8/avr8-gnu-toolchain/bin/../lib/gcc/avr/5.4.0/../../../../avr/lib/avrxmega2\libc.a(isspace.o)
                0x000027b6                isspace
 .text.avr-libc
                0x000027c8       0x12 c:/program files (x86)/atmel/studio/7.0/toolchain/avr8/avr8-gnu-toolchain/bin/../lib/gcc/avr/5.4.0/../../../../avr/lib/avrxmega2\libc.a(memcpy.o)
                0x000027c8                memcpy
 .text.avr-libc
                0x000027da       0x12 c:/program files (x86)/atmel/studio/7.0/toolchain/avr8/avr8-gnu-toolchain/bin/../lib/gcc/avr/5.4.0/../../../../avr/lib/avrxmega2\libc.a(strcmp.o)
                0x000027da                strcmp
 .text.avr-libc
                0x000027ec        0xe c:/program files (x86)/atmel/studio/7.0/toolchain/avr8/avr8-gnu-toolchain/bin/../lib/gcc/avr/5.4.0/../../../../avr/lib/avrxmega2\libc.a(strcpy.o)
                0x000027ec                strcpy
 .text.avr-libc
                0x000027fa       0x1c c:/program files (x86)/atmel/studio/7.0/toolchain/avr8/avr8-gnu-toolchain/bin/../lib/gcc/avr/5.4.0/../../../../avr/lib/avrxmega2\libc.a(strncmp.o)
                0x000027fa                strncmp
 .text.avr-libc
                0x00002816       0x1e c:/program files (x86)/atmel/studio/7.0/toolchain/avr8/avr8-gnu-toolchain/bin/../lib/gcc/avr/5.4.0/../../../../avr/lib/avrxmega2\libc.a(strncpy.o)
                0x00002816                strncpy
 .text.avr-libc
                0x00002834       0x58 c:/program files (x86)/atmel/studio/7.0/toolchain/avr8/avr8-gnu-toolchain/bin/../lib/gcc/avr/5.4.0/../../../../avr/lib/avrxmega2\libc.a(vsnprintf.o)
                0x00002834                vsnprintf
 .text.avr-libc
                0x0000288c      0x3c2 c:/program files (x86)/atmel/studio/7.0/toolchain/avr8/avr8-gnu-toolchain/bin/../lib/gcc/avr/5.4.0/../../../../avr/lib/avrxmega2\libc.a(vfprintf_std.o)
                0x0000288c                vfprintf
 .text.avr-libc
                0x00002c4e        0x6 c:/program files (x86)/atmel/studio/7.0/toolchain/avr8/avr8-gnu-toolchain/bin/../lib/gcc/avr/5.4.0/../../../../avr/lib/avrxmega2\libc.a(cty_isfalse.o)
                0x00002c4e                __ctype_isfalse
                0x00002c52                __ctype_istrue
 .text.avr-libc
                0x00002c54       0x16 c:/program files (x86)/atmel/studio/7.0/toolchain/avr8/avr8-gnu-toolchain/bin/../lib/gcc/avr/5.4.0/../../../../avr/lib/avrxmega2\libc.a(strnlen_P.o)
                0x00002c54                strnlen_P
 .text.avr-libc
                0x00002c6a       0x16 c:/program files (x86)/atmel/studio/7.0/toolchain/avr8/avr8-gnu-toolchain/bin/../lib/gcc/avr/5.4.0/../../../../avr/lib/avrxmega2\libc.a(strnlen.o)
                0x00002c6a                strnlen
 .text.avr-libc
                0x00002c80       0x78 c:/program files (x86)/atmel/studio/7.0/toolchain/avr8/avr8-gnu-toolchain/bin/../lib/gcc/avr/5.4.0/../../../../avr/lib/avrxmega2\libc.a(fputc.o)
                0x00002c80                fputc
 .text.avr-libc
                0x00002cf8       0xbc c:/program files (x86)/atmel/studio/7.0/toolchain/avr8/avr8-gnu-toolchain/bin/../lib/gcc/avr/5.4.0/../../../../avr/lib/avrxmega2\libc.a(ultoa_invert.o)
                0x00002cf8                __ultoa_invert
 .text.avr-libc
                0x00002db4        0xc C:/Program Files (x86)/Atmel/Studio/7.0/Packs/Atmel/AVR-Dx_DFP/2.7.321/gcc/dev/avr64dd32/avrxmega2\libavr64dd32.a(ccp_write.o)
                0x00002db4                ccp_write_io
 .text.libgcc.mul
                0x00002dc0       0x20 c:/program files (x86)/atmel/studio/7.0/toolchain/avr8/avr8-gnu-toolchain/bin/../lib/gcc/avr/5.4.0/avrxmega2\libgcc.a(_mulsi3.o)
                0x00002dc0                __mulsi3
 .text.libgcc.mul
                0x00002de0       0x16 c:/program files (x86)/atmel/studio/7.0/toolchain/avr8/avr8-gnu-toolchain/bin/../lib/gcc/avr/5.4.0/avrxmega2\libgcc.a(_muluhisi3.o)
                0x00002de0                __muluhisi3
 .text.libgcc.prologue
                0x00002df6       0x32 c:/program files (x86)/atmel/studio/7.0/toolchain/avr8/avr8-gnu-toolchain/bin/../lib/gcc/avr/5.4.0/avrxmega2\libgcc.a(_prologue.o)
                0x00002df6                __prologue_saves__
 .text.libgcc.prologue
                0x00002e28       0x30 c:/program files (x86)/atmel/studio/7.0/toolchain/avr8/avr8-gnu-toolchain/bin/../lib/gcc/avr/5.4.0/avrxmega2\libgcc.a(_epilogue.o)
                0x00002e28                __epilogue_restores__
                0x00002e58                . = ALIGN (0x2)
 *(.fini9)
 .fini9         0x00002e58        0x0 c:/program files (x86)/atmel/studio/7.0/toolchain/avr8/avr8-gnu-toolchain/bin/../lib/gcc/avr/5.4.0/avrxmega2\libgcc.a(_exit.o)
                0x00002e58                _exit
                0x00002e58                exit
 *(.fini9)
 *(.fini8)
 *(.fini8)
 *(.fini7)
 *(.fini7)
 *(.fini6)
 *(.fini6)
 *(.fini5)
 *(.fini5)
 *(.fini4)
 *(.fini4)
 *(.fini3)
 *(.fini3)
 *(.fini2)
 *(.fini2)
 *(.fini1)
 *(.fini1)
 *(.fini0)
 .fini0         0x00002e58        0x4 c:/program files (x86)/atmel/studio/7.0/toolchain/avr8/avr8-gnu-toolchain/bin/../lib/gcc/avr/5.4.0/avrxmega2\libgcc.a(_exit.o)
 *(.fini0)
                0x00002e5c                _etext = .

.data           0x00806000      0x5cc load address 0x00002e5c
                0x00806000                PROVIDE (__data_start, .)
 *(.data)
 *(.data*)
 .data.StepperMotorCtrl
                0x00806000       0x25 Actions.o
                0x00806000                StepperMotorCtrl
 .data.LinearMotorCtrl
                0x00806025       0x25 Actions.o
                0x00806025                LinearMotorCtrl
 .data.Target   0x0080604a        0xa Actions.o
                0x0080604a                Target
 .data.font     0x00806054      0x325 SSD1306.o
                0x00806054                font
 .data.ssd1306Commands
                0x00806379       0x1a SSD1306.o
                0x00806379                ssd1306Commands
 *(.gnu.linkonce.d*)
 *(.rodata)
 .rodata        0x00806393        0x5 FOUSART.o
 .rodata        0x00806398        0x6 RS485USART.o
 .rodata        0x0080639e       0x18 TCA.o
 *(.rodata*)
 .rodata.crc8_table
                0x008063b6      0x100 CRC.o
                0x008063b6                crc8_table
 .rodata.str1.1
                0x008064b6        0xf FOUSART.o
 .rodata.str1.1
                0x008064c5      0x106 Windows.o
                                0x110 (size before relaxing)
 *(.gnu.linkonce.r*)
                0x008065cc                . = ALIGN (0x2)
 *fill*         0x008065cb        0x1 
                0x008065cc                _edata = .
                0x008065cc                PROVIDE (__data_end, .)

.bss            0x008065cc       0x78
                0x008065cc                PROVIDE (__bss_start, .)
 *(.bss)
 *(.bss*)
 .bss.SensorData
                0x008065cc       0x28 FOUSART.o
                0x008065cc                SensorData
 .bss.I2C       0x008065f4        0x1 i2c.o
                0x008065f4                I2C
 .bss.Joystick  0x008065f5        0x8 Joystick.o
                0x008065f5                Joystick
 .bss.LinearMotor
                0x008065fd        0xb LinearMotor.o
                0x008065fd                LinearMotor
 .bss.WSData    0x00806608        0xd RS485USART.o
                0x00806608                WSData
 .bss.StepperMotor
                0x00806615        0xb StepperMotor.o
                0x00806615                StepperMotor
 .bss.show      0x00806620       0x22 Windows.o
                0x00806620                show
 *(COMMON)
 COMMON         0x00806642        0x2 c:/program files (x86)/atmel/studio/7.0/toolchain/avr8/avr8-gnu-toolchain/bin/../lib/gcc/avr/5.4.0/../../../../avr/lib/avrxmega2\libc.a(errno.o)
                0x00806642                errno
                0x00806644                PROVIDE (__bss_end, .)
                0x00002e5c                __data_load_start = LOADADDR (.data)
                0x00003428                __data_load_end = (__data_load_start + SIZEOF (.data))

.noinit         0x00806644        0x0
                [!provide]                PROVIDE (__noinit_start, .)
 *(.noinit*)
                [!provide]                PROVIDE (__noinit_end, .)
                0x00806644                _end = .
                [!provide]                PROVIDE (__heap_start, .)

.eeprom         0x00810000        0x0
 *(.eeprom*)
                0x00810000                __eeprom_end = .

.fuse
 *(.fuse)
 *(.lfuse)
 *(.hfuse)
 *(.efuse)

.lock
 *(.lock*)

.signature
 *(.signature*)

.user_signatures
 *(.user_signatures*)

.stab
 *(.stab)

.stabstr
 *(.stabstr)

.stab.excl
 *(.stab.excl)

.stab.exclstr
 *(.stab.exclstr)

.stab.index
 *(.stab.index)

.stab.indexstr
 *(.stab.indexstr)

.comment        0x00000000       0x5c
 *(.comment)
 .comment       0x00000000       0x30 Actions.o
                                 0x31 (size before relaxing)
 .comment       0x00000030       0x31 ADC.o
 .comment       0x00000030       0x31 CLK.o
 .comment       0x00000030       0x31 CRC.o
 .comment       0x00000030       0x31 FOUSART.o
 .comment       0x00000030       0x31 GPIO.o
 .comment       0x00000030       0x31 i2c.o
 .comment       0x00000030       0x31 Joystick.o
 .comment       0x00000030       0x31 LinearMotor.o
 .comment       0x00000030       0x31 main.o
 .comment       0x00000030       0x31 RS485LED.o
 .comment       0x00000030       0x31 RS485USART.o
 .comment       0x00000030       0x31 SSD1306.o
 .comment       0x00000030       0x31 StepperMotor.o
 .comment       0x00000030       0x31 TCA.o
 .comment       0x00000030       0x31 TCD.o
 .comment       0x00000030       0x31 USART.o
 .comment       0x00000030       0x31 Windows.o
 .comment       0x00000030       0x31 c:/program files (x86)/atmel/studio/7.0/toolchain/avr8/avr8-gnu-toolchain/bin/../lib/gcc/avr/5.4.0/../../../../avr/lib/avrxmega2\libc.a(strtol.o)
 .comment       0x00000030       0x31 c:/program files (x86)/atmel/studio/7.0/toolchain/avr8/avr8-gnu-toolchain/bin/../lib/gcc/avr/5.4.0/../../../../avr/lib/avrxmega2\libc.a(vsnprintf.o)
 .comment       0x00000030       0x2c c:/program files (x86)/atmel/studio/7.0/toolchain/avr8/avr8-gnu-toolchain/bin/../lib/gcc/avr/5.4.0/../../../../avr/lib/avrxmega2\libc.a(vfprintf_std.o)
                                 0x2d (size before relaxing)
 .comment       0x0000005c       0x2d c:/program files (x86)/atmel/studio/7.0/toolchain/avr8/avr8-gnu-toolchain/bin/../lib/gcc/avr/5.4.0/../../../../avr/lib/avrxmega2\libc.a(errno.o)
 .comment       0x0000005c       0x31 c:/program files (x86)/atmel/studio/7.0/toolchain/avr8/avr8-gnu-toolchain/bin/../lib/gcc/avr/5.4.0/../../../../avr/lib/avrxmega2\libc.a(fputc.o)

.note.gnu.avr.deviceinfo
                0x00000000       0x3c
 .note.gnu.avr.deviceinfo
                0x00000000       0x3c C:/Program Files (x86)/Atmel/Studio/7.0/Packs/Atmel/AVR-Dx_DFP/2.7.321/gcc/dev/avr64dd32/avrxmega2/crtavr64dd32.o

.note.gnu.build-id
 *(.note.gnu.build-id)

.debug
 *(.debug)

.line
 *(.line)

.debug_srcinfo
 *(.debug_srcinfo)

.debug_sfnames
 *(.debug_sfnames)

.debug_aranges  0x00000000      0x470
 *(.debug_aranges)
 .debug_aranges
                0x00000000       0x50 Actions.o
 .debug_aranges
                0x00000050       0x50 ADC.o
 .debug_aranges
                0x000000a0       0x28 CLK.o
 .debug_aranges
                0x000000c8       0x30 CRC.o
 .debug_aranges
                0x000000f8       0x30 FOUSART.o
 .debug_aranges
                0x00000128       0x20 GPIO.o
 .debug_aranges
                0x00000148       0x50 i2c.o
 .debug_aranges
                0x00000198       0x38 Joystick.o
 .debug_aranges
                0x000001d0       0x60 LinearMotor.o
 .debug_aranges
                0x00000230       0x20 main.o
 .debug_aranges
                0x00000250       0x20 RS485LED.o
 .debug_aranges
                0x00000270       0x28 RS485USART.o
 .debug_aranges
                0x00000298       0x78 SSD1306.o
 .debug_aranges
                0x00000310       0x68 StepperMotor.o
 .debug_aranges
                0x00000378       0x20 TCA.o
 .debug_aranges
                0x00000398       0x20 TCD.o
 .debug_aranges
                0x000003b8       0x70 USART.o
 .debug_aranges
                0x00000428       0x28 Windows.o
 .debug_aranges
                0x00000450       0x20 C:/Program Files (x86)/Atmel/Studio/7.0/Packs/Atmel/AVR-Dx_DFP/2.7.321/gcc/dev/avr64dd32/avrxmega2\libavr64dd32.a(ccp_write.o)

.debug_pubnames
 *(.debug_pubnames)

.debug_info     0x00000000     0x935d
 *(.debug_info .gnu.linkonce.wi.*)
 .debug_info    0x00000000     0x22a4 C:/Program Files (x86)/Atmel/Studio/7.0/Packs/Atmel/AVR-Dx_DFP/2.7.321/gcc/dev/avr64dd32/avrxmega2/crtavr64dd32.o
 .debug_info    0x000022a4      0x990 Actions.o
 .debug_info    0x00002c34      0x5b6 ADC.o
 .debug_info    0x000031ea      0x351 CLK.o
 .debug_info    0x0000353b      0x1e9 CRC.o
 .debug_info    0x00003724      0x650 FOUSART.o
 .debug_info    0x00003d74      0x443 GPIO.o
 .debug_info    0x000041b7      0x5f5 i2c.o
 .debug_info    0x000047ac      0x4be Joystick.o
 .debug_info    0x00004c6a      0xc2d LinearMotor.o
 .debug_info    0x00005897      0x267 main.o
 .debug_info    0x00005afe      0x2a2 RS485LED.o
 .debug_info    0x00005da0      0x5a8 RS485USART.o
 .debug_info    0x00006348      0x818 SSD1306.o
 .debug_info    0x00006b60      0x9db StepperMotor.o
 .debug_info    0x0000753b      0x921 TCA.o
 .debug_info    0x00007e5c      0x5cc TCD.o
 .debug_info    0x00008428      0x8a6 USART.o
 .debug_info    0x00008cce      0x5e6 Windows.o
 .debug_info    0x000092b4       0xa9 C:/Program Files (x86)/Atmel/Studio/7.0/Packs/Atmel/AVR-Dx_DFP/2.7.321/gcc/dev/avr64dd32/avrxmega2\libavr64dd32.a(ccp_write.o)

.debug_abbrev   0x00000000     0x3ca2
 *(.debug_abbrev)
 .debug_abbrev  0x00000000     0x20ce C:/Program Files (x86)/Atmel/Studio/7.0/Packs/Atmel/AVR-Dx_DFP/2.7.321/gcc/dev/avr64dd32/avrxmega2/crtavr64dd32.o
 .debug_abbrev  0x000020ce      0x1c9 Actions.o
 .debug_abbrev  0x00002297      0x193 ADC.o
 .debug_abbrev  0x0000242a       0xe5 CLK.o
 .debug_abbrev  0x0000250f      0x10d CRC.o
 .debug_abbrev  0x0000261c      0x1b5 FOUSART.o
 .debug_abbrev  0x000027d1       0xbc GPIO.o
 .debug_abbrev  0x0000288d      0x1df i2c.o
 .debug_abbrev  0x00002a6c      0x178 Joystick.o
 .debug_abbrev  0x00002be4      0x285 LinearMotor.o
 .debug_abbrev  0x00002e69       0xfe main.o
 .debug_abbrev  0x00002f67       0xcb RS485LED.o
 .debug_abbrev  0x00003032      0x1a2 RS485USART.o
 .debug_abbrev  0x000031d4      0x1ca SSD1306.o
 .debug_abbrev  0x0000339e      0x269 StepperMotor.o
 .debug_abbrev  0x00003607      0x150 TCA.o
 .debug_abbrev  0x00003757      0x13c TCD.o
 .debug_abbrev  0x00003893      0x2ac USART.o
 .debug_abbrev  0x00003b3f      0x14f Windows.o
 .debug_abbrev  0x00003c8e       0x14 C:/Program Files (x86)/Atmel/Studio/7.0/Packs/Atmel/AVR-Dx_DFP/2.7.321/gcc/dev/avr64dd32/avrxmega2\libavr64dd32.a(ccp_write.o)

.debug_line     0x00000000     0x3032
 *(.debug_line .debug_line.* .debug_line_end)
 .debug_line    0x00000000      0x16f C:/Program Files (x86)/Atmel/Studio/7.0/Packs/Atmel/AVR-Dx_DFP/2.7.321/gcc/dev/avr64dd32/avrxmega2/crtavr64dd32.o
 .debug_line    0x0000016f      0x46e Actions.o
 .debug_line    0x000005dd      0x206 ADC.o
 .debug_line    0x000007e3      0x1a7 CLK.o
 .debug_line    0x0000098a      0x1c2 CRC.o
 .debug_line    0x00000b4c      0x2ae FOUSART.o
 .debug_line    0x00000dfa      0x17d GPIO.o
 .debug_line    0x00000f77      0x33e i2c.o
 .debug_line    0x000012b5      0x1d9 Joystick.o
 .debug_line    0x0000148e      0x331 LinearMotor.o
 .debug_line    0x000017bf      0x185 main.o
 .debug_line    0x00001944      0x13f RS485LED.o
 .debug_line    0x00001a83      0x26c RS485USART.o
 .debug_line    0x00001cef      0x4ca SSD1306.o
 .debug_line    0x000021b9      0x342 StepperMotor.o
 .debug_line    0x000024fb      0x18c TCA.o
 .debug_line    0x00002687      0x1a1 TCD.o
 .debug_line    0x00002828      0x395 USART.o
 .debug_line    0x00002bbd      0x40e Windows.o
 .debug_line    0x00002fcb       0x67 C:/Program Files (x86)/Atmel/Studio/7.0/Packs/Atmel/AVR-Dx_DFP/2.7.321/gcc/dev/avr64dd32/avrxmega2\libavr64dd32.a(ccp_write.o)

.debug_frame    0x00000000      0xd08
 *(.debug_frame)
 .debug_frame   0x00000000      0x11c Actions.o
 .debug_frame   0x0000011c       0x84 ADC.o
 .debug_frame   0x000001a0       0x34 CLK.o
 .debug_frame   0x000001d4       0xb0 CRC.o
 .debug_frame   0x00000284       0xbc FOUSART.o
 .debug_frame   0x00000340       0x24 GPIO.o
 .debug_frame   0x00000364      0x104 i2c.o
 .debug_frame   0x00000468       0x68 Joystick.o
 .debug_frame   0x000004d0       0xb8 LinearMotor.o
 .debug_frame   0x00000588       0x24 main.o
 .debug_frame   0x000005ac       0x24 RS485LED.o
 .debug_frame   0x000005d0       0x8c RS485USART.o
 .debug_frame   0x0000065c      0x184 SSD1306.o
 .debug_frame   0x000007e0       0xc8 StepperMotor.o
 .debug_frame   0x000008a8       0x68 TCA.o
 .debug_frame   0x00000910       0x4c TCD.o
 .debug_frame   0x0000095c      0x120 USART.o
 .debug_frame   0x00000a7c      0x28c Windows.o

.debug_str      0x00000000     0x32bb
 *(.debug_str)
 .debug_str     0x00000000      0xefb C:/Program Files (x86)/Atmel/Studio/7.0/Packs/Atmel/AVR-Dx_DFP/2.7.321/gcc/dev/avr64dd32/avrxmega2/crtavr64dd32.o
 .debug_str     0x00000efb      0x589 Actions.o
                                0x64f (size before relaxing)
 .debug_str     0x00001484      0x64f ADC.o
                                0x819 (size before relaxing)
 .debug_str     0x00001ad3      0x274 CLK.o
                                0x446 (size before relaxing)
 .debug_str     0x00001d47       0x77 CRC.o
                                0x22a (size before relaxing)
 .debug_str     0x00001dbe       0xb5 FOUSART.o
                                0x37e (size before relaxing)
 .debug_str     0x00001e73      0x3ee GPIO.o
                                0x5b2 (size before relaxing)
 .debug_str     0x00002261      0x2c7 i2c.o
                                0x498 (size before relaxing)
 .debug_str     0x00002528       0x6f Joystick.o
                                0x5b5 (size before relaxing)
 .debug_str     0x00002597      0x286 LinearMotor.o
                                0x662 (size before relaxing)
 .debug_str     0x0000281d       0x6e main.o
                                0x2a0 (size before relaxing)
 .debug_str     0x0000288b       0x50 RS485LED.o
                                0x2cd (size before relaxing)
 .debug_str     0x000028db       0x34 RS485USART.o
                                0x321 (size before relaxing)
 .debug_str     0x0000290f      0x1cf SSD1306.o
                                0x3e2 (size before relaxing)
 .debug_str     0x00002ade      0x1e9 StepperMotor.o
                                0x60e (size before relaxing)
 .debug_str     0x00002cc7      0x147 TCA.o
                                0x5de (size before relaxing)
 .debug_str     0x00002e0e      0x135 TCD.o
                                0x4d3 (size before relaxing)
 .debug_str     0x00002f43      0x34d USART.o
                                0x76a (size before relaxing)
 .debug_str     0x00003290       0x2b Windows.o
                                0x4f1 (size before relaxing)

.debug_loc      0x00000000     0x3473
 *(.debug_loc)
 .debug_loc     0x00000000      0x4bf Actions.o
 .debug_loc     0x000004bf       0x74 ADC.o
 .debug_loc     0x00000533      0x3da CRC.o
 .debug_loc     0x0000090d      0x53a FOUSART.o
 .debug_loc     0x00000e47      0x629 i2c.o
 .debug_loc     0x00001470       0x49 Joystick.o
 .debug_loc     0x000014b9      0x194 LinearMotor.o
 .debug_loc     0x0000164d       0x73 main.o
 .debug_loc     0x000016c0       0x6c RS485LED.o
 .debug_loc     0x0000172c      0x301 RS485USART.o
 .debug_loc     0x00001a2d      0x74c SSD1306.o
 .debug_loc     0x00002179      0x152 StepperMotor.o
 .debug_loc     0x000022cb      0x212 TCA.o
 .debug_loc     0x000024dd      0x13c TCD.o
 .debug_loc     0x00002619      0x37c USART.o
 .debug_loc     0x00002995      0xade Windows.o

.debug_macinfo
 *(.debug_macinfo)

.debug_weaknames
 *(.debug_weaknames)

.debug_funcnames
 *(.debug_funcnames)

.debug_typenames
 *(.debug_typenames)

.debug_varnames
 *(.debug_varnames)

.debug_pubtypes
 *(.debug_pubtypes)

.debug_ranges   0x00000000      0x3f0
 *(.debug_ranges)
 .debug_ranges  0x00000000       0x40 Actions.o
 .debug_ranges  0x00000040       0x40 ADC.o
 .debug_ranges  0x00000080       0x18 CLK.o
 .debug_ranges  0x00000098       0x38 CRC.o
 .debug_ranges  0x000000d0       0x50 FOUSART.o
 .debug_ranges  0x00000120       0x10 GPIO.o
 .debug_ranges  0x00000130       0x58 i2c.o
 .debug_ranges  0x00000188       0x28 Joystick.o
 .debug_ranges  0x000001b0       0x50 LinearMotor.o
 .debug_ranges  0x00000200       0x10 main.o
 .debug_ranges  0x00000210       0x10 RS485LED.o
 .debug_ranges  0x00000220       0x48 RS485USART.o
 .debug_ranges  0x00000268       0x68 SSD1306.o
 .debug_ranges  0x000002d0       0x58 StepperMotor.o
 .debug_ranges  0x00000328       0x10 TCA.o
 .debug_ranges  0x00000338       0x10 TCD.o
 .debug_ranges  0x00000348       0x60 USART.o
 .debug_ranges  0x000003a8       0x48 Windows.o

.debug_macro
 *(.debug_macro)
OUTPUT(AVR64DD32-MAIN-Controller.elf elf32-avr)
LOAD linker stubs
