Archive member included to satisfy reference by file (symbol)

c:/program files (x86)/atmel/studio/7.0/toolchain/avr8/avr8-gnu-toolchain/bin/../lib/gcc/avr/5.4.0/../../../../avr/lib/avrxmega2\libm.a(addsf3.o)
                              RTC.o (__addsf3)
c:/program files (x86)/atmel/studio/7.0/toolchain/avr8/avr8-gnu-toolchain/bin/../lib/gcc/avr/5.4.0/../../../../avr/lib/avrxmega2\libm.a(addsf3x.o)
                              c:/program files (x86)/atmel/studio/7.0/toolchain/avr8/avr8-gnu-toolchain/bin/../lib/gcc/avr/5.4.0/../../../../avr/lib/avrxmega2\libm.a(addsf3.o) (__addsf3x)
c:/program files (x86)/atmel/studio/7.0/toolchain/avr8/avr8-gnu-toolchain/bin/../lib/gcc/avr/5.4.0/../../../../avr/lib/avrxmega2\libm.a(divsf3.o)
                              TCD.o (__divsf3)
c:/program files (x86)/atmel/studio/7.0/toolchain/avr8/avr8-gnu-toolchain/bin/../lib/gcc/avr/5.4.0/../../../../avr/lib/avrxmega2\libm.a(divsf3x.o)
                              c:/program files (x86)/atmel/studio/7.0/toolchain/avr8/avr8-gnu-toolchain/bin/../lib/gcc/avr/5.4.0/../../../../avr/lib/avrxmega2\libm.a(divsf3.o) (__divsf3x)
c:/program files (x86)/atmel/studio/7.0/toolchain/avr8/avr8-gnu-toolchain/bin/../lib/gcc/avr/5.4.0/../../../../avr/lib/avrxmega2\libm.a(fixunssfsi.o)
                              ADC.o (__fixunssfsi)
c:/program files (x86)/atmel/studio/7.0/toolchain/avr8/avr8-gnu-toolchain/bin/../lib/gcc/avr/5.4.0/../../../../avr/lib/avrxmega2\libm.a(floatsisf.o)
                              ADC.o (__floatunsisf)
c:/program files (x86)/atmel/studio/7.0/toolchain/avr8/avr8-gnu-toolchain/bin/../lib/gcc/avr/5.4.0/../../../../avr/lib/avrxmega2\libm.a(fp_inf.o)
                              c:/program files (x86)/atmel/studio/7.0/toolchain/avr8/avr8-gnu-toolchain/bin/../lib/gcc/avr/5.4.0/../../../../avr/lib/avrxmega2\libm.a(addsf3x.o) (__fp_inf)
c:/program files (x86)/atmel/studio/7.0/toolchain/avr8/avr8-gnu-toolchain/bin/../lib/gcc/avr/5.4.0/../../../../avr/lib/avrxmega2\libm.a(fp_nan.o)
                              c:/program files (x86)/atmel/studio/7.0/toolchain/avr8/avr8-gnu-toolchain/bin/../lib/gcc/avr/5.4.0/../../../../avr/lib/avrxmega2\libm.a(addsf3x.o) (__fp_nan)
c:/program files (x86)/atmel/studio/7.0/toolchain/avr8/avr8-gnu-toolchain/bin/../lib/gcc/avr/5.4.0/../../../../avr/lib/avrxmega2\libm.a(fp_pscA.o)
                              c:/program files (x86)/atmel/studio/7.0/toolchain/avr8/avr8-gnu-toolchain/bin/../lib/gcc/avr/5.4.0/../../../../avr/lib/avrxmega2\libm.a(addsf3x.o) (__fp_pscA)
c:/program files (x86)/atmel/studio/7.0/toolchain/avr8/avr8-gnu-toolchain/bin/../lib/gcc/avr/5.4.0/../../../../avr/lib/avrxmega2\libm.a(fp_pscB.o)
                              c:/program files (x86)/atmel/studio/7.0/toolchain/avr8/avr8-gnu-toolchain/bin/../lib/gcc/avr/5.4.0/../../../../avr/lib/avrxmega2\libm.a(addsf3x.o) (__fp_pscB)
c:/program files (x86)/atmel/studio/7.0/toolchain/avr8/avr8-gnu-toolchain/bin/../lib/gcc/avr/5.4.0/../../../../avr/lib/avrxmega2\libm.a(fp_round.o)
                              c:/program files (x86)/atmel/studio/7.0/toolchain/avr8/avr8-gnu-toolchain/bin/../lib/gcc/avr/5.4.0/../../../../avr/lib/avrxmega2\libm.a(addsf3.o) (__fp_round)
c:/program files (x86)/atmel/studio/7.0/toolchain/avr8/avr8-gnu-toolchain/bin/../lib/gcc/avr/5.4.0/../../../../avr/lib/avrxmega2\libm.a(fp_split3.o)
                              c:/program files (x86)/atmel/studio/7.0/toolchain/avr8/avr8-gnu-toolchain/bin/../lib/gcc/avr/5.4.0/../../../../avr/lib/avrxmega2\libm.a(addsf3x.o) (__fp_split3)
c:/program files (x86)/atmel/studio/7.0/toolchain/avr8/avr8-gnu-toolchain/bin/../lib/gcc/avr/5.4.0/../../../../avr/lib/avrxmega2\libm.a(fp_zero.o)
                              c:/program files (x86)/atmel/studio/7.0/toolchain/avr8/avr8-gnu-toolchain/bin/../lib/gcc/avr/5.4.0/../../../../avr/lib/avrxmega2\libm.a(addsf3x.o) (__fp_zero)
c:/program files (x86)/atmel/studio/7.0/toolchain/avr8/avr8-gnu-toolchain/bin/../lib/gcc/avr/5.4.0/../../../../avr/lib/avrxmega2\libm.a(mulsf3.o)
                              ADC.o (__mulsf3)
c:/program files (x86)/atmel/studio/7.0/toolchain/avr8/avr8-gnu-toolchain/bin/../lib/gcc/avr/5.4.0/../../../../avr/lib/avrxmega2\libm.a(mulsf3x.o)
                              c:/program files (x86)/atmel/studio/7.0/toolchain/avr8/avr8-gnu-toolchain/bin/../lib/gcc/avr/5.4.0/../../../../avr/lib/avrxmega2\libm.a(mulsf3.o) (__mulsf3x)
c:/program files (x86)/atmel/studio/7.0/toolchain/avr8/avr8-gnu-toolchain/bin/../lib/gcc/avr/5.4.0/avrxmega2\libgcc.a(_divmodhi4.o)
                              Actions.o (__divmodhi4)
c:/program files (x86)/atmel/studio/7.0/toolchain/avr8/avr8-gnu-toolchain/bin/../lib/gcc/avr/5.4.0/avrxmega2\libgcc.a(_udivmodsi4.o)
                              TCA.o (__udivmodsi4)
c:/program files (x86)/atmel/studio/7.0/toolchain/avr8/avr8-gnu-toolchain/bin/../lib/gcc/avr/5.4.0/avrxmega2\libgcc.a(_divmodsi4.o)
                              TCA.o (__divmodsi4)
[...]
Memory Configuration

Name             Origin             Length             Attributes
text             0x00000000         0x00010000         xr
data             0x00806000         0x00002000         rw !x
eeprom           0x00810000         0x00000100         rw !x
fuse             0x00820000         0x00000010         rw !x
lock             0x00830000         0x00000400         rw !x
signature        0x00840000         0x00000400         rw !x
user_signatures  0x00850000         0x00000400         rw !x
*default*        0x00000000         0xffffffff

Linker script and memory map

Address of section .data set to 0x806000
                0x00008000                __RODATA_PM_OFFSET__ = 0x8000
LOAD C:/Program Files (x86)/Atmel/Studio/7.0/Packs/Atmel/AVR-Dx_DFP/2.7.321/gcc/dev/avr64dd32/avrxmega2/crtavr64dd32.o
LOAD Actions.o
LOAD ADC.o
LOAD CLK.o
LOAD CRC.o
LOAD FOUSART.o
LOAD GPIO.o
LOAD i2c.o
LOAD Joystick.o
LOAD LinearMotor.o
LOAD main.o
LOAD RS485LED.o
LOAD RS485USART.o
LOAD RTC.o
LOAD SSD1306.o
LOAD StepperMotor.o
LOAD TCA.o
LOAD TCD.o
LOAD USART.o
LOAD Windows.o
START GROUP
LOAD c:/program files (x86)/atmel/studio/7.0/toolchain/avr8/avr8-gnu-toolchain/bin/../lib/gcc/avr/5.4.0/../../../../avr/lib/avrxmega2\libm.a
END GROUP
START GROUP
LOAD c:/program files (x86)/atmel/studio/7.0/toolchain/avr8/avr8-gnu-toolchain/bin/../lib/gcc/avr/5.4.0/avrxmega2\libgcc.a
LOAD c:/program files (x86)/atmel/studio/7.0/toolchain/avr8/avr8-gnu-toolchain/bin/../lib/gcc/avr/5.4.0/../../../../avr/lib/avrxmega2\libm.a
LOAD c:/program files (x86)/atmel/studio/7.0/toolchain/avr8/avr8-gnu-toolchain/bin/../lib/gcc/avr/5.4.0/../../../../avr/lib/avrxmega2\libc.a
LOAD C:/Program Files (x86)/Atmel/Studio/7.0/Packs/Atmel/AVR-Dx_DFP/2.7.321/gcc/dev/avr64dd32/avrxmega2\libavr64dd32.a
END GROUP
                [0x00000000]                __TEXT_REGION_ORIGIN__ = DEFINED (__TEXT_REGION_ORIGIN__)?__TEXT_REGION_ORIGIN__:0x0
                [0x00806000]                __DATA_REGION_ORIGIN__ = DEFINED (__DATA_REGION_ORIGIN__)?__DATA_REGION_ORIGIN__:0x802000
                [0x00010000]                __TEXT_REGION_LENGTH__ = DEFINED (__TEXT_REGION_LENGTH__)?__TEXT_REGION_LENGTH__:0x100000
                [0x00002000]                __DATA_REGION_LENGTH__ = DEFINED (__DATA_REGION_LENGTH__)?__DATA_REGION_LENGTH__:0xffa0
                [0x00000100]                __EEPROM_REGION_LENGTH__ = DEFINED (__EEPROM_REGION_LENGTH__)?__EEPROM_REGION_LENGTH__:0x10000
                [0x00000010]                __FUSE_REGION_LENGTH__ = DEFINED (__FUSE_REGION_LENGTH__)?__FUSE_REGION_LENGTH__:0x400
                0x00000400                __LOCK_REGION_LENGTH__ = DEFINED (__LOCK_REGION_LENGTH__)?__LOCK_REGION_LENGTH__:0x400
                0x00000400                __SIGNATURE_REGION_LENGTH__ = DEFINED (__SIGNATURE_REGION_LENGTH__)?__SIGNATURE_REGION_LENGTH__:0x400
                0x00000400                __USER_SIGNATURE_REGION_LENGTH__ = DEFINED (__USER_SIGNATURE_REGION_LENGTH__)?__USER_SIGNATURE_REGION_LENGTH__:0x400

.hash
 *(.hash)

.dynsym
 *(.dynsym)

.dynstr
 *(.dynstr)

.gnu.version
 *(.gnu.version)

.gnu.version_d
 *(.gnu.version_d)

.gnu.version_r
 *(.gnu.version_r)

.rel.init
 *(.rel.init)

.rela.init
 *(.rela.init)

.rel.text
 *(.rel.text)
 *(.rel.text.*)
 *(.rel.gnu.linkonce.t*)

.rela.text
 *(.rela.text)
 *(.rela.text.*)
 *(.rela.gnu.linkonce.t*)

.rel.fini
 *(.rel.fini)

.rela.fini
 *(.rela.fini)

.rel.rodata
 *(.rel.rodata)
 *(.rel.rodata.*)
 *(.rel.gnu.linkonce.r*)

.rela.rodata
 *(.rela.rodata)
 *(.rela.rodata.*)
 *(.rela.gnu.linkonce.r*)

.rel.data
 *(.rel.data)
 *(.rel.data.*)
 *(.rel.gnu.linkonce.d*)

.rela.data
 *(.rela.data)
 *(.rela.data.*)
 *(.rela.gnu.linkonce.d*)

.rel.ctors
 *(.rel.ctors)

.rela.ctors
 *(.rela.ctors)

.rel.dtors
 *(.rel.dtors)

.rela.dtors
 *(.rela.dtors)

.rel.got
 *(.rel.got)

.rela.got
 *(.rela.got)

.rel.bss
 *(.rel.bss)

.rela.bss
 *(.rela.bss)

.rel.plt
 *(.rel.plt)

.rela.plt
 *(.rela.plt)

.text           0x00000000     0x3572
 *(.vectors)
 .vectors       0x00000000       0x90 C:/Program Files (x86)/Atmel/Studio/7.0/Packs/Atmel/AVR-Dx_DFP/2.7.321/gcc/dev/avr64dd32/avrxmega2/crtavr64dd32.o
                0x00000000                __vector_default
                0x00000000                __vectors
 *(.vectors)
 *(.progmem.gcc*)
                0x00000090                . = ALIGN (0x2)
                0x00000090                __trampolines_start = .
 *(.trampolines)
 .trampolines   0x00000090        0x0 linker stubs
 *(.trampolines*)
                0x00000090                __trampolines_end = .
 *libprintf_flt.a:*(.progmem.data)
 *libc.a:*(.progmem.data)
 *(.progmem*)
                0x00000090                . = ALIGN (0x2)
 *(.jumptables)
 *(.jumptables*)
 *(.lowtext)
 *(.lowtext*)
                0x00000090                __ctors_start = .
 *(.ctors)
                0x00000090                __ctors_end = .
                0x00000090                __dtors_start = .
 *(.dtors)
                0x00000090                __dtors_end = .
 SORT(*)(.ctors)
 SORT(*)(.dtors)
 *(.init0)
 .init0         0x00000090        0x0 C:/Program Files (x86)/Atmel/Studio/7.0/Packs/Atmel/AVR-Dx_DFP/2.7.321/gcc/dev/avr64dd32/avrxmega2/crtavr64dd32.o
                0x00000090                __init
 *(.init0)
 *(.init1)
 *(.init1)
 *(.init2)
 .init2         0x00000090        0xc C:/Program Files (x86)/Atmel/Studio/7.0/Packs/Atmel/AVR-Dx_DFP/2.7.321/gcc/dev/avr64dd32/avrxmega2/crtavr64dd32.o
 *(.init2)
 *(.init3)
 *(.init3)
 *(.init4)
 .init4         0x0000009c       0x16 c:/program files (x86)/atmel/studio/7.0/toolchain/avr8/avr8-gnu-toolchain/bin/../lib/gcc/avr/5.4.0/avrxmega2\libgcc.a(_copy_data.o)
                0x0000009c                __do_copy_data
 .init4         0x000000b2       0x10 c:/program files (x86)/atmel/studio/7.0/toolchain/avr8/avr8-gnu-toolchain/bin/../lib/gcc/avr/5.4.0/avrxmega2\libgcc.a(_clear_bss.o)
                0x000000b2                __do_clear_bss
 *(.init4)
 *(.init5)
 *(.init5)
 *(.init6)
 *(.init6)
 *(.init7)
 *(.init7)
 *(.init8)
 *(.init8)
 *(.init9)
 .init9         0x000000c2        0x8 C:/Program Files (x86)/Atmel/Studio/7.0/Packs/Atmel/AVR-Dx_DFP/2.7.321/gcc/dev/avr64dd32/avrxmega2/crtavr64dd32.o
 *(.init9)
 *(.text)
 .text          0x000000ca        0x4 C:/Program Files (x86)/Atmel/Studio/7.0/Packs/Atmel/AVR-Dx_DFP/2.7.321/gcc/dev/avr64dd32/avrxmega2/crtavr64dd32.o
                0x000000ca                __vector_22
                0x000000ca                __vector_28
                0x000000ca                __vector_1
                0x000000ca                __vector_32
                0x000000ca                __vector_34
                0x000000ca                __vector_24
                0x000000ca                __vector_12
                0x000000ca                __bad_interrupt
                0x000000ca                __vector_6
                0x000000ca                __vector_31
                0x000000ca                __vector_35
                0x000000ca                __vector_3
                0x000000ca                __vector_23
                0x000000ca                __vector_30
                0x000000ca                __vector_25
                0x000000ca                __vector_11
                0x000000ca                __vector_13
                0x000000ca                __vector_17
                0x000000ca                __vector_19
                0x000000ca                __vector_7
                0x000000ca                __vector_27
                0x000000ca                __vector_5
                0x000000ca                __vector_33
                0x000000ca                __vector_4
                0x000000ca                __vector_9
                0x000000ca                __vector_2
                0x000000ca                __vector_21
                0x000000ca                __vector_15
                0x000000ca                __vector_29
                0x000000ca                __vector_8
                0x000000ca                __vector_26
                0x000000ca                __vector_14
                0x000000ca                __vector_10
                0x000000ca                __vector_16
                0x000000ca                __vector_18
                0x000000ca                __vector_20
                0x000000ce                . = ALIGN (0x2)
 *(.text.*)
 .text.normalize
                0x000000ce       0x12 Actions.o
                0x000000ce                normalize
 .text.angle_diff
                0x000000e0       0x30 Actions.o
                0x000000e0                angle_diff
 .text.get_safe_azimuth
                0x00000110       0xaa Actions.o
                0x00000110                get_safe_azimuth
 .text.AutoMotorControl
                0x000001ba      0x2c2 Actions.o
                0x000001ba                AutoMotorControl
 .text.ManualMotorControl
                0x0000047c       0xa2 Actions.o
                0x0000047c                ManualMotorControl
 .text.Emergency_STOP
                0x0000051e       0x2c Actions.o
                0x0000051e                Emergency_STOP
 .text.ReadMotorData
                0x0000054a       0x40 Actions.o
                0x0000054a                ReadMotorData
 .text.work     0x0000058a       0xf0 Actions.o
                0x0000058a                work
 .text.ADC0_init
                0x0000067a       0x10 ADC.o
                0x0000067a                ADC0_init
 .text.ADC0_SetupJoystick
                0x0000068a        0xc ADC.o
                0x0000068a                ADC0_SetupJoystick
 .text.ADC0_SetupLinearMotor
                0x00000696       0x20 ADC.o
                0x00000696                ADC0_SetupLinearMotor
 .text.ADC0_SetupStepper
                0x000006b6       0x20 ADC.o
                0x000006b6                ADC0_SetupStepper
 .text.ADC0_SetupSysVoltage
                0x000006d6        0xc ADC.o
                0x000006d6                ADC0_SetupSysVoltage
 .text.ADC0_read
                0x000006e2       0x28 ADC.o
                0x000006e2                ADC0_read
 .text.Read_MCU_Voltge
                0x0000070a       0x26 ADC.o
                0x0000070a                Read_MCU_Voltge
 .text.CLOCK_XOSCHF_clock_init
                0x00000730       0x1e CLK.o
                0x00000730                CLOCK_XOSCHF_clock_init
 .text.crc8_cdma2000
                0x0000074e      0x10e CRC.o
                0x0000074e                crc8_cdma2000
 .text.verify_crc8_cdma2000_v2
                0x0000085c       0x32 CRC.o
                0x0000085c                verify_crc8_cdma2000_v2
 .text.crc8_cdma2000_id
                0x0000088e       0xe2 CRC.o
                0x0000088e                crc8_cdma2000_id
 .text.FODataSplitter
                0x00000970      0x27a FOUSART.o
                0x00000970                FODataSplitter
 .text.FOReceiver
                0x00000bea       0xc6 FOUSART.o
                0x00000bea                FOReceiver
 .text.GPIO_init
                0x00000cb0       0x68 GPIO.o
                0x00000cb0                GPIO_init
 .text.I2C_recover
                0x00000d18       0x1c i2c.o
                0x00000d18                I2C_recover
 .text.I2C_init
                0x00000d34       0x20 i2c.o
                0x00000d34                I2C_init
 .text.TransmitAdd
                0x00000d54       0x84 i2c.o
                0x00000d54                TransmitAdd
 .text.TransmitByte
                0x00000dd8       0x72 i2c.o
                0x00000dd8                TransmitByte
 .text.WriteToReg
                0x00000e4a       0x4e i2c.o
                0x00000e4a                WriteToReg
 .text.ReadButton
                0x00000e98        0xe Joystick.o
                0x00000e98                ReadButton
 .text.LatchSwitcher
                0x00000ea6       0x2c Joystick.o
                0x00000ea6                LatchSwitcher
 .text.ReadJoystickValues
                0x00000ed2       0x4c Joystick.o
                0x00000ed2                ReadJoystickValues
 .text.SelectWindow
                0x00000f1e       0x1e Joystick.o
                0x00000f1e                SelectWindow
 .text.LinearMotor_enable
                0x00000f3c       0x20 LinearMotor.o
                0x00000f3c                LinearMotor_enable
 .text.LinearMotor_disable
                0x00000f5c       0x20 LinearMotor.o
                0x00000f5c                LinearMotor_disable
 .text.LinearMotor_start
                0x00000f7c       0x24 LinearMotor.o
                0x00000f7c                LinearMotor_start
 .text.LinearMotor_stop
                0x00000fa0       0x3c LinearMotor.o
                0x00000fa0                LinearMotor_stop
 .text.LinearMotor_set_direction
                0x00000fdc       0x34 LinearMotor.o
                0x00000fdc                LinearMotor_set_direction
 .text.LinearMotor_init
                0x00001010       0x12 LinearMotor.o
                0x00001010                LinearMotor_init
 .text.Read_LinearMotor_Voltage
                0x00001022       0x34 LinearMotor.o
                0x00001022                Read_LinearMotor_Voltage
 .text.Read_LinearMotor_Current
                0x00001056       0x30 LinearMotor.o
                0x00001056                Read_LinearMotor_Current
 .text.main     0x00001086       0x52 main.o
                0x00001086                main
 .text.RS485_Led
                0x000010d8       0x30 RS485LED.o
                0x000010d8                RS485_Led
 .text.hexchar2val
                0x00001108       0x28 RS485USART.o
                0x00001108                hexchar2val
 .text.RS485DataSplitter
                0x00001130      0x3a4 RS485USART.o
                0x00001130                RS485DataSplitter
 .text.Early_ID_Check
                0x000014d4       0x10 RS485USART.o
                0x000014d4                Early_ID_Check
 .text.RS485Receiver
                0x000014e4       0xe8 RS485USART.o
                0x000014e4                RS485Receiver
 .text.RTC_ON   0x000015cc       0x5a RTC.o
                0x000015cc                RTC_ON
 .text.RTC_OFF  0x00001626       0x14 RTC.o
                0x00001626                RTC_OFF
 .text.screen_command
                0x0000163a        0xc SSD1306.o
                0x0000163a                screen_command
 .text.screen_data
                0x00001646        0xc SSD1306.o
                0x00001646                screen_data
 .text.screen_init
                0x00001652       0x26 SSD1306.o
                0x00001652                screen_init
 .text.screen_draw_char
                0x00001678       0x68 SSD1306.o
                0x00001678                screen_draw_char
 .text.screen_clear
                0x000016e0       0x4a SSD1306.o
                0x000016e0                screen_clear
 .text.screen_draw_text
                0x0000172a       0x3e SSD1306.o
                0x0000172a                screen_draw_text
 .text.screen_write_text
                0x00001768       0x4e SSD1306.o
                0x00001768                screen_write_text
 .text.calculate_start_pixel
                0x000017b6       0x4a SSD1306.o
                0x000017b6                calculate_start_pixel
 .text.screen_write_text_aligned
                0x00001800       0x22 SSD1306.o
                0x00001800                screen_write_text_aligned
 .text.screen_write_formatted_text
                0x00001822       0x3c SSD1306.o
                0x00001822                screen_write_formatted_text
 .text.Stepper_enable
                0x0000185e       0x2c StepperMotor.o
                0x0000185e                Stepper_enable
 .text.Stepper_disable
                0x0000188a       0x2c StepperMotor.o
                0x0000188a                Stepper_disable
 .text.Stepper_start
                0x000018b6       0x26 StepperMotor.o
                0x000018b6                Stepper_start
 .text.Stepper_stop
                0x000018dc       0x26 StepperMotor.o
                0x000018dc                Stepper_stop
 .text.Stepper_set_direction
                0x00001902       0x34 StepperMotor.o
                0x00001902                Stepper_set_direction
 .text.Stepper_init
                0x00001936       0x10 StepperMotor.o
                0x00001936                Stepper_init
 .text.Read_Stepper_Voltage
                0x00001946       0x34 StepperMotor.o
                0x00001946                Read_Stepper_Voltage
 .text.Read_Stepper_Current
                0x0000197a       0x30 StepperMotor.o
                0x0000197a                Read_Stepper_Current
 .text.TCA0_init_linear_PWM
                0x000019aa      0x120 TCA.o
                0x000019aa                TCA0_init_linear_PWM
 .text.TCD0_init_stepper_PWM
                0x00001aca       0xd4 TCD.o
                0x00001aca                TCD0_init_stepper_PWM
 .text.USART0_init
                0x00001b9e       0x1a USART.o
                0x00001b9e                USART0_init
 .text.USART0_readCharRTC
                0x00001bb8       0x26 USART.o
                0x00001bb8                USART0_readCharRTC
 .text.USART0_sendChar
                0x00001bde        0xe USART.o
                0x00001bde                USART0_sendChar
 .text.USART0_sendString
                0x00001bec       0x3c USART.o
                0x00001bec                USART0_sendString
 .text.USART1_init
                0x00001c28       0x16 USART.o
                0x00001c28                USART1_init
 .text.USART1_sendChar
                0x00001c3e        0xe USART.o
                0x00001c3e                USART1_sendChar
 .text.USART1_sendString
                0x00001c4c       0x3c USART.o
                0x00001c4c                USART1_sendString
 .text.USART1_readCharRTC
                0x00001c88       0x26 USART.o
                0x00001c88                USART1_readCharRTC
 .text.USART_printf
                0x00001cae       0x64 USART.o
                0x00001cae                USART_printf
 .text.screenUpdater
                0x00001d12      0x240 Windows.o
                0x00001d12                screenUpdater
 .text.windows  0x00001f52      0x7c6 Windows.o
                0x00001f52                windows
 .text.avr-libc.fplib
                0x00002718        0xe c:/program files (x86)/atmel/studio/7.0/toolchain/avr8/avr8-gnu-toolchain/bin/../lib/gcc/avr/5.4.0/../../../../avr/lib/avrxmega2\libm.a(addsf3.o)
                0x00002718                __subsf3
                0x0000271a                __addsf3
 .text.avr-libc.fplib
                0x00002726       0xcc c:/program files (x86)/atmel/studio/7.0/toolchain/avr8/avr8-gnu-toolchain/bin/../lib/gcc/avr/5.4.0/../../../../avr/lib/avrxmega2\libm.a(addsf3x.o)
                0x00002748                __addsf3x
 .text.avr-libc.fplib
                0x000027f2        0x8 c:/program files (x86)/atmel/studio/7.0/toolchain/avr8/avr8-gnu-toolchain/bin/../lib/gcc/avr/5.4.0/../../../../avr/lib/avrxmega2\libm.a(divsf3.o)
                0x000027f2                __divsf3
 .text.avr-libc.fplib
                0x000027fa       0xdc c:/program files (x86)/atmel/studio/7.0/toolchain/avr8/avr8-gnu-toolchain/bin/../lib/gcc/avr/5.4.0/../../../../avr/lib/avrxmega2\libm.a(divsf3x.o)
                0x0000281a                __divsf3x
                0x00002820                __divsf3_pse
 .text.avr-libc.fplib
                0x000028d6       0x5e c:/program files (x86)/atmel/studio/7.0/toolchain/avr8/avr8-gnu-toolchain/bin/../lib/gcc/avr/5.4.0/../../../../avr/lib/avrxmega2\libm.a(fixunssfsi.o)
                0x000028d6                __fixunssfsi
 .text.avr-libc.fplib
                0x00002934       0x7a c:/program files (x86)/atmel/studio/7.0/toolchain/avr8/avr8-gnu-toolchain/bin/../lib/gcc/avr/5.4.0/../../../../avr/lib/avrxmega2\libm.a(floatsisf.o)
                0x00002934                __floatunsisf
                0x00002938                __floatsisf
 .text.avr-libc.fplib
                0x000029ae        0xc c:/program files (x86)/atmel/studio/7.0/toolchain/avr8/avr8-gnu-toolchain/bin/../lib/gcc/avr/5.4.0/../../../../avr/lib/avrxmega2\libm.a(fp_inf.o)
                0x000029ae                __fp_inf
 .text.avr-libc.fplib
                0x000029ba        0x6 c:/program files (x86)/atmel/studio/7.0/toolchain/avr8/avr8-gnu-toolchain/bin/../lib/gcc/avr/5.4.0/../../../../avr/lib/avrxmega2\libm.a(fp_nan.o)
                0x000029ba                __fp_nan
 .text.avr-libc.fplib
                0x000029c0        0xe c:/program files (x86)/atmel/studio/7.0/toolchain/avr8/avr8-gnu-toolchain/bin/../lib/gcc/avr/5.4.0/../../../../avr/lib/avrxmega2\libm.a(fp_pscA.o)
                0x000029c0                __fp_pscA
 .text.avr-libc.fplib
                0x000029ce        0xe c:/program files (x86)/atmel/studio/7.0/toolchain/avr8/avr8-gnu-toolchain/bin/../lib/gcc/avr/5.4.0/../../../../avr/lib/avrxmega2\libm.a(fp_pscB.o)
                0x000029ce                __fp_pscB
 .text.avr-libc.fplib
                0x000029dc       0x22 c:/program files (x86)/atmel/studio/7.0/toolchain/avr8/avr8-gnu-toolchain/bin/../lib/gcc/avr/5.4.0/../../../../avr/lib/avrxmega2\libm.a(fp_round.o)
                0x000029dc                __fp_round
 .text.avr-libc.fplib
                0x000029fe       0x44 c:/program files (x86)/atmel/studio/7.0/toolchain/avr8/avr8-gnu-toolchain/bin/../lib/gcc/avr/5.4.0/../../../../avr/lib/avrxmega2\libm.a(fp_split3.o)
                0x000029fe                __fp_split3
                0x00002a0e                __fp_splitA
 .text.avr-libc.fplib
                0x00002a42        0xe c:/program files (x86)/atmel/studio/7.0/toolchain/avr8/avr8-gnu-toolchain/bin/../lib/gcc/avr/5.4.0/../../../../avr/lib/avrxmega2\libm.a(fp_zero.o)
                0x00002a42                __fp_zero
                0x00002a44                __fp_szero
 .text.avr-libc.fplib
                0x00002a50        0x8 c:/program files (x86)/atmel/studio/7.0/toolchain/avr8/avr8-gnu-toolchain/bin/../lib/gcc/avr/5.4.0/../../../../avr/lib/avrxmega2\libm.a(mulsf3.o)
                0x00002a50                __mulsf3
 .text.avr-libc.fplib
                0x00002a58       0xd2 c:/program files (x86)/atmel/studio/7.0/toolchain/avr8/avr8-gnu-toolchain/bin/../lib/gcc/avr/5.4.0/../../../../avr/lib/avrxmega2\libm.a(mulsf3x.o)
                0x00002a76                __mulsf3x
                0x00002a7c                __mulsf3_pse
 .text.libgcc.div
                0x00002b2a       0x28 c:/program files (x86)/atmel/studio/7.0/toolchain/avr8/avr8-gnu-toolchain/bin/../lib/gcc/avr/5.4.0/avrxmega2\libgcc.a(_divmodhi4.o)
                0x00002b2a                _div
                0x00002b2a                __divmodhi4
 .text.libgcc.div
                0x00002b52       0x44 c:/program files (x86)/atmel/studio/7.0/toolchain/avr8/avr8-gnu-toolchain/bin/../lib/gcc/avr/5.4.0/avrxmega2\libgcc.a(_udivmodsi4.o)
                0x00002b52                __udivmodsi4
 .text.libgcc.div
                0x00002b96       0x2e c:/program files (x86)/atmel/studio/7.0/toolchain/avr8/avr8-gnu-toolchain/bin/../lib/gcc/avr/5.4.0/avrxmega2\libgcc.a(_divmodsi4.o)
                0x00002b96                __divmodsi4
 .text.libgcc.div
                0x00002bc4       0x10 c:/program files (x86)/atmel/studio/7.0/toolchain/avr8/avr8-gnu-toolchain/bin/../lib/gcc/avr/5.4.0/avrxmega2\libgcc.a(_negsi2.o)
                0x00002bc4                __negsi2
 .text.libgcc.mul
                0x00002bd4       0x1e c:/program files (x86)/atmel/studio/7.0/toolchain/avr8/avr8-gnu-toolchain/bin/../lib/gcc/avr/5.4.0/avrxmega2\libgcc.a(_umulhisi3.o)
                0x00002bd4                __umulhisi3
 .text.libgcc.builtins
                0x00002bf2       0x32 c:/program files (x86)/atmel/studio/7.0/toolchain/avr8/avr8-gnu-toolchain/bin/../lib/gcc/avr/5.4.0/avrxmega2\libgcc.a(_ashldi3.o)
                0x00002bf2                __ashldi3
 .text.libgcc.builtins
                0x00002c24       0x3c c:/program files (x86)/atmel/studio/7.0/toolchain/avr8/avr8-gnu-toolchain/bin/../lib/gcc/avr/5.4.0/avrxmega2\libgcc.a(_ashrdi3.o)
                0x00002c24                __ashrdi3
                0x00002c28                __lshrdi3
 .text.libgcc   0x00002c60       0x18 c:/program files (x86)/atmel/studio/7.0/toolchain/avr8/avr8-gnu-toolchain/bin/../lib/gcc/avr/5.4.0/avrxmega2\libgcc.a(_cmpdi2_s8.o)
                0x00002c60                __cmpdi2_s8
 .text.libgcc.div
                0x00002c78       0x28 c:/program files (x86)/atmel/studio/7.0/toolchain/avr8/avr8-gnu-toolchain/bin/../lib/gcc/avr/5.4.0/avrxmega2\libgcc.a(_udivmodhi4.o)
                0x00002c78                __udivmodhi4
 .text.avr-libc
                0x00002ca0      0x22c c:/program files (x86)/atmel/studio/7.0/toolchain/avr8/avr8-gnu-toolchain/bin/../lib/gcc/avr/5.4.0/../../../../avr/lib/avrxmega2\libc.a(strtol.o)
                0x00002ca0                strtol
 .text.avr-libc
                0x00002ecc       0x12 c:/program files (x86)/atmel/studio/7.0/toolchain/avr8/avr8-gnu-toolchain/bin/../lib/gcc/avr/5.4.0/../../../../avr/lib/avrxmega2\libc.a(isspace.o)
                0x00002ecc                isspace
 .text.avr-libc
                0x00002ede       0x12 c:/program files (x86)/atmel/studio/7.0/toolchain/avr8/avr8-gnu-toolchain/bin/../lib/gcc/avr/5.4.0/../../../../avr/lib/avrxmega2\libc.a(memcpy.o)
                0x00002ede                memcpy
 .text.avr-libc
                0x00002ef0       0x12 c:/program files (x86)/atmel/studio/7.0/toolchain/avr8/avr8-gnu-toolchain/bin/../lib/gcc/avr/5.4.0/../../../../avr/lib/avrxmega2\libc.a(strcmp.o)
                0x00002ef0                strcmp
 .text.avr-libc
                0x00002f02        0xe c:/program files (x86)/atmel/studio/7.0/toolchain/avr8/avr8-gnu-toolchain/bin/../lib/gcc/avr/5.4.0/../../../../avr/lib/avrxmega2\libc.a(strcpy.o)
                0x00002f02                strcpy
 .text.avr-libc
                0x00002f10       0x1c c:/program files (x86)/atmel/studio/7.0/toolchain/avr8/avr8-gnu-toolchain/bin/../lib/gcc/avr/5.4.0/../../../../avr/lib/avrxmega2\libc.a(strncmp.o)
                0x00002f10                strncmp
 .text.avr-libc
                0x00002f2c       0x1e c:/program files (x86)/atmel/studio/7.0/toolchain/avr8/avr8-gnu-toolchain/bin/../lib/gcc/avr/5.4.0/../../../../avr/lib/avrxmega2\libc.a(strncpy.o)
                0x00002f2c                strncpy
 .text.avr-libc
                0x00002f4a       0x58 c:/program files (x86)/atmel/studio/7.0/toolchain/avr8/avr8-gnu-toolchain/bin/../lib/gcc/avr/5.4.0/../../../../avr/lib/avrxmega2\libc.a(vsnprintf.o)
                0x00002f4a                vsnprintf
 .text.avr-libc
                0x00002fa2      0x3c2 c:/program files (x86)/atmel/studio/7.0/toolchain/avr8/avr8-gnu-toolchain/bin/../lib/gcc/avr/5.4.0/../../../../avr/lib/avrxmega2\libc.a(vfprintf_std.o)
                0x00002fa2                vfprintf
 .text.avr-libc
                0x00003364        0x6 c:/program files (x86)/atmel/studio/7.0/toolchain/avr8/avr8-gnu-toolchain/bin/../lib/gcc/avr/5.4.0/../../../../avr/lib/avrxmega2\libc.a(cty_isfalse.o)
                0x00003364                __ctype_isfalse
                0x00003368                __ctype_istrue
 .text.avr-libc
                0x0000336a       0x16 c:/program files (x86)/atmel/studio/7.0/toolchain/avr8/avr8-gnu-toolchain/bin/../lib/gcc/avr/5.4.0/../../../../avr/lib/avrxmega2\libc.a(strnlen_P.o)
                0x0000336a                strnlen_P
 .text.avr-libc
                0x00003380       0x16 c:/program files (x86)/atmel/studio/7.0/toolchain/avr8/avr8-gnu-toolchain/bin/../lib/gcc/avr/5.4.0/../../../../avr/lib/avrxmega2\libc.a(strnlen.o)
                0x00003380                strnlen
 .text.avr-libc
                0x00003396       0x78 c:/program files (x86)/atmel/studio/7.0/toolchain/avr8/avr8-gnu-toolchain/bin/../lib/gcc/avr/5.4.0/../../../../avr/lib/avrxmega2\libc.a(fputc.o)
                0x00003396                fputc
 .text.avr-libc
                0x0000340e       0xbc c:/program files (x86)/atmel/studio/7.0/toolchain/avr8/avr8-gnu-toolchain/bin/../lib/gcc/avr/5.4.0/../../../../avr/lib/avrxmega2\libc.a(ultoa_invert.o)
                0x0000340e                __ultoa_invert
 .text.avr-libc
                0x000034ca        0xc C:/Program Files (x86)/Atmel/Studio/7.0/Packs/Atmel/AVR-Dx_DFP/2.7.321/gcc/dev/avr64dd32/avrxmega2\libavr64dd32.a(ccp_write.o)
                0x000034ca                ccp_write_io
 .text.libgcc.mul
                0x000034d6       0x20 c:/program files (x86)/atmel/studio/7.0/toolchain/avr8/avr8-gnu-toolchain/bin/../lib/gcc/avr/5.4.0/avrxmega2\libgcc.a(_mulsi3.o)
                0x000034d6                __mulsi3
 .text.libgcc.mul
                0x000034f6       0x16 c:/program files (x86)/atmel/studio/7.0/toolchain/avr8/avr8-gnu-toolchain/bin/../lib/gcc/avr/5.4.0/avrxmega2\libgcc.a(_muluhisi3.o)
                0x000034f6                __muluhisi3
 .text.libgcc.prologue
                0x0000350c       0x32 c:/program files (x86)/atmel/studio/7.0/toolchain/avr8/avr8-gnu-toolchain/bin/../lib/gcc/avr/5.4.0/avrxmega2\libgcc.a(_prologue.o)
                0x0000350c                __prologue_saves__
 .text.libgcc.prologue
                0x0000353e       0x30 c:/program files (x86)/atmel/studio/7.0/toolchain/avr8/avr8-gnu-toolchain/bin/../lib/gcc/avr/5.4.0/avrxmega2\libgcc.a(_epilogue.o)
                0x0000353e                __epilogue_restores__
                0x0000356e                . = ALIGN (0x2)
 *(.fini9)
 .fini9         0x0000356e        0x0 c:/program files (x86)/atmel/studio/7.0/toolchain/avr8/avr8-gnu-toolchain/bin/../lib/gcc/avr/5.4.0/avrxmega2\libgcc.a(_exit.o)
                0x0000356e                _exit
                0x0000356e                exit
 *(.fini9)
 *(.fini8)
 *(.fini8)
 *(.fini7)
 *(.fini7)
 *(.fini6)
 *(.fini6)
 *(.fini5)
 *(.fini5)
 *(.fini4)
 *(.fini4)
 *(.fini3)
 *(.fini3)
 *(.fini2)
 *(.fini2)
 *(.fini1)
 *(.fini1)
 *(.fini0)
 .fini0         0x0000356e        0x4 c:/program files (x86)/atmel/studio/7.0/toolchain/avr8/avr8-gnu-toolchain/bin/../lib/gcc/avr/5.4.0/avrxmega2\libgcc.a(_exit.o)
 *(.fini0)
                0x00003572                _etext = .

.data           0x00806000      0x62c load address 0x00003572
                0x00806000                PROVIDE (__data_start, .)
 *(.data)
 *(.data*)
 .data.StepperMotorCtrl
                0x00806000       0x2c Actions.o
                0x00806000                StepperMotorCtrl
 .data.LinearMotorCtrl
                0x0080602c       0x2c Actions.o
                0x0080602c                LinearMotorCtrl
 .data.Target   0x00806058        0xa Actions.o
                0x00806058                Target
 .data.font     0x00806062      0x325 SSD1306.o
                0x00806062                font
 .data.ssd1306Commands
                0x00806387       0x1a SSD1306.o
                0x00806387                ssd1306Commands
 *(.gnu.linkonce.d*)
 *(.rodata)
 .rodata        0x008063a1        0x5 FOUSART.o
 .rodata        0x008063a6       0x18 TCA.o
 *(.rodata*)
 .rodata.crc8_table
                0x008063be      0x100 CRC.o
                0x008063be                crc8_table
 .rodata.str1.1
                0x008064be        0xf FOUSART.o
 .rodata.str1.1
                0x008064cd       0x2f RS485USART.o
 .rodata.str1.1
                0x008064fc      0x12f Windows.o
                                0x13c (size before relaxing)
 *(.gnu.linkonce.r*)
                0x0080662c                . = ALIGN (0x2)
 *fill*         0x0080662b        0x1 
                0x0080662c                _edata = .
                0x0080662c                PROVIDE (__data_end, .)

.bss            0x0080662c       0x7f
                0x0080662c                PROVIDE (__bss_start, .)
 *(.bss)
 *(.bss*)
 .bss.SensorData
                0x0080662c       0x29 FOUSART.o
                0x0080662c                SensorData
 .bss.I2C       0x00806655        0x1 i2c.o
                0x00806655                I2C
 .bss.Joystick  0x00806656        0x8 Joystick.o
                0x00806656                Joystick
 .bss.LinearMotor
                0x0080665e        0xb LinearMotor.o
                0x0080665e                LinearMotor
 .bss.WSData    0x00806669        0xb RS485USART.o
                0x00806669                WSData
 .bss.StepperMotor
                0x00806674        0xb StepperMotor.o
                0x00806674                StepperMotor
 .bss.show      0x0080667f       0x2a Windows.o
                0x0080667f                show
 *(COMMON)
 COMMON         0x008066a9        0x2 c:/program files (x86)/atmel/studio/7.0/toolchain/avr8/avr8-gnu-toolchain/bin/../lib/gcc/avr/5.4.0/../../../../avr/lib/avrxmega2\libc.a(errno.o)
                0x008066a9                errno
                0x008066ab                PROVIDE (__bss_end, .)
                0x00003572                __data_load_start = LOADADDR (.data)
                0x00003b9e                __data_load_end = (__data_load_start + SIZEOF (.data))

.noinit         0x008066ab        0x0
                [!provide]                PROVIDE (__noinit_start, .)
 *(.noinit*)
                [!provide]                PROVIDE (__noinit_end, .)
                0x008066ab                _end = .
                [!provide]                PROVIDE (__heap_start, .)

.eeprom         0x00810000        0x0
 *(.eeprom*)
                0x00810000                __eeprom_end = .

.fuse
 *(.fuse)
 *(.lfuse)
 *(.hfuse)
 *(.efuse)

.lock
 *(.lock*)

.signature
 *(.signature*)

.user_signatures
 *(.user_signatures*)

.stab
 *(.stab)

.stabstr
 *(.stabstr)

.stab.excl
 *(.stab.excl)

.stab.exclstr
 *(.stab.exclstr)

.stab.index
 *(.stab.index)

.stab.indexstr
 *(.stab.indexstr)

.comment        0x00000000       0x5c
 *(.comment)
 .comment       0x00000000       0x30 Actions.o
                                 0x31 (size before relaxing)
 .comment       0x00000030       0x31 ADC.o
 .comment       0x00000030       0x31 CLK.o
 .comment       0x00000030       0x31 CRC.o
 .comment       0x00000030       0x31 FOUSART.o
 .comment       0x00000030       0x31 GPIO.o
 .comment       0x00000030       0x31 i2c.o
 .comment       0x00000030       0x31 Joystick.o
 .comment       0x00000030       0x31 LinearMotor.o
 .comment       0x00000030       0x31 main.o
 .comment       0x00000030       0x31 RS485LED.o
 .comment       0x00000030       0x31 RS485USART.o
 .comment       0x00000030       0x31 RTC.o
 .comment       0x00000030       0x31 SSD1306.o
 .comment       0x00000030       0x31 StepperMotor.o
 .comment       0x00000030       0x31 TCA.o
 .comment       0x00000030       0x31 TCD.o
 .comment       0x00000030       0x31 USART.o
 .comment       0x00000030       0x31 Windows.o
 .comment       0x00000030       0x31 c:/program files (x86)/atmel/studio/7.0/toolchain/avr8/avr8-gnu-toolchain/bin/../lib/gcc/avr/5.4.0/../../../../avr/lib/avrxmega2\libc.a(strtol.o)
 .comment       0x00000030       0x31 c:/program files (x86)/atmel/studio/7.0/toolchain/avr8/avr8-gnu-toolchain/bin/../lib/gcc/avr/5.4.0/../../../../avr/lib/avrxmega2\libc.a(vsnprintf.o)
 .comment       0x00000030       0x2c c:/program files (x86)/atmel/studio/7.0/toolchain/avr8/avr8-gnu-toolchain/bin/../lib/gcc/avr/5.4.0/../../../../avr/lib/avrxmega2\libc.a(vfprintf_std.o)
                                 0x2d (size before relaxing)
 .comment       0x0000005c       0x2d c:/program files (x86)/atmel/studio/7.0/toolchain/avr8/avr8-gnu-toolchain/bin/../lib/gcc/avr/5.4.0/../../../../avr/lib/avrxmega2\libc.a(errno.o)
 .comment       0x0000005c       0x31 c:/program files (x86)/atmel/studio/7.0/toolchain/avr8/avr8-gnu-toolchain/bin/../lib/gcc/avr/5.4.0/../../../../avr/lib/avrxmega2\libc.a(fputc.o)

.note.gnu.avr.deviceinfo
                0x00000000       0x3c
 .note.gnu.avr.deviceinfo
                0x00000000       0x3c C:/Program Files (x86)/Atmel/Studio/7.0/Packs/Atmel/AVR-Dx_DFP/2.7.321/gcc/dev/avr64dd32/avrxmega2/crtavr64dd32.o

.note.gnu.build-id
 *(.note.gnu.build-id)

.debug
 *(.debug)

.line
 *(.line)

.debug_srcinfo
 *(.debug_srcinfo)

.debug_sfnames
 *(.debug_sfnames)

.debug_aranges  0x00000000      0x4c0
 *(.debug_aranges)
 .debug_aranges
                0x00000000       0x58 Actions.o
 .debug_aranges
                0x00000058       0x50 ADC.o
 .debug_aranges
                0x000000a8       0x28 CLK.o
 .debug_aranges
                0x000000d0       0x38 CRC.o
 .debug_aranges
                0x00000108       0x38 FOUSART.o
 .debug_aranges
                0x00000140       0x20 GPIO.o
 .debug_aranges
                0x00000160       0x40 i2c.o
 .debug_aranges
                0x000001a0       0x38 Joystick.o
 .debug_aranges
                0x000001d8       0x60 LinearMotor.o
 .debug_aranges
                0x00000238       0x20 main.o
 .debug_aranges
                0x00000258       0x20 RS485LED.o
 .debug_aranges
                0x00000278       0x40 RS485USART.o
 .debug_aranges
                0x000002b8       0x28 RTC.o
 .debug_aranges
                0x000002e0       0x70 SSD1306.o
 .debug_aranges
                0x00000350       0x68 StepperMotor.o
 .debug_aranges
                0x000003b8       0x20 TCA.o
 .debug_aranges
                0x000003d8       0x20 TCD.o
 .debug_aranges
                0x000003f8       0x80 USART.o
 .debug_aranges
                0x00000478       0x28 Windows.o
 .debug_aranges
                0x000004a0       0x20 C:/Program Files (x86)/Atmel/Studio/7.0/Packs/Atmel/AVR-Dx_DFP/2.7.321/gcc/dev/avr64dd32/avrxmega2\libavr64dd32.a(ccp_write.o)

.debug_pubnames
 *(.debug_pubnames)

.debug_info     0x00000000     0xa892
 *(.debug_info .gnu.linkonce.wi.*)
 .debug_info    0x00000000     0x22a4 C:/Program Files (x86)/Atmel/Studio/7.0/Packs/Atmel/AVR-Dx_DFP/2.7.321/gcc/dev/avr64dd32/avrxmega2/crtavr64dd32.o
 .debug_info    0x000022a4      0xaca Actions.o
 .debug_info    0x00002d6e      0x5b6 ADC.o
 .debug_info    0x00003324      0x351 CLK.o
 .debug_info    0x00003675      0x545 CRC.o
 .debug_info    0x00003bba      0x9c4 FOUSART.o
 .debug_info    0x0000457e      0x443 GPIO.o
 .debug_info    0x000049c1      0x650 i2c.o
 .debug_info    0x00005011      0x4be Joystick.o
 .debug_info    0x000054cf      0xc2d LinearMotor.o
 .debug_info    0x000060fc      0x267 main.o
 .debug_info    0x00006363      0x2a2 RS485LED.o
 .debug_info    0x00006605      0xc3c RS485USART.o
 .debug_info    0x00007241      0x3b2 RTC.o
 .debug_info    0x000075f3      0x687 SSD1306.o
 .debug_info    0x00007c7a      0x9db StepperMotor.o
 .debug_info    0x00008655      0x921 TCA.o
 .debug_info    0x00008f76      0x5cc TCD.o
 .debug_info    0x00009542      0xaf2 USART.o
 .debug_info    0x0000a034      0x7b5 Windows.o
 .debug_info    0x0000a7e9       0xa9 C:/Program Files (x86)/Atmel/Studio/7.0/Packs/Atmel/AVR-Dx_DFP/2.7.321/gcc/dev/avr64dd32/avrxmega2\libavr64dd32.a(ccp_write.o)

.debug_abbrev   0x00000000     0x4050
 *(.debug_abbrev)
 .debug_abbrev  0x00000000     0x20ce C:/Program Files (x86)/Atmel/Studio/7.0/Packs/Atmel/AVR-Dx_DFP/2.7.321/gcc/dev/avr64dd32/avrxmega2/crtavr64dd32.o
 .debug_abbrev  0x000020ce      0x1cd Actions.o
 .debug_abbrev  0x0000229b      0x193 ADC.o
 .debug_abbrev  0x0000242e       0xe5 CLK.o
 .debug_abbrev  0x00002513      0x167 CRC.o
 .debug_abbrev  0x0000267a      0x287 FOUSART.o
 .debug_abbrev  0x00002901       0xbc GPIO.o
 .debug_abbrev  0x000029bd      0x1f8 i2c.o
 .debug_abbrev  0x00002bb5      0x178 Joystick.o
 .debug_abbrev  0x00002d2d      0x285 LinearMotor.o
 .debug_abbrev  0x00002fb2       0xfe main.o
 .debug_abbrev  0x000030b0       0xcb RS485LED.o
 .debug_abbrev  0x0000317b      0x2c9 RS485USART.o
 .debug_abbrev  0x00003444      0x10d RTC.o
 .debug_abbrev  0x00003551      0x1bb SSD1306.o
 .debug_abbrev  0x0000370c      0x269 StepperMotor.o
 .debug_abbrev  0x00003975      0x150 TCA.o
 .debug_abbrev  0x00003ac5      0x13c TCD.o
 .debug_abbrev  0x00003c01      0x2d1 USART.o
 .debug_abbrev  0x00003ed2      0x16a Windows.o
 .debug_abbrev  0x0000403c       0x14 C:/Program Files (x86)/Atmel/Studio/7.0/Packs/Atmel/AVR-Dx_DFP/2.7.321/gcc/dev/avr64dd32/avrxmega2\libavr64dd32.a(ccp_write.o)

.debug_line     0x00000000     0x383d
 *(.debug_line .debug_line.* .debug_line_end)
 .debug_line    0x00000000      0x16f C:/Program Files (x86)/Atmel/Studio/7.0/Packs/Atmel/AVR-Dx_DFP/2.7.321/gcc/dev/avr64dd32/avrxmega2/crtavr64dd32.o
 .debug_line    0x0000016f      0x613 Actions.o
 .debug_line    0x00000782      0x206 ADC.o
 .debug_line    0x00000988      0x1a7 CLK.o
 .debug_line    0x00000b2f      0x2c5 CRC.o
 .debug_line    0x00000df4      0x3bc FOUSART.o
 .debug_line    0x000011b0      0x177 GPIO.o
 .debug_line    0x00001327      0x33e i2c.o
 .debug_line    0x00001665      0x1d9 Joystick.o
 .debug_line    0x0000183e      0x331 LinearMotor.o
 .debug_line    0x00001b6f      0x185 main.o
 .debug_line    0x00001cf4      0x13f RS485LED.o
 .debug_line    0x00001e33      0x54e RS485USART.o
 .debug_line    0x00002381      0x14c RTC.o
 .debug_line    0x000024cd      0x3f3 SSD1306.o
 .debug_line    0x000028c0      0x342 StepperMotor.o
 .debug_line    0x00002c02      0x18c TCA.o
 .debug_line    0x00002d8e      0x1a1 TCD.o
 .debug_line    0x00002f2f      0x417 USART.o
 .debug_line    0x00003346      0x490 Windows.o
 .debug_line    0x000037d6       0x67 C:/Program Files (x86)/Atmel/Studio/7.0/Packs/Atmel/AVR-Dx_DFP/2.7.321/gcc/dev/avr64dd32/avrxmega2\libavr64dd32.a(ccp_write.o)

.debug_frame    0x00000000      0xb90
 *(.debug_frame)
 .debug_frame   0x00000000      0x154 Actions.o
 .debug_frame   0x00000154       0x84 ADC.o
 .debug_frame   0x000001d8       0x34 CLK.o
 .debug_frame   0x0000020c       0xd0 CRC.o
 .debug_frame   0x000002dc      0x108 FOUSART.o
 .debug_frame   0x000003e4       0x24 GPIO.o
 .debug_frame   0x00000408       0x98 i2c.o
 .debug_frame   0x000004a0       0x68 Joystick.o
 .debug_frame   0x00000508       0xb8 LinearMotor.o
 .debug_frame   0x000005c0       0x24 main.o
 .debug_frame   0x000005e4       0x24 RS485LED.o
 .debug_frame   0x00000608       0xcc RS485USART.o
 .debug_frame   0x000006d4       0x44 RTC.o
 .debug_frame   0x00000718      0x140 SSD1306.o
 .debug_frame   0x00000858       0xc8 StepperMotor.o
 .debug_frame   0x00000920       0x68 TCA.o
 .debug_frame   0x00000988       0x4c TCD.o
 .debug_frame   0x000009d4      0x140 USART.o
 .debug_frame   0x00000b14       0x7c Windows.o

.debug_str      0x00000000     0x35d0
 *(.debug_str)
 .debug_str     0x00000000      0xefb C:/Program Files (x86)/Atmel/Studio/7.0/Packs/Atmel/AVR-Dx_DFP/2.7.321/gcc/dev/avr64dd32/avrxmega2/crtavr64dd32.o
 .debug_str     0x00000efb      0x627 Actions.o
                                0x6e3 (size before relaxing)
 .debug_str     0x00001522      0x647 ADC.o
                                0x819 (size before relaxing)
 .debug_str     0x00001b69      0x274 CLK.o
                                0x446 (size before relaxing)
 .debug_str     0x00001ddd       0xaa CRC.o
                                0x415 (size before relaxing)
 .debug_str     0x00001e87      0x144 FOUSART.o
                                0x470 (size before relaxing)
 .debug_str     0x00001fcb      0x3ee GPIO.o
                                0x5b2 (size before relaxing)
 .debug_str     0x000023b9      0x28d i2c.o
                                0x45e (size before relaxing)
 .debug_str     0x00002646       0x6f Joystick.o
                                0x5b5 (size before relaxing)
 .debug_str     0x000026b5      0x221 LinearMotor.o
                                0x662 (size before relaxing)
 .debug_str     0x000028d6       0x6e main.o
                                0x2a0 (size before relaxing)
 .debug_str     0x00002944       0x50 RS485LED.o
                                0x2cd (size before relaxing)
 .debug_str     0x00002994       0x7e RS485USART.o
                                0x5ce (size before relaxing)
 .debug_str     0x00002a12      0x209 RTC.o
                                0x490 (size before relaxing)
 .debug_str     0x00002c1b      0x18f SSD1306.o
                                0x393 (size before relaxing)
 .debug_str     0x00002daa      0x1e9 StepperMotor.o
                                0x60e (size before relaxing)
 .debug_str     0x00002f93      0x147 TCA.o
                                0x5de (size before relaxing)
 .debug_str     0x000030da      0x135 TCD.o
                                0x4d3 (size before relaxing)
 .debug_str     0x0000320f      0x370 USART.o
                                0x82c (size before relaxing)
 .debug_str     0x0000357f       0x51 Windows.o
                                0x560 (size before relaxing)

.debug_loc      0x00000000     0x330b
 *(.debug_loc)
 .debug_loc     0x00000000      0x731 Actions.o
 .debug_loc     0x00000731       0x74 ADC.o
 .debug_loc     0x000007a5      0x52f CRC.o
 .debug_loc     0x00000cd4      0x725 FOUSART.o
 .debug_loc     0x000013f9      0x4e7 i2c.o
 .debug_loc     0x000018e0       0x49 Joystick.o
 .debug_loc     0x00001929      0x194 LinearMotor.o
 .debug_loc     0x00001abd       0x73 main.o
 .debug_loc     0x00001b30       0x6c RS485LED.o
 .debug_loc     0x00001b9c      0x79c RS485USART.o
 .debug_loc     0x00002338       0x72 RTC.o
 .debug_loc     0x000023aa      0x566 SSD1306.o
 .debug_loc     0x00002910      0x152 StepperMotor.o
 .debug_loc     0x00002a62      0x212 TCA.o
 .debug_loc     0x00002c74      0x13c TCD.o
 .debug_loc     0x00002db0      0x37c USART.o
 .debug_loc     0x0000312c      0x1df Windows.o

.debug_macinfo
 *(.debug_macinfo)

.debug_weaknames
 *(.debug_weaknames)

.debug_funcnames
 *(.debug_funcnames)

.debug_typenames
 *(.debug_typenames)

.debug_varnames
 *(.debug_varnames)

.debug_pubtypes
 *(.debug_pubtypes)

.debug_ranges   0x00000000      0x4d8
 *(.debug_ranges)
 .debug_ranges  0x00000000       0x48 Actions.o
 .debug_ranges  0x00000048       0x40 ADC.o
 .debug_ranges  0x00000088       0x18 CLK.o
 .debug_ranges  0x000000a0       0x58 CRC.o
 .debug_ranges  0x000000f8       0x88 FOUSART.o
 .debug_ranges  0x00000180       0x10 GPIO.o
 .debug_ranges  0x00000190       0x30 i2c.o
 .debug_ranges  0x000001c0       0x28 Joystick.o
 .debug_ranges  0x000001e8       0x50 LinearMotor.o
 .debug_ranges  0x00000238       0x10 main.o
 .debug_ranges  0x00000248       0x10 RS485LED.o
 .debug_ranges  0x00000258       0xd8 RS485USART.o
 .debug_ranges  0x00000330       0x18 RTC.o
 .debug_ranges  0x00000348       0x60 SSD1306.o
 .debug_ranges  0x000003a8       0x58 StepperMotor.o
 .debug_ranges  0x00000400       0x10 TCA.o
 .debug_ranges  0x00000410       0x10 TCD.o
 .debug_ranges  0x00000420       0x70 USART.o
 .debug_ranges  0x00000490       0x48 Windows.o

.debug_macro
 *(.debug_macro)
OUTPUT(AVR64DD32-MAIN-Controller.elf elf32-avr)
LOAD linker stubs
