Archive member included to satisfy reference by file (symbol)

c:/program files (x86)/atmel/studio/7.0/toolchain/avr8/avr8-gnu-toolchain/bin/../lib/gcc/avr/5.4.0/../../../../avr/lib/avrxmega2\libm.a(divsf3.o)
                              TCD.o (__divsf3)
c:/program files (x86)/atmel/studio/7.0/toolchain/avr8/avr8-gnu-toolchain/bin/../lib/gcc/avr/5.4.0/../../../../avr/lib/avrxmega2\libm.a(divsf3x.o)
                              c:/program files (x86)/atmel/studio/7.0/toolchain/avr8/avr8-gnu-toolchain/bin/../lib/gcc/avr/5.4.0/../../../../avr/lib/avrxmega2\libm.a(divsf3.o) (__divsf3x)
c:/program files (x86)/atmel/studio/7.0/toolchain/avr8/avr8-gnu-toolchain/bin/../lib/gcc/avr/5.4.0/../../../../avr/lib/avrxmega2\libm.a(fixunssfsi.o)
                              ADC.o (__fixunssfsi)
c:/program files (x86)/atmel/studio/7.0/toolchain/avr8/avr8-gnu-toolchain/bin/../lib/gcc/avr/5.4.0/../../../../avr/lib/avrxmega2\libm.a(floatsisf.o)
                              ADC.o (__floatunsisf)
c:/program files (x86)/atmel/studio/7.0/toolchain/avr8/avr8-gnu-toolchain/bin/../lib/gcc/avr/5.4.0/../../../../avr/lib/avrxmega2\libm.a(fp_inf.o)
                              c:/program files (x86)/atmel/studio/7.0/toolchain/avr8/avr8-gnu-toolchain/bin/../lib/gcc/avr/5.4.0/../../../../avr/lib/avrxmega2\libm.a(divsf3x.o) (__fp_inf)
c:/program files (x86)/atmel/studio/7.0/toolchain/avr8/avr8-gnu-toolchain/bin/../lib/gcc/avr/5.4.0/../../../../avr/lib/avrxmega2\libm.a(fp_nan.o)
                              c:/program files (x86)/atmel/studio/7.0/toolchain/avr8/avr8-gnu-toolchain/bin/../lib/gcc/avr/5.4.0/../../../../avr/lib/avrxmega2\libm.a(divsf3x.o) (__fp_nan)
c:/program files (x86)/atmel/studio/7.0/toolchain/avr8/avr8-gnu-toolchain/bin/../lib/gcc/avr/5.4.0/../../../../avr/lib/avrxmega2\libm.a(fp_pscA.o)
                              c:/program files (x86)/atmel/studio/7.0/toolchain/avr8/avr8-gnu-toolchain/bin/../lib/gcc/avr/5.4.0/../../../../avr/lib/avrxmega2\libm.a(divsf3x.o) (__fp_pscA)
c:/program files (x86)/atmel/studio/7.0/toolchain/avr8/avr8-gnu-toolchain/bin/../lib/gcc/avr/5.4.0/../../../../avr/lib/avrxmega2\libm.a(fp_pscB.o)
                              c:/program files (x86)/atmel/studio/7.0/toolchain/avr8/avr8-gnu-toolchain/bin/../lib/gcc/avr/5.4.0/../../../../avr/lib/avrxmega2\libm.a(divsf3x.o) (__fp_pscB)
c:/program files (x86)/atmel/studio/7.0/toolchain/avr8/avr8-gnu-toolchain/bin/../lib/gcc/avr/5.4.0/../../../../avr/lib/avrxmega2\libm.a(fp_round.o)
                              c:/program files (x86)/atmel/studio/7.0/toolchain/avr8/avr8-gnu-toolchain/bin/../lib/gcc/avr/5.4.0/../../../../avr/lib/avrxmega2\libm.a(divsf3.o) (__fp_round)
c:/program files (x86)/atmel/studio/7.0/toolchain/avr8/avr8-gnu-toolchain/bin/../lib/gcc/avr/5.4.0/../../../../avr/lib/avrxmega2\libm.a(fp_split3.o)
                              c:/program files (x86)/atmel/studio/7.0/toolchain/avr8/avr8-gnu-toolchain/bin/../lib/gcc/avr/5.4.0/../../../../avr/lib/avrxmega2\libm.a(divsf3x.o) (__fp_split3)
c:/program files (x86)/atmel/studio/7.0/toolchain/avr8/avr8-gnu-toolchain/bin/../lib/gcc/avr/5.4.0/../../../../avr/lib/avrxmega2\libm.a(fp_zero.o)
                              c:/program files (x86)/atmel/studio/7.0/toolchain/avr8/avr8-gnu-toolchain/bin/../lib/gcc/avr/5.4.0/../../../../avr/lib/avrxmega2\libm.a(fixunssfsi.o) (__fp_zero)
c:/program files (x86)/atmel/studio/7.0/toolchain/avr8/avr8-gnu-toolchain/bin/../lib/gcc/avr/5.4.0/../../../../avr/lib/avrxmega2\libm.a(mulsf3.o)
                              ADC.o (__mulsf3)
c:/program files (x86)/atmel/studio/7.0/toolchain/avr8/avr8-gnu-toolchain/bin/../lib/gcc/avr/5.4.0/../../../../avr/lib/avrxmega2\libm.a(mulsf3x.o)
                              c:/program files (x86)/atmel/studio/7.0/toolchain/avr8/avr8-gnu-toolchain/bin/../lib/gcc/avr/5.4.0/../../../../avr/lib/avrxmega2\libm.a(mulsf3.o) (__mulsf3x)
c:/program files (x86)/atmel/studio/7.0/toolchain/avr8/avr8-gnu-toolchain/bin/../lib/gcc/avr/5.4.0/avrxmega2\libgcc.a(_divmodhi4.o)
                              Actions.o (__divmodhi4)
c:/program files (x86)/atmel/studio/7.0/toolchain/avr8/avr8-gnu-toolchain/bin/../lib/gcc/avr/5.4.0/avrxmega2\libgcc.a(_udivmodsi4.o)
                              TCA.o (__udivmodsi4)
c:/program files (x86)/atmel/studio/7.0/toolchain/avr8/avr8-gnu-toolchain/bin/../lib/gcc/avr/5.4.0/avrxmega2\libgcc.a(_divmodsi4.o)
                              TCA.o (__divmodsi4)
c:/program files (x86)/atmel/studio/7.0/toolchain/avr8/avr8-gnu-toolchain/bin/../lib/gcc/avr/5.4.0/avrxmega2\libgcc.a(_negsi2.o)
                              c:/program files (x86)/atmel/studio/7.0/toolchain/avr8/avr8-gnu-toolchain/bin/../lib/gcc/avr/5.4.0/avrxmega2\libgcc.a(_divmodsi4.o) (__negsi2)
c:/program files (x86)/atmel/studio/7.0/toolchain/avr8/avr8-gnu-toolchain/bin/../lib/gcc/avr/5.4.0/avrxmega2\libgcc.a(_exit.o)
[...]
Memory Configuration

Name             Origin             Length             Attributes
text             0x00000000         0x00010000         xr
data             0x00806000         0x00002000         rw !x
eeprom           0x00810000         0x00000100         rw !x
fuse             0x00820000         0x00000010         rw !x
lock             0x00830000         0x00000400         rw !x
signature        0x00840000         0x00000400         rw !x
user_signatures  0x00850000         0x00000400         rw !x
*default*        0x00000000         0xffffffff

Linker script and memory map

Address of section .data set to 0x806000
                0x00008000                __RODATA_PM_OFFSET__ = 0x8000
LOAD C:/Program Files (x86)/Atmel/Studio/7.0/Packs/Atmel/AVR-Dx_DFP/2.7.321/gcc/dev/avr64dd32/avrxmega2/crtavr64dd32.o
LOAD Actions.o
LOAD ADC.o
LOAD CLK.o
LOAD CRC.o
LOAD FOUSART.o
LOAD GPIO.o
LOAD i2c.o
LOAD Joystick.o
LOAD LinearMotor.o
LOAD main.o
LOAD RS485LED.o
LOAD RS485USART.o
LOAD SSD1306.o
LOAD StepperMotor.o
LOAD TCA.o
LOAD TCD.o
LOAD USART.o
LOAD Windows.o
START GROUP
LOAD c:/program files (x86)/atmel/studio/7.0/toolchain/avr8/avr8-gnu-toolchain/bin/../lib/gcc/avr/5.4.0/../../../../avr/lib/avrxmega2\libm.a
END GROUP
START GROUP
LOAD c:/program files (x86)/atmel/studio/7.0/toolchain/avr8/avr8-gnu-toolchain/bin/../lib/gcc/avr/5.4.0/avrxmega2\libgcc.a
LOAD c:/program files (x86)/atmel/studio/7.0/toolchain/avr8/avr8-gnu-toolchain/bin/../lib/gcc/avr/5.4.0/../../../../avr/lib/avrxmega2\libm.a
LOAD c:/program files (x86)/atmel/studio/7.0/toolchain/avr8/avr8-gnu-toolchain/bin/../lib/gcc/avr/5.4.0/../../../../avr/lib/avrxmega2\libc.a
LOAD C:/Program Files (x86)/Atmel/Studio/7.0/Packs/Atmel/AVR-Dx_DFP/2.7.321/gcc/dev/avr64dd32/avrxmega2\libavr64dd32.a
END GROUP
                [0x00000000]                __TEXT_REGION_ORIGIN__ = DEFINED (__TEXT_REGION_ORIGIN__)?__TEXT_REGION_ORIGIN__:0x0
                [0x00806000]                __DATA_REGION_ORIGIN__ = DEFINED (__DATA_REGION_ORIGIN__)?__DATA_REGION_ORIGIN__:0x802000
                [0x00010000]                __TEXT_REGION_LENGTH__ = DEFINED (__TEXT_REGION_LENGTH__)?__TEXT_REGION_LENGTH__:0x100000
                [0x00002000]                __DATA_REGION_LENGTH__ = DEFINED (__DATA_REGION_LENGTH__)?__DATA_REGION_LENGTH__:0xffa0
                [0x00000100]                __EEPROM_REGION_LENGTH__ = DEFINED (__EEPROM_REGION_LENGTH__)?__EEPROM_REGION_LENGTH__:0x10000
                [0x00000010]                __FUSE_REGION_LENGTH__ = DEFINED (__FUSE_REGION_LENGTH__)?__FUSE_REGION_LENGTH__:0x400
                0x00000400                __LOCK_REGION_LENGTH__ = DEFINED (__LOCK_REGION_LENGTH__)?__LOCK_REGION_LENGTH__:0x400
                0x00000400                __SIGNATURE_REGION_LENGTH__ = DEFINED (__SIGNATURE_REGION_LENGTH__)?__SIGNATURE_REGION_LENGTH__:0x400
                0x00000400                __USER_SIGNATURE_REGION_LENGTH__ = DEFINED (__USER_SIGNATURE_REGION_LENGTH__)?__USER_SIGNATURE_REGION_LENGTH__:0x400

.hash
 *(.hash)

.dynsym
 *(.dynsym)

.dynstr
 *(.dynstr)

.gnu.version
 *(.gnu.version)

.gnu.version_d
 *(.gnu.version_d)

.gnu.version_r
 *(.gnu.version_r)

.rel.init
 *(.rel.init)

.rela.init
 *(.rela.init)

.rel.text
 *(.rel.text)
 *(.rel.text.*)
 *(.rel.gnu.linkonce.t*)

.rela.text
 *(.rela.text)
 *(.rela.text.*)
 *(.rela.gnu.linkonce.t*)

.rel.fini
 *(.rel.fini)

.rela.fini
 *(.rela.fini)

.rel.rodata
 *(.rel.rodata)
 *(.rel.rodata.*)
 *(.rel.gnu.linkonce.r*)

.rela.rodata
 *(.rela.rodata)
 *(.rela.rodata.*)
 *(.rela.gnu.linkonce.r*)

.rel.data
 *(.rel.data)
 *(.rel.data.*)
 *(.rel.gnu.linkonce.d*)

.rela.data
 *(.rela.data)
 *(.rela.data.*)
 *(.rela.gnu.linkonce.d*)

.rel.ctors
 *(.rel.ctors)

.rela.ctors
 *(.rela.ctors)

.rel.dtors
 *(.rel.dtors)

.rela.dtors
 *(.rela.dtors)

.rel.got
 *(.rel.got)

.rela.got
 *(.rela.got)

.rel.bss
 *(.rel.bss)

.rela.bss
 *(.rela.bss)

.rel.plt
 *(.rel.plt)

.rela.plt
 *(.rela.plt)

.text           0x00000000     0x27d2
 *(.vectors)
 .vectors       0x00000000       0x90 C:/Program Files (x86)/Atmel/Studio/7.0/Packs/Atmel/AVR-Dx_DFP/2.7.321/gcc/dev/avr64dd32/avrxmega2/crtavr64dd32.o
                0x00000000                __vector_default
                0x00000000                __vectors
 *(.vectors)
 *(.progmem.gcc*)
                0x00000090                . = ALIGN (0x2)
                0x00000090                __trampolines_start = .
 *(.trampolines)
 .trampolines   0x00000090        0x0 linker stubs
 *(.trampolines*)
                0x00000090                __trampolines_end = .
 *libprintf_flt.a:*(.progmem.data)
 *libc.a:*(.progmem.data)
 *(.progmem*)
                0x00000090                . = ALIGN (0x2)
 *(.jumptables)
 *(.jumptables*)
 *(.lowtext)
 *(.lowtext*)
                0x00000090                __ctors_start = .
 *(.ctors)
                0x00000090                __ctors_end = .
                0x00000090                __dtors_start = .
 *(.dtors)
                0x00000090                __dtors_end = .
 SORT(*)(.ctors)
 SORT(*)(.dtors)
 *(.init0)
 .init0         0x00000090        0x0 C:/Program Files (x86)/Atmel/Studio/7.0/Packs/Atmel/AVR-Dx_DFP/2.7.321/gcc/dev/avr64dd32/avrxmega2/crtavr64dd32.o
                0x00000090                __init
 *(.init0)
 *(.init1)
 *(.init1)
 *(.init2)
 .init2         0x00000090        0xc C:/Program Files (x86)/Atmel/Studio/7.0/Packs/Atmel/AVR-Dx_DFP/2.7.321/gcc/dev/avr64dd32/avrxmega2/crtavr64dd32.o
 *(.init2)
 *(.init3)
 *(.init3)
 *(.init4)
 .init4         0x0000009c       0x16 c:/program files (x86)/atmel/studio/7.0/toolchain/avr8/avr8-gnu-toolchain/bin/../lib/gcc/avr/5.4.0/avrxmega2\libgcc.a(_copy_data.o)
                0x0000009c                __do_copy_data
 .init4         0x000000b2       0x10 c:/program files (x86)/atmel/studio/7.0/toolchain/avr8/avr8-gnu-toolchain/bin/../lib/gcc/avr/5.4.0/avrxmega2\libgcc.a(_clear_bss.o)
                0x000000b2                __do_clear_bss
 *(.init4)
 *(.init5)
 *(.init5)
 *(.init6)
 *(.init6)
 *(.init7)
 *(.init7)
 *(.init8)
 *(.init8)
 *(.init9)
 .init9         0x000000c2        0x8 C:/Program Files (x86)/Atmel/Studio/7.0/Packs/Atmel/AVR-Dx_DFP/2.7.321/gcc/dev/avr64dd32/avrxmega2/crtavr64dd32.o
 *(.init9)
 *(.text)
 .text          0x000000ca        0x4 C:/Program Files (x86)/Atmel/Studio/7.0/Packs/Atmel/AVR-Dx_DFP/2.7.321/gcc/dev/avr64dd32/avrxmega2/crtavr64dd32.o
                0x000000ca                __vector_22
                0x000000ca                __vector_28
                0x000000ca                __vector_1
                0x000000ca                __vector_32
                0x000000ca                __vector_34
                0x000000ca                __vector_24
                0x000000ca                __vector_12
                0x000000ca                __bad_interrupt
                0x000000ca                __vector_6
                0x000000ca                __vector_31
                0x000000ca                __vector_35
                0x000000ca                __vector_3
                0x000000ca                __vector_23
                0x000000ca                __vector_30
                0x000000ca                __vector_25
                0x000000ca                __vector_11
                0x000000ca                __vector_13
                0x000000ca                __vector_17
                0x000000ca                __vector_19
                0x000000ca                __vector_7
                0x000000ca                __vector_27
                0x000000ca                __vector_5
                0x000000ca                __vector_33
                0x000000ca                __vector_4
                0x000000ca                __vector_9
                0x000000ca                __vector_2
                0x000000ca                __vector_21
                0x000000ca                __vector_15
                0x000000ca                __vector_29
                0x000000ca                __vector_8
                0x000000ca                __vector_26
                0x000000ca                __vector_14
                0x000000ca                __vector_10
                0x000000ca                __vector_16
                0x000000ca                __vector_18
                0x000000ca                __vector_20
                0x000000ce                . = ALIGN (0x2)
 *(.text.*)
 .text.normalize
                0x000000ce       0x12 Actions.o
                0x000000ce                normalize
 .text.angle_diff
                0x000000e0       0x30 Actions.o
                0x000000e0                angle_diff
 .text.get_safe_azimuth
                0x00000110       0xaa Actions.o
                0x00000110                get_safe_azimuth
 .text.MotorControl
                0x000001ba      0x27c Actions.o
                0x000001ba                MotorControl
 .text.work     0x00000436       0x72 Actions.o
                0x00000436                work
 .text.ADC0_init
                0x000004a8       0x10 ADC.o
                0x000004a8                ADC0_init
 .text.ADC0_SetupJoystick
                0x000004b8        0xc ADC.o
                0x000004b8                ADC0_SetupJoystick
 .text.ADC0_SetupLinearMotor
                0x000004c4       0x20 ADC.o
                0x000004c4                ADC0_SetupLinearMotor
 .text.ADC0_SetupStepper
                0x000004e4       0x20 ADC.o
                0x000004e4                ADC0_SetupStepper
 .text.ADC0_SetupSysVoltage
                0x00000504        0xc ADC.o
                0x00000504                ADC0_SetupSysVoltage
 .text.ADC0_read
                0x00000510       0x28 ADC.o
                0x00000510                ADC0_read
 .text.Read_MCU_Voltge
                0x00000538       0x26 ADC.o
                0x00000538                Read_MCU_Voltge
 .text.CLOCK_XOSCHF_clock_init
                0x0000055e       0x1e CLK.o
                0x0000055e                CLOCK_XOSCHF_clock_init
 .text.crc8_cdma2000
                0x0000057c      0x10e CRC.o
                0x0000057c                crc8_cdma2000
 .text.verify_crc8_cdma2000
                0x0000068a       0x1a CRC.o
                0x0000068a                verify_crc8_cdma2000
 .text.hexToUint64
                0x000006a4       0xb2 FOUSART.o
                0x000006a4                hexToUint64
 .text.FODataSplitter
                0x00000756      0x218 FOUSART.o
                0x00000756                FODataSplitter
 .text.FOReceiver
                0x0000096e       0xb8 FOUSART.o
                0x0000096e                FOReceiver
 .text.GPIO_init
                0x00000a26       0x6a GPIO.o
                0x00000a26                GPIO_init
 .text.I2C_init
                0x00000a90       0x14 i2c.o
                0x00000a90                I2C_init
 .text.TransmitAdd
                0x00000aa4       0x54 i2c.o
                0x00000aa4                TransmitAdd
 .text.TransmitByte
                0x00000af8       0x56 i2c.o
                0x00000af8                TransmitByte
 .text.WriteToReg
                0x00000b4e       0x32 i2c.o
                0x00000b4e                WriteToReg
 .text.ReadButton
                0x00000b80        0xe Joystick.o
                0x00000b80                ReadButton
 .text.ReadJoystickValues
                0x00000b8e       0x4c Joystick.o
                0x00000b8e                ReadJoystickValues
 .text.SelectWindow
                0x00000bda       0x1e Joystick.o
                0x00000bda                SelectWindow
 .text.LinearMotor_enable
                0x00000bf8       0x20 LinearMotor.o
                0x00000bf8                LinearMotor_enable
 .text.LinearMotor_disable
                0x00000c18       0x20 LinearMotor.o
                0x00000c18                LinearMotor_disable
 .text.LinearMotor_start
                0x00000c38       0x24 LinearMotor.o
                0x00000c38                LinearMotor_start
 .text.LinearMotor_stop
                0x00000c5c       0x3c LinearMotor.o
                0x00000c5c                LinearMotor_stop
 .text.LinearMotor_set_direction
                0x00000c98       0x34 LinearMotor.o
                0x00000c98                LinearMotor_set_direction
 .text.LinearMotor_init
                0x00000ccc       0x12 LinearMotor.o
                0x00000ccc                LinearMotor_init
 .text.Read_LinearMotor_Voltage
                0x00000cde       0x34 LinearMotor.o
                0x00000cde                Read_LinearMotor_Voltage
 .text.Read_LinearMotor_Current
                0x00000d12       0x30 LinearMotor.o
                0x00000d12                Read_LinearMotor_Current
 .text.main     0x00000d42       0x42 main.o
                0x00000d42                main
 .text.RS485_Led
                0x00000d84       0x30 RS485LED.o
                0x00000d84                RS485_Led
 .text.RS485DataSplitter
                0x00000db4       0x84 RS485USART.o
                0x00000db4                RS485DataSplitter
 .text.RS485Receiver
                0x00000e38       0x98 RS485USART.o
                0x00000e38                RS485Receiver
 .text.screen_command
                0x00000ed0        0xc SSD1306.o
                0x00000ed0                screen_command
 .text.screen_data
                0x00000edc        0xc SSD1306.o
                0x00000edc                screen_data
 .text.screen_init
                0x00000ee8       0x26 SSD1306.o
                0x00000ee8                screen_init
 .text.screen_draw_char
                0x00000f0e       0x68 SSD1306.o
                0x00000f0e                screen_draw_char
 .text.screen_clear
                0x00000f76       0x4a SSD1306.o
                0x00000f76                screen_clear
 .text.screen_draw_text
                0x00000fc0       0x3e SSD1306.o
                0x00000fc0                screen_draw_text
 .text.screen_write_text
                0x00000ffe       0x4e SSD1306.o
                0x00000ffe                screen_write_text
 .text.calculate_start_pixel
                0x0000104c       0x4a SSD1306.o
                0x0000104c                calculate_start_pixel
 .text.screen_write_text_aligned
                0x00001096       0x22 SSD1306.o
                0x00001096                screen_write_text_aligned
 .text.screen_write_formatted_text
                0x000010b8       0x3c SSD1306.o
                0x000010b8                screen_write_formatted_text
 .text.Stepper_enable
                0x000010f4       0x2c StepperMotor.o
                0x000010f4                Stepper_enable
 .text.Stepper_disable
                0x00001120       0x1a StepperMotor.o
                0x00001120                Stepper_disable
 .text.Stepper_start
                0x0000113a       0x26 StepperMotor.o
                0x0000113a                Stepper_start
 .text.Stepper_stop
                0x00001160       0x26 StepperMotor.o
                0x00001160                Stepper_stop
 .text.Stepper_set_direction
                0x00001186       0x34 StepperMotor.o
                0x00001186                Stepper_set_direction
 .text.Stepper_init
                0x000011ba       0x10 StepperMotor.o
                0x000011ba                Stepper_init
 .text.Read_Stepper_Voltage
                0x000011ca       0x34 StepperMotor.o
                0x000011ca                Read_Stepper_Voltage
 .text.Read_Stepper_Current
                0x000011fe       0x30 StepperMotor.o
                0x000011fe                Read_Stepper_Current
 .text.TCA0_init_linear_PWM
                0x0000122e      0x120 TCA.o
                0x0000122e                TCA0_init_linear_PWM
 .text.TCD0_init_stepper_PWM
                0x0000134e       0xbe TCD.o
                0x0000134e                TCD0_init_stepper_PWM
 .text.USART0_init
                0x0000140c       0x1a USART.o
                0x0000140c                USART0_init
 .text.USART0_readChar
                0x00001426       0x26 USART.o
                0x00001426                USART0_readChar
 .text.USART1_init
                0x0000144c       0x16 USART.o
                0x0000144c                USART1_init
 .text.USART1_readChar
                0x00001462       0x2e USART.o
                0x00001462                USART1_readChar
 .text.screenUpdater
                0x00001490      0x19a Windows.o
                0x00001490                screenUpdater
 .text.windows  0x0000162a      0x3d0 Windows.o
                0x0000162a                windows
 .text.avr-libc.fplib
                0x000019fa        0x8 c:/program files (x86)/atmel/studio/7.0/toolchain/avr8/avr8-gnu-toolchain/bin/../lib/gcc/avr/5.4.0/../../../../avr/lib/avrxmega2\libm.a(divsf3.o)
                0x000019fa                __divsf3
 .text.avr-libc.fplib
                0x00001a02       0xdc c:/program files (x86)/atmel/studio/7.0/toolchain/avr8/avr8-gnu-toolchain/bin/../lib/gcc/avr/5.4.0/../../../../avr/lib/avrxmega2\libm.a(divsf3x.o)
                0x00001a22                __divsf3x
                0x00001a28                __divsf3_pse
 .text.avr-libc.fplib
                0x00001ade       0x5e c:/program files (x86)/atmel/studio/7.0/toolchain/avr8/avr8-gnu-toolchain/bin/../lib/gcc/avr/5.4.0/../../../../avr/lib/avrxmega2\libm.a(fixunssfsi.o)
                0x00001ade                __fixunssfsi
 .text.avr-libc.fplib
                0x00001b3c       0x7a c:/program files (x86)/atmel/studio/7.0/toolchain/avr8/avr8-gnu-toolchain/bin/../lib/gcc/avr/5.4.0/../../../../avr/lib/avrxmega2\libm.a(floatsisf.o)
                0x00001b3c                __floatunsisf
                0x00001b40                __floatsisf
 .text.avr-libc.fplib
                0x00001bb6        0xc c:/program files (x86)/atmel/studio/7.0/toolchain/avr8/avr8-gnu-toolchain/bin/../lib/gcc/avr/5.4.0/../../../../avr/lib/avrxmega2\libm.a(fp_inf.o)
                0x00001bb6                __fp_inf
 .text.avr-libc.fplib
                0x00001bc2        0x6 c:/program files (x86)/atmel/studio/7.0/toolchain/avr8/avr8-gnu-toolchain/bin/../lib/gcc/avr/5.4.0/../../../../avr/lib/avrxmega2\libm.a(fp_nan.o)
                0x00001bc2                __fp_nan
 .text.avr-libc.fplib
                0x00001bc8        0xe c:/program files (x86)/atmel/studio/7.0/toolchain/avr8/avr8-gnu-toolchain/bin/../lib/gcc/avr/5.4.0/../../../../avr/lib/avrxmega2\libm.a(fp_pscA.o)
                0x00001bc8                __fp_pscA
 .text.avr-libc.fplib
                0x00001bd6        0xe c:/program files (x86)/atmel/studio/7.0/toolchain/avr8/avr8-gnu-toolchain/bin/../lib/gcc/avr/5.4.0/../../../../avr/lib/avrxmega2\libm.a(fp_pscB.o)
                0x00001bd6                __fp_pscB
 .text.avr-libc.fplib
                0x00001be4       0x22 c:/program files (x86)/atmel/studio/7.0/toolchain/avr8/avr8-gnu-toolchain/bin/../lib/gcc/avr/5.4.0/../../../../avr/lib/avrxmega2\libm.a(fp_round.o)
                0x00001be4                __fp_round
 .text.avr-libc.fplib
                0x00001c06       0x44 c:/program files (x86)/atmel/studio/7.0/toolchain/avr8/avr8-gnu-toolchain/bin/../lib/gcc/avr/5.4.0/../../../../avr/lib/avrxmega2\libm.a(fp_split3.o)
                0x00001c06                __fp_split3
                0x00001c16                __fp_splitA
 .text.avr-libc.fplib
                0x00001c4a        0xe c:/program files (x86)/atmel/studio/7.0/toolchain/avr8/avr8-gnu-toolchain/bin/../lib/gcc/avr/5.4.0/../../../../avr/lib/avrxmega2\libm.a(fp_zero.o)
                0x00001c4a                __fp_zero
                0x00001c4c                __fp_szero
 .text.avr-libc.fplib
                0x00001c58        0x8 c:/program files (x86)/atmel/studio/7.0/toolchain/avr8/avr8-gnu-toolchain/bin/../lib/gcc/avr/5.4.0/../../../../avr/lib/avrxmega2\libm.a(mulsf3.o)
                0x00001c58                __mulsf3
 .text.avr-libc.fplib
                0x00001c60       0xd2 c:/program files (x86)/atmel/studio/7.0/toolchain/avr8/avr8-gnu-toolchain/bin/../lib/gcc/avr/5.4.0/../../../../avr/lib/avrxmega2\libm.a(mulsf3x.o)
                0x00001c7e                __mulsf3x
                0x00001c84                __mulsf3_pse
 .text.libgcc.div
                0x00001d32       0x28 c:/program files (x86)/atmel/studio/7.0/toolchain/avr8/avr8-gnu-toolchain/bin/../lib/gcc/avr/5.4.0/avrxmega2\libgcc.a(_divmodhi4.o)
                0x00001d32                _div
                0x00001d32                __divmodhi4
 .text.libgcc.div
                0x00001d5a       0x44 c:/program files (x86)/atmel/studio/7.0/toolchain/avr8/avr8-gnu-toolchain/bin/../lib/gcc/avr/5.4.0/avrxmega2\libgcc.a(_udivmodsi4.o)
                0x00001d5a                __udivmodsi4
 .text.libgcc.div
                0x00001d9e       0x2e c:/program files (x86)/atmel/studio/7.0/toolchain/avr8/avr8-gnu-toolchain/bin/../lib/gcc/avr/5.4.0/avrxmega2\libgcc.a(_divmodsi4.o)
                0x00001d9e                __divmodsi4
 .text.libgcc.div
                0x00001dcc       0x10 c:/program files (x86)/atmel/studio/7.0/toolchain/avr8/avr8-gnu-toolchain/bin/../lib/gcc/avr/5.4.0/avrxmega2\libgcc.a(_negsi2.o)
                0x00001dcc                __negsi2
 .text.libgcc.mul
                0x00001ddc       0x1e c:/program files (x86)/atmel/studio/7.0/toolchain/avr8/avr8-gnu-toolchain/bin/../lib/gcc/avr/5.4.0/avrxmega2\libgcc.a(_umulhisi3.o)
                0x00001ddc                __umulhisi3
 .text.libgcc.builtins
                0x00001dfa       0x32 c:/program files (x86)/atmel/studio/7.0/toolchain/avr8/avr8-gnu-toolchain/bin/../lib/gcc/avr/5.4.0/avrxmega2\libgcc.a(_ashldi3.o)
                0x00001dfa                __ashldi3
 .text.libgcc.builtins
                0x00001e2c       0x3c c:/program files (x86)/atmel/studio/7.0/toolchain/avr8/avr8-gnu-toolchain/bin/../lib/gcc/avr/5.4.0/avrxmega2\libgcc.a(_ashrdi3.o)
                0x00001e2c                __ashrdi3
                0x00001e30                __lshrdi3
 .text.libgcc   0x00001e68       0x18 c:/program files (x86)/atmel/studio/7.0/toolchain/avr8/avr8-gnu-toolchain/bin/../lib/gcc/avr/5.4.0/avrxmega2\libgcc.a(_cmpdi2_s8.o)
                0x00001e68                __cmpdi2_s8
 .text.libgcc.div
                0x00001e80       0x28 c:/program files (x86)/atmel/studio/7.0/toolchain/avr8/avr8-gnu-toolchain/bin/../lib/gcc/avr/5.4.0/avrxmega2\libgcc.a(_udivmodhi4.o)
                0x00001e80                __udivmodhi4
 .text.avr-libc
                0x00001ea8      0x22c c:/program files (x86)/atmel/studio/7.0/toolchain/avr8/avr8-gnu-toolchain/bin/../lib/gcc/avr/5.4.0/../../../../avr/lib/avrxmega2\libc.a(strtol.o)
                0x00001ea8                strtol
 .text.avr-libc
                0x000020d4       0x12 c:/program files (x86)/atmel/studio/7.0/toolchain/avr8/avr8-gnu-toolchain/bin/../lib/gcc/avr/5.4.0/../../../../avr/lib/avrxmega2\libc.a(isspace.o)
                0x000020d4                isspace
 .text.avr-libc
                0x000020e6        0xa c:/program files (x86)/atmel/studio/7.0/toolchain/avr8/avr8-gnu-toolchain/bin/../lib/gcc/avr/5.4.0/../../../../avr/lib/avrxmega2\libc.a(strtok.o)
                0x000020e6                strtok
 .text.avr-libc
                0x000020f0       0x12 c:/program files (x86)/atmel/studio/7.0/toolchain/avr8/avr8-gnu-toolchain/bin/../lib/gcc/avr/5.4.0/../../../../avr/lib/avrxmega2\libc.a(memcpy.o)
                0x000020f0                memcpy
 .text.avr-libc
                0x00002102       0x12 c:/program files (x86)/atmel/studio/7.0/toolchain/avr8/avr8-gnu-toolchain/bin/../lib/gcc/avr/5.4.0/../../../../avr/lib/avrxmega2\libc.a(strcmp.o)
                0x00002102                strcmp
 .text.avr-libc
                0x00002114        0xe c:/program files (x86)/atmel/studio/7.0/toolchain/avr8/avr8-gnu-toolchain/bin/../lib/gcc/avr/5.4.0/../../../../avr/lib/avrxmega2\libc.a(strcpy.o)
                0x00002114                strcpy
 .text.avr-libc
                0x00002122       0x1c c:/program files (x86)/atmel/studio/7.0/toolchain/avr8/avr8-gnu-toolchain/bin/../lib/gcc/avr/5.4.0/../../../../avr/lib/avrxmega2\libc.a(strncmp.o)
                0x00002122                strncmp
 .text.avr-libc
                0x0000213e       0x1e c:/program files (x86)/atmel/studio/7.0/toolchain/avr8/avr8-gnu-toolchain/bin/../lib/gcc/avr/5.4.0/../../../../avr/lib/avrxmega2\libc.a(strncpy.o)
                0x0000213e                strncpy
 .text.avr-libc
                0x0000215c       0x4e c:/program files (x86)/atmel/studio/7.0/toolchain/avr8/avr8-gnu-toolchain/bin/../lib/gcc/avr/5.4.0/../../../../avr/lib/avrxmega2\libc.a(strtok_r.o)
                0x0000215c                strtok_r
 .text.avr-libc
                0x000021aa       0x58 c:/program files (x86)/atmel/studio/7.0/toolchain/avr8/avr8-gnu-toolchain/bin/../lib/gcc/avr/5.4.0/../../../../avr/lib/avrxmega2\libc.a(vsnprintf.o)
                0x000021aa                vsnprintf
 .text.avr-libc
                0x00002202      0x3c2 c:/program files (x86)/atmel/studio/7.0/toolchain/avr8/avr8-gnu-toolchain/bin/../lib/gcc/avr/5.4.0/../../../../avr/lib/avrxmega2\libc.a(vfprintf_std.o)
                0x00002202                vfprintf
 .text.avr-libc
                0x000025c4        0x6 c:/program files (x86)/atmel/studio/7.0/toolchain/avr8/avr8-gnu-toolchain/bin/../lib/gcc/avr/5.4.0/../../../../avr/lib/avrxmega2\libc.a(cty_isfalse.o)
                0x000025c4                __ctype_isfalse
                0x000025c8                __ctype_istrue
 .text.avr-libc
                0x000025ca       0x16 c:/program files (x86)/atmel/studio/7.0/toolchain/avr8/avr8-gnu-toolchain/bin/../lib/gcc/avr/5.4.0/../../../../avr/lib/avrxmega2\libc.a(strnlen_P.o)
                0x000025ca                strnlen_P
 .text.avr-libc
                0x000025e0       0x16 c:/program files (x86)/atmel/studio/7.0/toolchain/avr8/avr8-gnu-toolchain/bin/../lib/gcc/avr/5.4.0/../../../../avr/lib/avrxmega2\libc.a(strnlen.o)
                0x000025e0                strnlen
 .text.avr-libc
                0x000025f6       0x78 c:/program files (x86)/atmel/studio/7.0/toolchain/avr8/avr8-gnu-toolchain/bin/../lib/gcc/avr/5.4.0/../../../../avr/lib/avrxmega2\libc.a(fputc.o)
                0x000025f6                fputc
 .text.avr-libc
                0x0000266e       0xbc c:/program files (x86)/atmel/studio/7.0/toolchain/avr8/avr8-gnu-toolchain/bin/../lib/gcc/avr/5.4.0/../../../../avr/lib/avrxmega2\libc.a(ultoa_invert.o)
                0x0000266e                __ultoa_invert
 .text.avr-libc
                0x0000272a        0xc C:/Program Files (x86)/Atmel/Studio/7.0/Packs/Atmel/AVR-Dx_DFP/2.7.321/gcc/dev/avr64dd32/avrxmega2\libavr64dd32.a(ccp_write.o)
                0x0000272a                ccp_write_io
 .text.libgcc.mul
                0x00002736       0x20 c:/program files (x86)/atmel/studio/7.0/toolchain/avr8/avr8-gnu-toolchain/bin/../lib/gcc/avr/5.4.0/avrxmega2\libgcc.a(_mulsi3.o)
                0x00002736                __mulsi3
 .text.libgcc.mul
                0x00002756       0x16 c:/program files (x86)/atmel/studio/7.0/toolchain/avr8/avr8-gnu-toolchain/bin/../lib/gcc/avr/5.4.0/avrxmega2\libgcc.a(_muluhisi3.o)
                0x00002756                __muluhisi3
 .text.libgcc.prologue
                0x0000276c       0x32 c:/program files (x86)/atmel/studio/7.0/toolchain/avr8/avr8-gnu-toolchain/bin/../lib/gcc/avr/5.4.0/avrxmega2\libgcc.a(_prologue.o)
                0x0000276c                __prologue_saves__
 .text.libgcc.prologue
                0x0000279e       0x30 c:/program files (x86)/atmel/studio/7.0/toolchain/avr8/avr8-gnu-toolchain/bin/../lib/gcc/avr/5.4.0/avrxmega2\libgcc.a(_epilogue.o)
                0x0000279e                __epilogue_restores__
                0x000027ce                . = ALIGN (0x2)
 *(.fini9)
 .fini9         0x000027ce        0x0 c:/program files (x86)/atmel/studio/7.0/toolchain/avr8/avr8-gnu-toolchain/bin/../lib/gcc/avr/5.4.0/avrxmega2\libgcc.a(_exit.o)
                0x000027ce                _exit
                0x000027ce                exit
 *(.fini9)
 *(.fini8)
 *(.fini8)
 *(.fini7)
 *(.fini7)
 *(.fini6)
 *(.fini6)
 *(.fini5)
 *(.fini5)
 *(.fini4)
 *(.fini4)
 *(.fini3)
 *(.fini3)
 *(.fini2)
 *(.fini2)
 *(.fini1)
 *(.fini1)
 *(.fini0)
 .fini0         0x000027ce        0x4 c:/program files (x86)/atmel/studio/7.0/toolchain/avr8/avr8-gnu-toolchain/bin/../lib/gcc/avr/5.4.0/avrxmega2\libgcc.a(_exit.o)
 *(.fini0)
                0x000027d2                _etext = .

.data           0x00806000      0x566 load address 0x000027d2
                0x00806000                PROVIDE (__data_start, .)
 *(.data)
 *(.data*)
 .data.StepperMotorCtrl
                0x00806000       0x25 Actions.o
                0x00806000                StepperMotorCtrl
 .data.LinearMotorCtrl
                0x00806025       0x25 Actions.o
                0x00806025                LinearMotorCtrl
 .data.Target   0x0080604a        0xa Actions.o
                0x0080604a                Target
 .data.font     0x00806054      0x325 SSD1306.o
                0x00806054                font
 .data.ssd1306Commands
                0x00806379       0x1a SSD1306.o
                0x00806379                ssd1306Commands
 *(.gnu.linkonce.d*)
 *(.rodata)
 .rodata        0x00806393        0x6 FOUSART.o
 .rodata        0x00806399        0xc RS485USART.o
 .rodata        0x008063a5       0x18 TCA.o
 *(.rodata*)
 .rodata.crc8_table
                0x008063bd      0x100 CRC.o
                0x008063bd                crc8_table
 .rodata.str1.1
                0x008064bd        0xf FOUSART.o
 .rodata.str1.1
                0x008064cc        0x2 RS485USART.o
 .rodata.str1.1
                0x008064ce       0x97 Windows.o
 *(.gnu.linkonce.r*)
                0x00806566                . = ALIGN (0x2)
 *fill*         0x00806565        0x1 
                0x00806566                _edata = .
                0x00806566                PROVIDE (__data_end, .)

.bss            0x00806566       0x7c
                0x00806566                PROVIDE (__bss_start, .)
 *(.bss)
 .bss           0x00806566        0x2 c:/program files (x86)/atmel/studio/7.0/toolchain/avr8/avr8-gnu-toolchain/bin/../lib/gcc/avr/5.4.0/../../../../avr/lib/avrxmega2\libc.a(strtok.o)
 *(.bss*)
 .bss.SensorData
                0x00806568       0x3f FOUSART.o
                0x00806568                SensorData
 .bss.I2C       0x008065a7        0x1 i2c.o
                0x008065a7                I2C
 .bss.Joystick  0x008065a8        0x6 Joystick.o
                0x008065a8                Joystick
 .bss.LinearMotor
                0x008065ae        0xb LinearMotor.o
                0x008065ae                LinearMotor
 .bss.WSData    0x008065b9        0xa RS485USART.o
                0x008065b9                WSData
 .bss.StepperMotor
                0x008065c3        0xb StepperMotor.o
                0x008065c3                StepperMotor
 .bss.show      0x008065ce       0x12 Windows.o
                0x008065ce                show
 *(COMMON)
 COMMON         0x008065e0        0x2 c:/program files (x86)/atmel/studio/7.0/toolchain/avr8/avr8-gnu-toolchain/bin/../lib/gcc/avr/5.4.0/../../../../avr/lib/avrxmega2\libc.a(errno.o)
                0x008065e0                errno
                0x008065e2                PROVIDE (__bss_end, .)
                0x000027d2                __data_load_start = LOADADDR (.data)
                0x00002d38                __data_load_end = (__data_load_start + SIZEOF (.data))

.noinit         0x008065e2        0x0
                [!provide]                PROVIDE (__noinit_start, .)
 *(.noinit*)
                [!provide]                PROVIDE (__noinit_end, .)
                0x008065e2                _end = .
                [!provide]                PROVIDE (__heap_start, .)

.eeprom         0x00810000        0x0
 *(.eeprom*)
                0x00810000                __eeprom_end = .

.fuse
 *(.fuse)
 *(.lfuse)
 *(.hfuse)
 *(.efuse)

.lock
 *(.lock*)

.signature
 *(.signature*)

.user_signatures
 *(.user_signatures*)

.stab
 *(.stab)

.stabstr
 *(.stabstr)

.stab.excl
 *(.stab.excl)

.stab.exclstr
 *(.stab.exclstr)

.stab.index
 *(.stab.index)

.stab.indexstr
 *(.stab.indexstr)

.comment        0x00000000       0x5c
 *(.comment)
 .comment       0x00000000       0x30 Actions.o
                                 0x31 (size before relaxing)
 .comment       0x00000030       0x31 ADC.o
 .comment       0x00000030       0x31 CLK.o
 .comment       0x00000030       0x31 CRC.o
 .comment       0x00000030       0x31 FOUSART.o
 .comment       0x00000030       0x31 GPIO.o
 .comment       0x00000030       0x31 i2c.o
 .comment       0x00000030       0x31 Joystick.o
 .comment       0x00000030       0x31 LinearMotor.o
 .comment       0x00000030       0x31 main.o
 .comment       0x00000030       0x31 RS485LED.o
 .comment       0x00000030       0x31 RS485USART.o
 .comment       0x00000030       0x31 SSD1306.o
 .comment       0x00000030       0x31 StepperMotor.o
 .comment       0x00000030       0x31 TCA.o
 .comment       0x00000030       0x31 TCD.o
 .comment       0x00000030       0x31 USART.o
 .comment       0x00000030       0x31 Windows.o
 .comment       0x00000030       0x31 c:/program files (x86)/atmel/studio/7.0/toolchain/avr8/avr8-gnu-toolchain/bin/../lib/gcc/avr/5.4.0/../../../../avr/lib/avrxmega2\libc.a(strtol.o)
 .comment       0x00000030       0x31 c:/program files (x86)/atmel/studio/7.0/toolchain/avr8/avr8-gnu-toolchain/bin/../lib/gcc/avr/5.4.0/../../../../avr/lib/avrxmega2\libc.a(strtok.o)
 .comment       0x00000030       0x31 c:/program files (x86)/atmel/studio/7.0/toolchain/avr8/avr8-gnu-toolchain/bin/../lib/gcc/avr/5.4.0/../../../../avr/lib/avrxmega2\libc.a(vsnprintf.o)
 .comment       0x00000030       0x2c c:/program files (x86)/atmel/studio/7.0/toolchain/avr8/avr8-gnu-toolchain/bin/../lib/gcc/avr/5.4.0/../../../../avr/lib/avrxmega2\libc.a(vfprintf_std.o)
                                 0x2d (size before relaxing)
 .comment       0x0000005c       0x2d c:/program files (x86)/atmel/studio/7.0/toolchain/avr8/avr8-gnu-toolchain/bin/../lib/gcc/avr/5.4.0/../../../../avr/lib/avrxmega2\libc.a(errno.o)
 .comment       0x0000005c       0x31 c:/program files (x86)/atmel/studio/7.0/toolchain/avr8/avr8-gnu-toolchain/bin/../lib/gcc/avr/5.4.0/../../../../avr/lib/avrxmega2\libc.a(fputc.o)

.note.gnu.avr.deviceinfo
                0x00000000       0x3c
 .note.gnu.avr.deviceinfo
                0x00000000       0x3c C:/Program Files (x86)/Atmel/Studio/7.0/Packs/Atmel/AVR-Dx_DFP/2.7.321/gcc/dev/avr64dd32/avrxmega2/crtavr64dd32.o

.note.gnu.build-id
 *(.note.gnu.build-id)

.debug
 *(.debug)

.line
 *(.line)

.debug_srcinfo
 *(.debug_srcinfo)

.debug_sfnames
 *(.debug_sfnames)

.debug_aranges  0x00000000      0x458
 *(.debug_aranges)
 .debug_aranges
                0x00000000       0x48 Actions.o
 .debug_aranges
                0x00000048       0x50 ADC.o
 .debug_aranges
                0x00000098       0x28 CLK.o
 .debug_aranges
                0x000000c0       0x28 CRC.o
 .debug_aranges
                0x000000e8       0x30 FOUSART.o
 .debug_aranges
                0x00000118       0x20 GPIO.o
 .debug_aranges
                0x00000138       0x50 i2c.o
 .debug_aranges
                0x00000188       0x30 Joystick.o
 .debug_aranges
                0x000001b8       0x60 LinearMotor.o
 .debug_aranges
                0x00000218       0x20 main.o
 .debug_aranges
                0x00000238       0x20 RS485LED.o
 .debug_aranges
                0x00000258       0x28 RS485USART.o
 .debug_aranges
                0x00000280       0x78 SSD1306.o
 .debug_aranges
                0x000002f8       0x68 StepperMotor.o
 .debug_aranges
                0x00000360       0x20 TCA.o
 .debug_aranges
                0x00000380       0x20 TCD.o
 .debug_aranges
                0x000003a0       0x70 USART.o
 .debug_aranges
                0x00000410       0x28 Windows.o
 .debug_aranges
                0x00000438       0x20 C:/Program Files (x86)/Atmel/Studio/7.0/Packs/Atmel/AVR-Dx_DFP/2.7.321/gcc/dev/avr64dd32/avrxmega2\libavr64dd32.a(ccp_write.o)

.debug_pubnames
 *(.debug_pubnames)

.debug_info     0x00000000     0x8d86
 *(.debug_info .gnu.linkonce.wi.*)
 .debug_info    0x00000000     0x22a4 C:/Program Files (x86)/Atmel/Studio/7.0/Packs/Atmel/AVR-Dx_DFP/2.7.321/gcc/dev/avr64dd32/avrxmega2/crtavr64dd32.o
 .debug_info    0x000022a4      0x92e Actions.o
 .debug_info    0x00002bd2      0x5b6 ADC.o
 .debug_info    0x00003188      0x351 CLK.o
 .debug_info    0x000034d9      0x186 CRC.o
 .debug_info    0x0000365f      0x65e FOUSART.o
 .debug_info    0x00003cbd      0x443 GPIO.o
 .debug_info    0x00004100      0x5f5 i2c.o
 .debug_info    0x000046f5      0x47f Joystick.o
 .debug_info    0x00004b74      0xc2d LinearMotor.o
 .debug_info    0x000057a1      0x202 main.o
 .debug_info    0x000059a3      0x2a2 RS485LED.o
 .debug_info    0x00005c45      0x308 RS485USART.o
 .debug_info    0x00005f4d      0x818 SSD1306.o
 .debug_info    0x00006765      0x9a1 StepperMotor.o
 .debug_info    0x00007106      0x921 TCA.o
 .debug_info    0x00007a27      0x5cc TCD.o
 .debug_info    0x00007ff3      0x80a USART.o
 .debug_info    0x000087fd      0x4e0 Windows.o
 .debug_info    0x00008cdd       0xa9 C:/Program Files (x86)/Atmel/Studio/7.0/Packs/Atmel/AVR-Dx_DFP/2.7.321/gcc/dev/avr64dd32/avrxmega2\libavr64dd32.a(ccp_write.o)

.debug_abbrev   0x00000000     0x3b8f
 *(.debug_abbrev)
 .debug_abbrev  0x00000000     0x20ce C:/Program Files (x86)/Atmel/Studio/7.0/Packs/Atmel/AVR-Dx_DFP/2.7.321/gcc/dev/avr64dd32/avrxmega2/crtavr64dd32.o
 .debug_abbrev  0x000020ce      0x1db Actions.o
 .debug_abbrev  0x000022a9      0x193 ADC.o
 .debug_abbrev  0x0000243c       0xe5 CLK.o
 .debug_abbrev  0x00002521       0xd2 CRC.o
 .debug_abbrev  0x000025f3      0x1b5 FOUSART.o
 .debug_abbrev  0x000027a8       0xbc GPIO.o
 .debug_abbrev  0x00002864      0x1df i2c.o
 .debug_abbrev  0x00002a43      0x160 Joystick.o
 .debug_abbrev  0x00002ba3      0x285 LinearMotor.o
 .debug_abbrev  0x00002e28       0x7a main.o
 .debug_abbrev  0x00002ea2       0xcb RS485LED.o
 .debug_abbrev  0x00002f6d      0x16e RS485USART.o
 .debug_abbrev  0x000030db      0x1ca SSD1306.o
 .debug_abbrev  0x000032a5      0x269 StepperMotor.o
 .debug_abbrev  0x0000350e      0x150 TCA.o
 .debug_abbrev  0x0000365e      0x13c TCD.o
 .debug_abbrev  0x0000379a      0x292 USART.o
 .debug_abbrev  0x00003a2c      0x14f Windows.o
 .debug_abbrev  0x00003b7b       0x14 C:/Program Files (x86)/Atmel/Studio/7.0/Packs/Atmel/AVR-Dx_DFP/2.7.321/gcc/dev/avr64dd32/avrxmega2\libavr64dd32.a(ccp_write.o)

.debug_line     0x00000000     0x2d77
 *(.debug_line .debug_line.* .debug_line_end)
 .debug_line    0x00000000      0x16f C:/Program Files (x86)/Atmel/Studio/7.0/Packs/Atmel/AVR-Dx_DFP/2.7.321/gcc/dev/avr64dd32/avrxmega2/crtavr64dd32.o
 .debug_line    0x0000016f      0x529 Actions.o
 .debug_line    0x00000698      0x206 ADC.o
 .debug_line    0x0000089e      0x1a7 CLK.o
 .debug_line    0x00000a45      0x173 CRC.o
 .debug_line    0x00000bb8      0x2a8 FOUSART.o
 .debug_line    0x00000e60      0x17d GPIO.o
 .debug_line    0x00000fdd      0x33e i2c.o
 .debug_line    0x0000131b      0x1a5 Joystick.o
 .debug_line    0x000014c0      0x331 LinearMotor.o
 .debug_line    0x000017f1       0xbd main.o
 .debug_line    0x000018ae      0x13f RS485LED.o
 .debug_line    0x000019ed      0x1c6 RS485USART.o
 .debug_line    0x00001bb3      0x4ca SSD1306.o
 .debug_line    0x0000207d      0x335 StepperMotor.o
 .debug_line    0x000023b2      0x18c TCA.o
 .debug_line    0x0000253e      0x1a1 TCD.o
 .debug_line    0x000026df      0x379 USART.o
 .debug_line    0x00002a58      0x2b8 Windows.o
 .debug_line    0x00002d10       0x67 C:/Program Files (x86)/Atmel/Studio/7.0/Packs/Atmel/AVR-Dx_DFP/2.7.321/gcc/dev/avr64dd32/avrxmega2\libavr64dd32.a(ccp_write.o)

.debug_frame    0x00000000      0xbb4
 *(.debug_frame)
 .debug_frame   0x00000000       0xec Actions.o
 .debug_frame   0x000000ec       0x84 ADC.o
 .debug_frame   0x00000170       0x34 CLK.o
 .debug_frame   0x000001a4       0xa0 CRC.o
 .debug_frame   0x00000244       0xbc FOUSART.o
 .debug_frame   0x00000300       0x24 GPIO.o
 .debug_frame   0x00000324      0x104 i2c.o
 .debug_frame   0x00000428       0x58 Joystick.o
 .debug_frame   0x00000480       0xb8 LinearMotor.o
 .debug_frame   0x00000538       0x24 main.o
 .debug_frame   0x0000055c       0x24 RS485LED.o
 .debug_frame   0x00000580       0x78 RS485USART.o
 .debug_frame   0x000005f8      0x184 SSD1306.o
 .debug_frame   0x0000077c       0xc8 StepperMotor.o
 .debug_frame   0x00000844       0x68 TCA.o
 .debug_frame   0x000008ac       0x4c TCD.o
 .debug_frame   0x000008f8      0x104 USART.o
 .debug_frame   0x000009fc      0x1b8 Windows.o

.debug_str      0x00000000     0x3212
 *(.debug_str)
 .debug_str     0x00000000      0xefb C:/Program Files (x86)/Atmel/Studio/7.0/Packs/Atmel/AVR-Dx_DFP/2.7.321/gcc/dev/avr64dd32/avrxmega2/crtavr64dd32.o
 .debug_str     0x00000efb      0x552 Actions.o
                                0x615 (size before relaxing)
 .debug_str     0x0000144d      0x654 ADC.o
                                0x819 (size before relaxing)
 .debug_str     0x00001aa1      0x274 CLK.o
                                0x446 (size before relaxing)
 .debug_str     0x00001d15       0x51 CRC.o
                                0x204 (size before relaxing)
 .debug_str     0x00001d66       0xb5 FOUSART.o
                                0x38a (size before relaxing)
 .debug_str     0x00001e1b      0x3ee GPIO.o
                                0x5b2 (size before relaxing)
 .debug_str     0x00002209      0x2c7 i2c.o
                                0x498 (size before relaxing)
 .debug_str     0x000024d0       0x7d Joystick.o
                                0x591 (size before relaxing)
 .debug_str     0x0000254d      0x222 LinearMotor.o
                                0x662 (size before relaxing)
 .debug_str     0x0000276f       0x65 main.o
                                0x26c (size before relaxing)
 .debug_str     0x000027d4       0x50 RS485LED.o
                                0x2cd (size before relaxing)
 .debug_str     0x00002824       0x42 RS485USART.o
                                0x2a9 (size before relaxing)
 .debug_str     0x00002866      0x1cf SSD1306.o
                                0x3e2 (size before relaxing)
 .debug_str     0x00002a35      0x1e9 StepperMotor.o
                                0x60e (size before relaxing)
 .debug_str     0x00002c1e      0x147 TCA.o
                                0x5de (size before relaxing)
 .debug_str     0x00002d65      0x135 TCD.o
                                0x4d3 (size before relaxing)
 .debug_str     0x00002e9a      0x34d USART.o
                                0x6d8 (size before relaxing)
 .debug_str     0x000031e7       0x2b Windows.o
                                0x43c (size before relaxing)

.debug_loc      0x00000000     0x2d3f
 *(.debug_loc)
 .debug_loc     0x00000000      0x3f1 Actions.o
 .debug_loc     0x000003f1       0x74 ADC.o
 .debug_loc     0x00000465      0x363 CRC.o
 .debug_loc     0x000007c8      0x53a FOUSART.o
 .debug_loc     0x00000d02      0x629 i2c.o
 .debug_loc     0x0000132b       0x49 Joystick.o
 .debug_loc     0x00001374      0x194 LinearMotor.o
 .debug_loc     0x00001508       0x6c RS485LED.o
 .debug_loc     0x00001574      0x236 RS485USART.o
 .debug_loc     0x000017aa      0x74c SSD1306.o
 .debug_loc     0x00001ef6      0x10a StepperMotor.o
 .debug_loc     0x00002000      0x212 TCA.o
 .debug_loc     0x00002212      0x13c TCD.o
 .debug_loc     0x0000234e      0x2ae USART.o
 .debug_loc     0x000025fc      0x743 Windows.o

.debug_macinfo
 *(.debug_macinfo)

.debug_weaknames
 *(.debug_weaknames)

.debug_funcnames
 *(.debug_funcnames)

.debug_typenames
 *(.debug_typenames)

.debug_varnames
 *(.debug_varnames)

.debug_pubtypes
 *(.debug_pubtypes)

.debug_ranges   0x00000000      0x390
 *(.debug_ranges)
 .debug_ranges  0x00000000       0x38 Actions.o
 .debug_ranges  0x00000038       0x40 ADC.o
 .debug_ranges  0x00000078       0x18 CLK.o
 .debug_ranges  0x00000090       0x18 CRC.o
 .debug_ranges  0x000000a8       0x50 FOUSART.o
 .debug_ranges  0x000000f8       0x10 GPIO.o
 .debug_ranges  0x00000108       0x58 i2c.o
 .debug_ranges  0x00000160       0x20 Joystick.o
 .debug_ranges  0x00000180       0x50 LinearMotor.o
 .debug_ranges  0x000001d0       0x10 main.o
 .debug_ranges  0x000001e0       0x10 RS485LED.o
 .debug_ranges  0x000001f0       0x18 RS485USART.o
 .debug_ranges  0x00000208       0x68 SSD1306.o
 .debug_ranges  0x00000270       0x58 StepperMotor.o
 .debug_ranges  0x000002c8       0x10 TCA.o
 .debug_ranges  0x000002d8       0x10 TCD.o
 .debug_ranges  0x000002e8       0x60 USART.o
 .debug_ranges  0x00000348       0x48 Windows.o

.debug_macro
 *(.debug_macro)
OUTPUT(AVR64DD32-MAIN-Controller.elf elf32-avr)
LOAD linker stubs
