Archive member included to satisfy reference by file (symbol)

c:/program files (x86)/atmel/studio/7.0/toolchain/avr8/avr8-gnu-toolchain/bin/../lib/gcc/avr/5.4.0/../../../../avr/lib/avrxmega2\libm.a(divsf3.o)
                              TCD.o (__divsf3)
c:/program files (x86)/atmel/studio/7.0/toolchain/avr8/avr8-gnu-toolchain/bin/../lib/gcc/avr/5.4.0/../../../../avr/lib/avrxmega2\libm.a(divsf3x.o)
                              c:/program files (x86)/atmel/studio/7.0/toolchain/avr8/avr8-gnu-toolchain/bin/../lib/gcc/avr/5.4.0/../../../../avr/lib/avrxmega2\libm.a(divsf3.o) (__divsf3x)
c:/program files (x86)/atmel/studio/7.0/toolchain/avr8/avr8-gnu-toolchain/bin/../lib/gcc/avr/5.4.0/../../../../avr/lib/avrxmega2\libm.a(fixunssfsi.o)
                              ADC.o (__fixunssfsi)
c:/program files (x86)/atmel/studio/7.0/toolchain/avr8/avr8-gnu-toolchain/bin/../lib/gcc/avr/5.4.0/../../../../avr/lib/avrxmega2\libm.a(floatsisf.o)
                              ADC.o (__floatunsisf)
c:/program files (x86)/atmel/studio/7.0/toolchain/avr8/avr8-gnu-toolchain/bin/../lib/gcc/avr/5.4.0/../../../../avr/lib/avrxmega2\libm.a(fp_inf.o)
                              c:/program files (x86)/atmel/studio/7.0/toolchain/avr8/avr8-gnu-toolchain/bin/../lib/gcc/avr/5.4.0/../../../../avr/lib/avrxmega2\libm.a(divsf3x.o) (__fp_inf)
c:/program files (x86)/atmel/studio/7.0/toolchain/avr8/avr8-gnu-toolchain/bin/../lib/gcc/avr/5.4.0/../../../../avr/lib/avrxmega2\libm.a(fp_nan.o)
                              c:/program files (x86)/atmel/studio/7.0/toolchain/avr8/avr8-gnu-toolchain/bin/../lib/gcc/avr/5.4.0/../../../../avr/lib/avrxmega2\libm.a(divsf3x.o) (__fp_nan)
c:/program files (x86)/atmel/studio/7.0/toolchain/avr8/avr8-gnu-toolchain/bin/../lib/gcc/avr/5.4.0/../../../../avr/lib/avrxmega2\libm.a(fp_pscA.o)
                              c:/program files (x86)/atmel/studio/7.0/toolchain/avr8/avr8-gnu-toolchain/bin/../lib/gcc/avr/5.4.0/../../../../avr/lib/avrxmega2\libm.a(divsf3x.o) (__fp_pscA)
c:/program files (x86)/atmel/studio/7.0/toolchain/avr8/avr8-gnu-toolchain/bin/../lib/gcc/avr/5.4.0/../../../../avr/lib/avrxmega2\libm.a(fp_pscB.o)
                              c:/program files (x86)/atmel/studio/7.0/toolchain/avr8/avr8-gnu-toolchain/bin/../lib/gcc/avr/5.4.0/../../../../avr/lib/avrxmega2\libm.a(divsf3x.o) (__fp_pscB)
c:/program files (x86)/atmel/studio/7.0/toolchain/avr8/avr8-gnu-toolchain/bin/../lib/gcc/avr/5.4.0/../../../../avr/lib/avrxmega2\libm.a(fp_round.o)
                              c:/program files (x86)/atmel/studio/7.0/toolchain/avr8/avr8-gnu-toolchain/bin/../lib/gcc/avr/5.4.0/../../../../avr/lib/avrxmega2\libm.a(divsf3.o) (__fp_round)
c:/program files (x86)/atmel/studio/7.0/toolchain/avr8/avr8-gnu-toolchain/bin/../lib/gcc/avr/5.4.0/../../../../avr/lib/avrxmega2\libm.a(fp_split3.o)
                              c:/program files (x86)/atmel/studio/7.0/toolchain/avr8/avr8-gnu-toolchain/bin/../lib/gcc/avr/5.4.0/../../../../avr/lib/avrxmega2\libm.a(divsf3x.o) (__fp_split3)
c:/program files (x86)/atmel/studio/7.0/toolchain/avr8/avr8-gnu-toolchain/bin/../lib/gcc/avr/5.4.0/../../../../avr/lib/avrxmega2\libm.a(fp_zero.o)
                              c:/program files (x86)/atmel/studio/7.0/toolchain/avr8/avr8-gnu-toolchain/bin/../lib/gcc/avr/5.4.0/../../../../avr/lib/avrxmega2\libm.a(fixunssfsi.o) (__fp_zero)
c:/program files (x86)/atmel/studio/7.0/toolchain/avr8/avr8-gnu-toolchain/bin/../lib/gcc/avr/5.4.0/../../../../avr/lib/avrxmega2\libm.a(mulsf3.o)
                              ADC.o (__mulsf3)
c:/program files (x86)/atmel/studio/7.0/toolchain/avr8/avr8-gnu-toolchain/bin/../lib/gcc/avr/5.4.0/../../../../avr/lib/avrxmega2\libm.a(mulsf3x.o)
                              c:/program files (x86)/atmel/studio/7.0/toolchain/avr8/avr8-gnu-toolchain/bin/../lib/gcc/avr/5.4.0/../../../../avr/lib/avrxmega2\libm.a(mulsf3.o) (__mulsf3x)
c:/program files (x86)/atmel/studio/7.0/toolchain/avr8/avr8-gnu-toolchain/bin/../lib/gcc/avr/5.4.0/avrxmega2\libgcc.a(_divmodhi4.o)
                              Joystick.o (__divmodhi4)
c:/program files (x86)/atmel/studio/7.0/toolchain/avr8/avr8-gnu-toolchain/bin/../lib/gcc/avr/5.4.0/avrxmega2\libgcc.a(_udivmodsi4.o)
                              TCA.o (__udivmodsi4)
c:/program files (x86)/atmel/studio/7.0/toolchain/avr8/avr8-gnu-toolchain/bin/../lib/gcc/avr/5.4.0/avrxmega2\libgcc.a(_divmodsi4.o)
                              TCA.o (__divmodsi4)
c:/program files (x86)/atmel/studio/7.0/toolchain/avr8/avr8-gnu-toolchain/bin/../lib/gcc/avr/5.4.0/avrxmega2\libgcc.a(_negsi2.o)
                              c:/program files (x86)/atmel/studio/7.0/toolchain/avr8/avr8-gnu-toolchain/bin/../lib/gcc/avr/5.4.0/avrxmega2\libgcc.a(_divmodsi4.o) (__negsi2)
c:/program files (x86)/atmel/studio/7.0/toolchain/avr8/avr8-gnu-toolchain/bin/../lib/gcc/avr/5.4.0/avrxmega2\libgcc.a(_exit.o)
[...]
Memory Configuration

Name             Origin             Length             Attributes
text             0x00000000         0x00010000         xr
data             0x00806000         0x00002000         rw !x
eeprom           0x00810000         0x00000100         rw !x
fuse             0x00820000         0x00000010         rw !x
lock             0x00830000         0x00000400         rw !x
signature        0x00840000         0x00000400         rw !x
user_signatures  0x00850000         0x00000400         rw !x
*default*        0x00000000         0xffffffff

Linker script and memory map

Address of section .data set to 0x806000
                0x00008000                __RODATA_PM_OFFSET__ = 0x8000
LOAD C:/Program Files (x86)/Atmel/Studio/7.0/Packs/Atmel/AVR-Dx_DFP/2.7.321/gcc/dev/avr64dd32/avrxmega2/crtavr64dd32.o
LOAD ADC.o
LOAD CLK.o
LOAD CRC.o
LOAD FOUSART.o
LOAD GPIO.o
LOAD i2c.o
LOAD Joystick.o
LOAD LinearMotor.o
LOAD main.o
LOAD RS485LED.o
LOAD RS485USART.o
LOAD SSD1306.o
LOAD StepperMotor.o
LOAD TCA.o
LOAD TCD.o
LOAD USART.o
LOAD Windows.o
START GROUP
LOAD c:/program files (x86)/atmel/studio/7.0/toolchain/avr8/avr8-gnu-toolchain/bin/../lib/gcc/avr/5.4.0/../../../../avr/lib/avrxmega2\libm.a
END GROUP
START GROUP
LOAD c:/program files (x86)/atmel/studio/7.0/toolchain/avr8/avr8-gnu-toolchain/bin/../lib/gcc/avr/5.4.0/avrxmega2\libgcc.a
LOAD c:/program files (x86)/atmel/studio/7.0/toolchain/avr8/avr8-gnu-toolchain/bin/../lib/gcc/avr/5.4.0/../../../../avr/lib/avrxmega2\libm.a
LOAD c:/program files (x86)/atmel/studio/7.0/toolchain/avr8/avr8-gnu-toolchain/bin/../lib/gcc/avr/5.4.0/../../../../avr/lib/avrxmega2\libc.a
LOAD C:/Program Files (x86)/Atmel/Studio/7.0/Packs/Atmel/AVR-Dx_DFP/2.7.321/gcc/dev/avr64dd32/avrxmega2\libavr64dd32.a
END GROUP
                [0x00000000]                __TEXT_REGION_ORIGIN__ = DEFINED (__TEXT_REGION_ORIGIN__)?__TEXT_REGION_ORIGIN__:0x0
                [0x00806000]                __DATA_REGION_ORIGIN__ = DEFINED (__DATA_REGION_ORIGIN__)?__DATA_REGION_ORIGIN__:0x802000
                [0x00010000]                __TEXT_REGION_LENGTH__ = DEFINED (__TEXT_REGION_LENGTH__)?__TEXT_REGION_LENGTH__:0x100000
                [0x00002000]                __DATA_REGION_LENGTH__ = DEFINED (__DATA_REGION_LENGTH__)?__DATA_REGION_LENGTH__:0xffa0
                [0x00000100]                __EEPROM_REGION_LENGTH__ = DEFINED (__EEPROM_REGION_LENGTH__)?__EEPROM_REGION_LENGTH__:0x10000
                [0x00000010]                __FUSE_REGION_LENGTH__ = DEFINED (__FUSE_REGION_LENGTH__)?__FUSE_REGION_LENGTH__:0x400
                0x00000400                __LOCK_REGION_LENGTH__ = DEFINED (__LOCK_REGION_LENGTH__)?__LOCK_REGION_LENGTH__:0x400
                0x00000400                __SIGNATURE_REGION_LENGTH__ = DEFINED (__SIGNATURE_REGION_LENGTH__)?__SIGNATURE_REGION_LENGTH__:0x400
                0x00000400                __USER_SIGNATURE_REGION_LENGTH__ = DEFINED (__USER_SIGNATURE_REGION_LENGTH__)?__USER_SIGNATURE_REGION_LENGTH__:0x400

.hash
 *(.hash)

.dynsym
 *(.dynsym)

.dynstr
 *(.dynstr)

.gnu.version
 *(.gnu.version)

.gnu.version_d
 *(.gnu.version_d)

.gnu.version_r
 *(.gnu.version_r)

.rel.init
 *(.rel.init)

.rela.init
 *(.rela.init)

.rel.text
 *(.rel.text)
 *(.rel.text.*)
 *(.rel.gnu.linkonce.t*)

.rela.text
 *(.rela.text)
 *(.rela.text.*)
 *(.rela.gnu.linkonce.t*)

.rel.fini
 *(.rel.fini)

.rela.fini
 *(.rela.fini)

.rel.rodata
 *(.rel.rodata)
 *(.rel.rodata.*)
 *(.rel.gnu.linkonce.r*)

.rela.rodata
 *(.rela.rodata)
 *(.rela.rodata.*)
 *(.rela.gnu.linkonce.r*)

.rel.data
 *(.rel.data)
 *(.rel.data.*)
 *(.rel.gnu.linkonce.d*)

.rela.data
 *(.rela.data)
 *(.rela.data.*)
 *(.rela.gnu.linkonce.d*)

.rel.ctors
 *(.rel.ctors)

.rela.ctors
 *(.rela.ctors)

.rel.dtors
 *(.rel.dtors)

.rela.dtors
 *(.rela.dtors)

.rel.got
 *(.rel.got)

.rela.got
 *(.rela.got)

.rel.bss
 *(.rel.bss)

.rela.bss
 *(.rela.bss)

.rel.plt
 *(.rel.plt)

.rela.plt
 *(.rela.plt)

.text           0x00000000     0x2266
 *(.vectors)
 .vectors       0x00000000       0x90 C:/Program Files (x86)/Atmel/Studio/7.0/Packs/Atmel/AVR-Dx_DFP/2.7.321/gcc/dev/avr64dd32/avrxmega2/crtavr64dd32.o
                0x00000000                __vector_default
                0x00000000                __vectors
 *(.vectors)
 *(.progmem.gcc*)
                0x00000090                . = ALIGN (0x2)
                0x00000090                __trampolines_start = .
 *(.trampolines)
 .trampolines   0x00000090        0x0 linker stubs
 *(.trampolines*)
                0x00000090                __trampolines_end = .
 *libprintf_flt.a:*(.progmem.data)
 *libc.a:*(.progmem.data)
 *(.progmem*)
                0x00000090                . = ALIGN (0x2)
 *(.jumptables)
 *(.jumptables*)
 *(.lowtext)
 *(.lowtext*)
                0x00000090                __ctors_start = .
 *(.ctors)
                0x00000090                __ctors_end = .
                0x00000090                __dtors_start = .
 *(.dtors)
                0x00000090                __dtors_end = .
 SORT(*)(.ctors)
 SORT(*)(.dtors)
 *(.init0)
 .init0         0x00000090        0x0 C:/Program Files (x86)/Atmel/Studio/7.0/Packs/Atmel/AVR-Dx_DFP/2.7.321/gcc/dev/avr64dd32/avrxmega2/crtavr64dd32.o
                0x00000090                __init
 *(.init0)
 *(.init1)
 *(.init1)
 *(.init2)
 .init2         0x00000090        0xc C:/Program Files (x86)/Atmel/Studio/7.0/Packs/Atmel/AVR-Dx_DFP/2.7.321/gcc/dev/avr64dd32/avrxmega2/crtavr64dd32.o
 *(.init2)
 *(.init3)
 *(.init3)
 *(.init4)
 .init4         0x0000009c       0x16 c:/program files (x86)/atmel/studio/7.0/toolchain/avr8/avr8-gnu-toolchain/bin/../lib/gcc/avr/5.4.0/avrxmega2\libgcc.a(_copy_data.o)
                0x0000009c                __do_copy_data
 .init4         0x000000b2       0x10 c:/program files (x86)/atmel/studio/7.0/toolchain/avr8/avr8-gnu-toolchain/bin/../lib/gcc/avr/5.4.0/avrxmega2\libgcc.a(_clear_bss.o)
                0x000000b2                __do_clear_bss
 *(.init4)
 *(.init5)
 *(.init5)
 *(.init6)
 *(.init6)
 *(.init7)
 *(.init7)
 *(.init8)
 *(.init8)
 *(.init9)
 .init9         0x000000c2        0x8 C:/Program Files (x86)/Atmel/Studio/7.0/Packs/Atmel/AVR-Dx_DFP/2.7.321/gcc/dev/avr64dd32/avrxmega2/crtavr64dd32.o
 *(.init9)
 *(.text)
 .text          0x000000ca        0x4 C:/Program Files (x86)/Atmel/Studio/7.0/Packs/Atmel/AVR-Dx_DFP/2.7.321/gcc/dev/avr64dd32/avrxmega2/crtavr64dd32.o
                0x000000ca                __vector_22
                0x000000ca                __vector_28
                0x000000ca                __vector_1
                0x000000ca                __vector_32
                0x000000ca                __vector_34
                0x000000ca                __vector_24
                0x000000ca                __vector_12
                0x000000ca                __bad_interrupt
                0x000000ca                __vector_6
                0x000000ca                __vector_31
                0x000000ca                __vector_35
                0x000000ca                __vector_3
                0x000000ca                __vector_23
                0x000000ca                __vector_30
                0x000000ca                __vector_25
                0x000000ca                __vector_11
                0x000000ca                __vector_13
                0x000000ca                __vector_17
                0x000000ca                __vector_19
                0x000000ca                __vector_7
                0x000000ca                __vector_27
                0x000000ca                __vector_5
                0x000000ca                __vector_33
                0x000000ca                __vector_4
                0x000000ca                __vector_9
                0x000000ca                __vector_2
                0x000000ca                __vector_21
                0x000000ca                __vector_15
                0x000000ca                __vector_29
                0x000000ca                __vector_8
                0x000000ca                __vector_26
                0x000000ca                __vector_14
                0x000000ca                __vector_10
                0x000000ca                __vector_16
                0x000000ca                __vector_18
                0x000000ca                __vector_20
                0x000000ce                . = ALIGN (0x2)
 *(.text.*)
 .text.ADC0_init
                0x000000ce       0x10 ADC.o
                0x000000ce                ADC0_init
 .text.ADC0_SetupJoystick
                0x000000de        0xc ADC.o
                0x000000de                ADC0_SetupJoystick
 .text.ADC0_SetupLinearMotor
                0x000000ea       0x20 ADC.o
                0x000000ea                ADC0_SetupLinearMotor
 .text.ADC0_SetupStepper
                0x0000010a       0x20 ADC.o
                0x0000010a                ADC0_SetupStepper
 .text.ADC0_SetupSysVoltage
                0x0000012a        0xc ADC.o
                0x0000012a                ADC0_SetupSysVoltage
 .text.ADC0_read
                0x00000136       0x28 ADC.o
                0x00000136                ADC0_read
 .text.Read_MCU_Voltge
                0x0000015e       0x26 ADC.o
                0x0000015e                Read_MCU_Voltge
 .text.CLOCK_XOSCHF_clock_init
                0x00000184       0x1e CLK.o
                0x00000184                CLOCK_XOSCHF_clock_init
 .text.crc8_cdma2000
                0x000001a2      0x10e CRC.o
                0x000001a2                crc8_cdma2000
 .text.verify_crc8_cdma2000
                0x000002b0       0x1a CRC.o
                0x000002b0                verify_crc8_cdma2000
 .text.hexToUint64
                0x000002ca       0xb2 FOUSART.o
                0x000002ca                hexToUint64
 .text.FODataSplitter
                0x0000037c      0x1f2 FOUSART.o
                0x0000037c                FODataSplitter
 .text.FOReceiver
                0x0000056e       0xca FOUSART.o
                0x0000056e                FOReceiver
 .text.GPIO_init
                0x00000638       0x5e GPIO.o
                0x00000638                GPIO_init
 .text.I2C_init
                0x00000696       0x14 i2c.o
                0x00000696                I2C_init
 .text.TransmitAdd
                0x000006aa       0x54 i2c.o
                0x000006aa                TransmitAdd
 .text.TransmitByte
                0x000006fe       0x56 i2c.o
                0x000006fe                TransmitByte
 .text.WriteToReg
                0x00000754       0x32 i2c.o
                0x00000754                WriteToReg
 .text.ReadButton
                0x00000786        0xe Joystick.o
                0x00000786                ReadButton
 .text.ReadJoystickValues
                0x00000794       0x4c Joystick.o
                0x00000794                ReadJoystickValues
 .text.LinearMotor_enable
                0x000007e0       0x26 LinearMotor.o
                0x000007e0                LinearMotor_enable
 .text.LinearMotor_disable
                0x00000806       0x26 LinearMotor.o
                0x00000806                LinearMotor_disable
 .text.LinearMotor_start
                0x0000082c       0x24 LinearMotor.o
                0x0000082c                LinearMotor_start
 .text.LinearMotor_stop
                0x00000850       0x3c LinearMotor.o
                0x00000850                LinearMotor_stop
 .text.LinearMotor_set_direction
                0x0000088c       0x2e LinearMotor.o
                0x0000088c                LinearMotor_set_direction
 .text.LinearMotor_init
                0x000008ba       0x18 LinearMotor.o
                0x000008ba                LinearMotor_init
 .text.Read_LinearMotor_EF
                0x000008d2        0xa LinearMotor.o
                0x000008d2                Read_LinearMotor_EF
 .text.Read_LinearMotor_Voltage
                0x000008dc       0x34 LinearMotor.o
                0x000008dc                Read_LinearMotor_Voltage
 .text.Read_LinearMotor_Current
                0x00000910       0x30 LinearMotor.o
                0x00000910                Read_LinearMotor_Current
 .text.main     0x00000940      0x232 main.o
                0x00000940                main
 .text.RS485_Led
                0x00000b72       0x30 RS485LED.o
                0x00000b72                RS485_Led
 .text.RS485DataSplitter
                0x00000ba2       0x84 RS485USART.o
                0x00000ba2                RS485DataSplitter
 .text.RS485Receiver
                0x00000c26       0xd6 RS485USART.o
                0x00000c26                RS485Receiver
 .text.screen_command
                0x00000cfc        0xc SSD1306.o
                0x00000cfc                screen_command
 .text.screen_data
                0x00000d08        0xc SSD1306.o
                0x00000d08                screen_data
 .text.screen_init
                0x00000d14       0x26 SSD1306.o
                0x00000d14                screen_init
 .text.screen_draw_char
                0x00000d3a       0x68 SSD1306.o
                0x00000d3a                screen_draw_char
 .text.screen_clear
                0x00000da2       0x4a SSD1306.o
                0x00000da2                screen_clear
 .text.screen_draw_text
                0x00000dec       0x3e SSD1306.o
                0x00000dec                screen_draw_text
 .text.screen_write_text
                0x00000e2a       0x4e SSD1306.o
                0x00000e2a                screen_write_text
 .text.calculate_start_pixel
                0x00000e78       0x4a SSD1306.o
                0x00000e78                calculate_start_pixel
 .text.screen_write_text_aligned
                0x00000ec2       0x22 SSD1306.o
                0x00000ec2                screen_write_text_aligned
 .text.screen_write_formatted_text
                0x00000ee4       0x3c SSD1306.o
                0x00000ee4                screen_write_formatted_text
 .text.Stepper_enable
                0x00000f20       0x1a StepperMotor.o
                0x00000f20                Stepper_enable
 .text.Stepper_disable
                0x00000f3a       0x26 StepperMotor.o
                0x00000f3a                Stepper_disable
 .text.Stepper_start
                0x00000f60       0x24 StepperMotor.o
                0x00000f60                Stepper_start
 .text.Stepper_stop
                0x00000f84       0x2a StepperMotor.o
                0x00000f84                Stepper_stop
 .text.Stepper_set_direction
                0x00000fae       0x20 StepperMotor.o
                0x00000fae                Stepper_set_direction
 .text.Stepper_init
                0x00000fce       0x20 StepperMotor.o
                0x00000fce                Stepper_init
 .text.Read_Stepper_PEND
                0x00000fee       0x12 StepperMotor.o
                0x00000fee                Read_Stepper_PEND
 .text.Read_Stepper_ALM
                0x00001000       0x10 StepperMotor.o
                0x00001000                Read_Stepper_ALM
 .text.Read_Stepper_Voltage
                0x00001010       0x34 StepperMotor.o
                0x00001010                Read_Stepper_Voltage
 .text.Read_Stepper_Current
                0x00001044       0x30 StepperMotor.o
                0x00001044                Read_Stepper_Current
 .text.TCA0_init_linear_PWM
                0x00001074      0x120 TCA.o
                0x00001074                TCA0_init_linear_PWM
 .text.TCD0_init_stepper_PWM
                0x00001194       0xd0 TCD.o
                0x00001194                TCD0_init_stepper_PWM
 .text.USART0_init
                0x00001264       0x1a USART.o
                0x00001264                USART0_init
 .text.USART0_readChar
                0x0000127e       0x26 USART.o
                0x0000127e                USART0_readChar
 .text.USART1_init
                0x000012a4       0x16 USART.o
                0x000012a4                USART1_init
 .text.USART1_readChar
                0x000012ba       0x26 USART.o
                0x000012ba                USART1_readChar
 .text.avr-libc.fplib
                0x000012e0        0x8 c:/program files (x86)/atmel/studio/7.0/toolchain/avr8/avr8-gnu-toolchain/bin/../lib/gcc/avr/5.4.0/../../../../avr/lib/avrxmega2\libm.a(divsf3.o)
                0x000012e0                __divsf3
 .text.avr-libc.fplib
                0x000012e8       0xdc c:/program files (x86)/atmel/studio/7.0/toolchain/avr8/avr8-gnu-toolchain/bin/../lib/gcc/avr/5.4.0/../../../../avr/lib/avrxmega2\libm.a(divsf3x.o)
                0x00001308                __divsf3x
                0x0000130e                __divsf3_pse
 .text.avr-libc.fplib
                0x000013c4       0x5e c:/program files (x86)/atmel/studio/7.0/toolchain/avr8/avr8-gnu-toolchain/bin/../lib/gcc/avr/5.4.0/../../../../avr/lib/avrxmega2\libm.a(fixunssfsi.o)
                0x000013c4                __fixunssfsi
 .text.avr-libc.fplib
                0x00001422       0x7a c:/program files (x86)/atmel/studio/7.0/toolchain/avr8/avr8-gnu-toolchain/bin/../lib/gcc/avr/5.4.0/../../../../avr/lib/avrxmega2\libm.a(floatsisf.o)
                0x00001422                __floatunsisf
                0x00001426                __floatsisf
 .text.avr-libc.fplib
                0x0000149c        0xc c:/program files (x86)/atmel/studio/7.0/toolchain/avr8/avr8-gnu-toolchain/bin/../lib/gcc/avr/5.4.0/../../../../avr/lib/avrxmega2\libm.a(fp_inf.o)
                0x0000149c                __fp_inf
 .text.avr-libc.fplib
                0x000014a8        0x6 c:/program files (x86)/atmel/studio/7.0/toolchain/avr8/avr8-gnu-toolchain/bin/../lib/gcc/avr/5.4.0/../../../../avr/lib/avrxmega2\libm.a(fp_nan.o)
                0x000014a8                __fp_nan
 .text.avr-libc.fplib
                0x000014ae        0xe c:/program files (x86)/atmel/studio/7.0/toolchain/avr8/avr8-gnu-toolchain/bin/../lib/gcc/avr/5.4.0/../../../../avr/lib/avrxmega2\libm.a(fp_pscA.o)
                0x000014ae                __fp_pscA
 .text.avr-libc.fplib
                0x000014bc        0xe c:/program files (x86)/atmel/studio/7.0/toolchain/avr8/avr8-gnu-toolchain/bin/../lib/gcc/avr/5.4.0/../../../../avr/lib/avrxmega2\libm.a(fp_pscB.o)
                0x000014bc                __fp_pscB
 .text.avr-libc.fplib
                0x000014ca       0x22 c:/program files (x86)/atmel/studio/7.0/toolchain/avr8/avr8-gnu-toolchain/bin/../lib/gcc/avr/5.4.0/../../../../avr/lib/avrxmega2\libm.a(fp_round.o)
                0x000014ca                __fp_round
 .text.avr-libc.fplib
                0x000014ec       0x44 c:/program files (x86)/atmel/studio/7.0/toolchain/avr8/avr8-gnu-toolchain/bin/../lib/gcc/avr/5.4.0/../../../../avr/lib/avrxmega2\libm.a(fp_split3.o)
                0x000014ec                __fp_split3
                0x000014fc                __fp_splitA
 .text.avr-libc.fplib
                0x00001530        0xe c:/program files (x86)/atmel/studio/7.0/toolchain/avr8/avr8-gnu-toolchain/bin/../lib/gcc/avr/5.4.0/../../../../avr/lib/avrxmega2\libm.a(fp_zero.o)
                0x00001530                __fp_zero
                0x00001532                __fp_szero
 .text.avr-libc.fplib
                0x0000153e        0x8 c:/program files (x86)/atmel/studio/7.0/toolchain/avr8/avr8-gnu-toolchain/bin/../lib/gcc/avr/5.4.0/../../../../avr/lib/avrxmega2\libm.a(mulsf3.o)
                0x0000153e                __mulsf3
 .text.avr-libc.fplib
                0x00001546       0xd2 c:/program files (x86)/atmel/studio/7.0/toolchain/avr8/avr8-gnu-toolchain/bin/../lib/gcc/avr/5.4.0/../../../../avr/lib/avrxmega2\libm.a(mulsf3x.o)
                0x00001564                __mulsf3x
                0x0000156a                __mulsf3_pse
 .text.libgcc.div
                0x00001618       0x28 c:/program files (x86)/atmel/studio/7.0/toolchain/avr8/avr8-gnu-toolchain/bin/../lib/gcc/avr/5.4.0/avrxmega2\libgcc.a(_divmodhi4.o)
                0x00001618                _div
                0x00001618                __divmodhi4
 .text.libgcc.div
                0x00001640       0x44 c:/program files (x86)/atmel/studio/7.0/toolchain/avr8/avr8-gnu-toolchain/bin/../lib/gcc/avr/5.4.0/avrxmega2\libgcc.a(_udivmodsi4.o)
                0x00001640                __udivmodsi4
 .text.libgcc.div
                0x00001684       0x2e c:/program files (x86)/atmel/studio/7.0/toolchain/avr8/avr8-gnu-toolchain/bin/../lib/gcc/avr/5.4.0/avrxmega2\libgcc.a(_divmodsi4.o)
                0x00001684                __divmodsi4
 .text.libgcc.div
                0x000016b2       0x10 c:/program files (x86)/atmel/studio/7.0/toolchain/avr8/avr8-gnu-toolchain/bin/../lib/gcc/avr/5.4.0/avrxmega2\libgcc.a(_negsi2.o)
                0x000016b2                __negsi2
 .text.libgcc.mul
                0x000016c2       0x1e c:/program files (x86)/atmel/studio/7.0/toolchain/avr8/avr8-gnu-toolchain/bin/../lib/gcc/avr/5.4.0/avrxmega2\libgcc.a(_umulhisi3.o)
                0x000016c2                __umulhisi3
 .text.libgcc.builtins
                0x000016e0       0x32 c:/program files (x86)/atmel/studio/7.0/toolchain/avr8/avr8-gnu-toolchain/bin/../lib/gcc/avr/5.4.0/avrxmega2\libgcc.a(_ashldi3.o)
                0x000016e0                __ashldi3
 .text.libgcc.builtins
                0x00001712       0x3c c:/program files (x86)/atmel/studio/7.0/toolchain/avr8/avr8-gnu-toolchain/bin/../lib/gcc/avr/5.4.0/avrxmega2\libgcc.a(_ashrdi3.o)
                0x00001712                __ashrdi3
                0x00001716                __lshrdi3
 .text.libgcc   0x0000174e       0x18 c:/program files (x86)/atmel/studio/7.0/toolchain/avr8/avr8-gnu-toolchain/bin/../lib/gcc/avr/5.4.0/avrxmega2\libgcc.a(_cmpdi2_s8.o)
                0x0000174e                __cmpdi2_s8
 .text.libgcc.div
                0x00001766       0x28 c:/program files (x86)/atmel/studio/7.0/toolchain/avr8/avr8-gnu-toolchain/bin/../lib/gcc/avr/5.4.0/avrxmega2\libgcc.a(_udivmodhi4.o)
                0x00001766                __udivmodhi4
 .text.avr-libc
                0x0000178e      0x22c c:/program files (x86)/atmel/studio/7.0/toolchain/avr8/avr8-gnu-toolchain/bin/../lib/gcc/avr/5.4.0/../../../../avr/lib/avrxmega2\libc.a(strtol.o)
                0x0000178e                strtol
 .text.avr-libc
                0x000019ba      0x1ea c:/program files (x86)/atmel/studio/7.0/toolchain/avr8/avr8-gnu-toolchain/bin/../lib/gcc/avr/5.4.0/../../../../avr/lib/avrxmega2\libc.a(strtoul.o)
                0x000019ba                strtoul
 .text.avr-libc
                0x00001ba4       0x12 c:/program files (x86)/atmel/studio/7.0/toolchain/avr8/avr8-gnu-toolchain/bin/../lib/gcc/avr/5.4.0/../../../../avr/lib/avrxmega2\libc.a(isspace.o)
                0x00001ba4                isspace
 .text.avr-libc
                0x00001bb6        0xa c:/program files (x86)/atmel/studio/7.0/toolchain/avr8/avr8-gnu-toolchain/bin/../lib/gcc/avr/5.4.0/../../../../avr/lib/avrxmega2\libc.a(strtok.o)
                0x00001bb6                strtok
 .text.avr-libc
                0x00001bc0       0x12 c:/program files (x86)/atmel/studio/7.0/toolchain/avr8/avr8-gnu-toolchain/bin/../lib/gcc/avr/5.4.0/../../../../avr/lib/avrxmega2\libc.a(memcpy.o)
                0x00001bc0                memcpy
 .text.avr-libc
                0x00001bd2       0x1e c:/program files (x86)/atmel/studio/7.0/toolchain/avr8/avr8-gnu-toolchain/bin/../lib/gcc/avr/5.4.0/../../../../avr/lib/avrxmega2\libc.a(strncpy.o)
                0x00001bd2                strncpy
 .text.avr-libc
                0x00001bf0       0x4e c:/program files (x86)/atmel/studio/7.0/toolchain/avr8/avr8-gnu-toolchain/bin/../lib/gcc/avr/5.4.0/../../../../avr/lib/avrxmega2\libc.a(strtok_r.o)
                0x00001bf0                strtok_r
 .text.avr-libc
                0x00001c3e       0x58 c:/program files (x86)/atmel/studio/7.0/toolchain/avr8/avr8-gnu-toolchain/bin/../lib/gcc/avr/5.4.0/../../../../avr/lib/avrxmega2\libc.a(vsnprintf.o)
                0x00001c3e                vsnprintf
 .text.avr-libc
                0x00001c96      0x3c2 c:/program files (x86)/atmel/studio/7.0/toolchain/avr8/avr8-gnu-toolchain/bin/../lib/gcc/avr/5.4.0/../../../../avr/lib/avrxmega2\libc.a(vfprintf_std.o)
                0x00001c96                vfprintf
 .text.avr-libc
                0x00002058        0x6 c:/program files (x86)/atmel/studio/7.0/toolchain/avr8/avr8-gnu-toolchain/bin/../lib/gcc/avr/5.4.0/../../../../avr/lib/avrxmega2\libc.a(cty_isfalse.o)
                0x00002058                __ctype_isfalse
                0x0000205c                __ctype_istrue
 .text.avr-libc
                0x0000205e       0x16 c:/program files (x86)/atmel/studio/7.0/toolchain/avr8/avr8-gnu-toolchain/bin/../lib/gcc/avr/5.4.0/../../../../avr/lib/avrxmega2\libc.a(strnlen_P.o)
                0x0000205e                strnlen_P
 .text.avr-libc
                0x00002074       0x16 c:/program files (x86)/atmel/studio/7.0/toolchain/avr8/avr8-gnu-toolchain/bin/../lib/gcc/avr/5.4.0/../../../../avr/lib/avrxmega2\libc.a(strnlen.o)
                0x00002074                strnlen
 .text.avr-libc
                0x0000208a       0x78 c:/program files (x86)/atmel/studio/7.0/toolchain/avr8/avr8-gnu-toolchain/bin/../lib/gcc/avr/5.4.0/../../../../avr/lib/avrxmega2\libc.a(fputc.o)
                0x0000208a                fputc
 .text.avr-libc
                0x00002102       0xbc c:/program files (x86)/atmel/studio/7.0/toolchain/avr8/avr8-gnu-toolchain/bin/../lib/gcc/avr/5.4.0/../../../../avr/lib/avrxmega2\libc.a(ultoa_invert.o)
                0x00002102                __ultoa_invert
 .text.avr-libc
                0x000021be        0xc C:/Program Files (x86)/Atmel/Studio/7.0/Packs/Atmel/AVR-Dx_DFP/2.7.321/gcc/dev/avr64dd32/avrxmega2\libavr64dd32.a(ccp_write.o)
                0x000021be                ccp_write_io
 .text.libgcc.mul
                0x000021ca       0x20 c:/program files (x86)/atmel/studio/7.0/toolchain/avr8/avr8-gnu-toolchain/bin/../lib/gcc/avr/5.4.0/avrxmega2\libgcc.a(_mulsi3.o)
                0x000021ca                __mulsi3
 .text.libgcc.mul
                0x000021ea       0x16 c:/program files (x86)/atmel/studio/7.0/toolchain/avr8/avr8-gnu-toolchain/bin/../lib/gcc/avr/5.4.0/avrxmega2\libgcc.a(_muluhisi3.o)
                0x000021ea                __muluhisi3
 .text.libgcc.prologue
                0x00002200       0x32 c:/program files (x86)/atmel/studio/7.0/toolchain/avr8/avr8-gnu-toolchain/bin/../lib/gcc/avr/5.4.0/avrxmega2\libgcc.a(_prologue.o)
                0x00002200                __prologue_saves__
 .text.libgcc.prologue
                0x00002232       0x30 c:/program files (x86)/atmel/studio/7.0/toolchain/avr8/avr8-gnu-toolchain/bin/../lib/gcc/avr/5.4.0/avrxmega2\libgcc.a(_epilogue.o)
                0x00002232                __epilogue_restores__
                0x00002262                . = ALIGN (0x2)
 *(.fini9)
 .fini9         0x00002262        0x0 c:/program files (x86)/atmel/studio/7.0/toolchain/avr8/avr8-gnu-toolchain/bin/../lib/gcc/avr/5.4.0/avrxmega2\libgcc.a(_exit.o)
                0x00002262                _exit
                0x00002262                exit
 *(.fini9)
 *(.fini8)
 *(.fini8)
 *(.fini7)
 *(.fini7)
 *(.fini6)
 *(.fini6)
 *(.fini5)
 *(.fini5)
 *(.fini4)
 *(.fini4)
 *(.fini3)
 *(.fini3)
 *(.fini2)
 *(.fini2)
 *(.fini1)
 *(.fini1)
 *(.fini0)
 .fini0         0x00002262        0x4 c:/program files (x86)/atmel/studio/7.0/toolchain/avr8/avr8-gnu-toolchain/bin/../lib/gcc/avr/5.4.0/avrxmega2\libgcc.a(_exit.o)
 *(.fini0)
                0x00002266                _etext = .

.data           0x00806000      0x4f2 load address 0x00002266
                0x00806000                PROVIDE (__data_start, .)
 *(.data)
 *(.data*)
 .data.font     0x00806000      0x325 SSD1306.o
                0x00806000                font
 .data.ssd1306Commands
                0x00806325       0x1a SSD1306.o
                0x00806325                ssd1306Commands
 *(.gnu.linkonce.d*)
 *(.rodata)
 .rodata        0x0080633f        0x6 FOUSART.o
 .rodata        0x00806345        0xc RS485USART.o
 .rodata        0x00806351       0x18 TCA.o
 *(.rodata*)
 .rodata.crc8_table
                0x00806369      0x100 CRC.o
                0x00806369                crc8_table
 .rodata.str1.1
                0x00806469       0x87 main.o
 .rodata.str1.1
                0x008064f0        0x2 RS485USART.o
 *(.gnu.linkonce.r*)
                0x008064f2                . = ALIGN (0x2)
                0x008064f2                _edata = .
                0x008064f2                PROVIDE (__data_end, .)

.bss            0x008064f2       0x38
                0x008064f2                PROVIDE (__bss_start, .)
 *(.bss)
 .bss           0x008064f2        0x2 c:/program files (x86)/atmel/studio/7.0/toolchain/avr8/avr8-gnu-toolchain/bin/../lib/gcc/avr/5.4.0/../../../../avr/lib/avrxmega2\libc.a(strtok.o)
 *(.bss*)
 .bss.SensorData
                0x008064f4        0xe FOUSART.o
                0x008064f4                SensorData
 .bss.Status_FO
                0x00806502        0x4 FOUSART.o
                0x00806502                Status_FO
 .bss.I2C       0x00806506        0x1 i2c.o
                0x00806506                I2C
 .bss.Joystick  0x00806507        0x5 Joystick.o
                0x00806507                Joystick
 .bss.LinearMotor
                0x0080650c        0x9 LinearMotor.o
                0x0080650c                LinearMotor
 .bss.WSData    0x00806515        0xa RS485USART.o
                0x00806515                WSData
 .bss.Status_RS485
                0x0080651f        0x4 RS485USART.o
                0x0080651f                Status_RS485
 .bss.StepperMotor
                0x00806523        0x5 StepperMotor.o
                0x00806523                StepperMotor
 *(COMMON)
 COMMON         0x00806528        0x2 c:/program files (x86)/atmel/studio/7.0/toolchain/avr8/avr8-gnu-toolchain/bin/../lib/gcc/avr/5.4.0/../../../../avr/lib/avrxmega2\libc.a(errno.o)
                0x00806528                errno
                0x0080652a                PROVIDE (__bss_end, .)
                0x00002266                __data_load_start = LOADADDR (.data)
                0x00002758                __data_load_end = (__data_load_start + SIZEOF (.data))

.noinit         0x0080652a        0x0
                [!provide]                PROVIDE (__noinit_start, .)
 *(.noinit*)
                [!provide]                PROVIDE (__noinit_end, .)
                0x0080652a                _end = .
                [!provide]                PROVIDE (__heap_start, .)

.eeprom         0x00810000        0x0
 *(.eeprom*)
                0x00810000                __eeprom_end = .

.fuse
 *(.fuse)
 *(.lfuse)
 *(.hfuse)
 *(.efuse)

.lock
 *(.lock*)

.signature
 *(.signature*)

.user_signatures
 *(.user_signatures*)

.stab
 *(.stab)

.stabstr
 *(.stabstr)

.stab.excl
 *(.stab.excl)

.stab.exclstr
 *(.stab.exclstr)

.stab.index
 *(.stab.index)

.stab.indexstr
 *(.stab.indexstr)

.comment        0x00000000       0x5c
 *(.comment)
 .comment       0x00000000       0x30 ADC.o
                                 0x31 (size before relaxing)
 .comment       0x00000030       0x31 CLK.o
 .comment       0x00000030       0x31 CRC.o
 .comment       0x00000030       0x31 FOUSART.o
 .comment       0x00000030       0x31 GPIO.o
 .comment       0x00000030       0x31 i2c.o
 .comment       0x00000030       0x31 Joystick.o
 .comment       0x00000030       0x31 LinearMotor.o
 .comment       0x00000030       0x31 main.o
 .comment       0x00000030       0x31 RS485LED.o
 .comment       0x00000030       0x31 RS485USART.o
 .comment       0x00000030       0x31 SSD1306.o
 .comment       0x00000030       0x31 StepperMotor.o
 .comment       0x00000030       0x31 TCA.o
 .comment       0x00000030       0x31 TCD.o
 .comment       0x00000030       0x31 USART.o
 .comment       0x00000030       0x31 c:/program files (x86)/atmel/studio/7.0/toolchain/avr8/avr8-gnu-toolchain/bin/../lib/gcc/avr/5.4.0/../../../../avr/lib/avrxmega2\libc.a(strtol.o)
 .comment       0x00000030       0x31 c:/program files (x86)/atmel/studio/7.0/toolchain/avr8/avr8-gnu-toolchain/bin/../lib/gcc/avr/5.4.0/../../../../avr/lib/avrxmega2\libc.a(strtoul.o)
 .comment       0x00000030       0x31 c:/program files (x86)/atmel/studio/7.0/toolchain/avr8/avr8-gnu-toolchain/bin/../lib/gcc/avr/5.4.0/../../../../avr/lib/avrxmega2\libc.a(strtok.o)
 .comment       0x00000030       0x31 c:/program files (x86)/atmel/studio/7.0/toolchain/avr8/avr8-gnu-toolchain/bin/../lib/gcc/avr/5.4.0/../../../../avr/lib/avrxmega2\libc.a(vsnprintf.o)
 .comment       0x00000030       0x2c c:/program files (x86)/atmel/studio/7.0/toolchain/avr8/avr8-gnu-toolchain/bin/../lib/gcc/avr/5.4.0/../../../../avr/lib/avrxmega2\libc.a(vfprintf_std.o)
                                 0x2d (size before relaxing)
 .comment       0x0000005c       0x2d c:/program files (x86)/atmel/studio/7.0/toolchain/avr8/avr8-gnu-toolchain/bin/../lib/gcc/avr/5.4.0/../../../../avr/lib/avrxmega2\libc.a(errno.o)
 .comment       0x0000005c       0x31 c:/program files (x86)/atmel/studio/7.0/toolchain/avr8/avr8-gnu-toolchain/bin/../lib/gcc/avr/5.4.0/../../../../avr/lib/avrxmega2\libc.a(fputc.o)

.note.gnu.avr.deviceinfo
                0x00000000       0x3c
 .note.gnu.avr.deviceinfo
                0x00000000       0x3c C:/Program Files (x86)/Atmel/Studio/7.0/Packs/Atmel/AVR-Dx_DFP/2.7.321/gcc/dev/avr64dd32/avrxmega2/crtavr64dd32.o

.note.gnu.build-id
 *(.note.gnu.build-id)

.debug
 *(.debug)

.line
 *(.line)

.debug_srcinfo
 *(.debug_srcinfo)

.debug_sfnames
 *(.debug_sfnames)

.debug_aranges  0x00000000      0x3e0
 *(.debug_aranges)
 .debug_aranges
                0x00000000       0x50 ADC.o
 .debug_aranges
                0x00000050       0x28 CLK.o
 .debug_aranges
                0x00000078       0x28 CRC.o
 .debug_aranges
                0x000000a0       0x30 FOUSART.o
 .debug_aranges
                0x000000d0       0x20 GPIO.o
 .debug_aranges
                0x000000f0       0x50 i2c.o
 .debug_aranges
                0x00000140       0x28 Joystick.o
 .debug_aranges
                0x00000168       0x60 LinearMotor.o
 .debug_aranges
                0x000001c8       0x20 main.o
 .debug_aranges
                0x000001e8       0x20 RS485LED.o
 .debug_aranges
                0x00000208       0x28 RS485USART.o
 .debug_aranges
                0x00000230       0x78 SSD1306.o
 .debug_aranges
                0x000002a8       0x68 StepperMotor.o
 .debug_aranges
                0x00000310       0x20 TCA.o
 .debug_aranges
                0x00000330       0x20 TCD.o
 .debug_aranges
                0x00000350       0x70 USART.o
 .debug_aranges
                0x000003c0       0x20 C:/Program Files (x86)/Atmel/Studio/7.0/Packs/Atmel/AVR-Dx_DFP/2.7.321/gcc/dev/avr64dd32/avrxmega2\libavr64dd32.a(ccp_write.o)

.debug_pubnames
 *(.debug_pubnames)

.debug_info     0x00000000     0x7c68
 *(.debug_info .gnu.linkonce.wi.*)
 .debug_info    0x00000000     0x22a4 C:/Program Files (x86)/Atmel/Studio/7.0/Packs/Atmel/AVR-Dx_DFP/2.7.321/gcc/dev/avr64dd32/avrxmega2/crtavr64dd32.o
 .debug_info    0x000022a4      0x5b6 ADC.o
 .debug_info    0x0000285a      0x351 CLK.o
 .debug_info    0x00002bab      0x186 CRC.o
 .debug_info    0x00002d31      0x57d FOUSART.o
 .debug_info    0x000032ae      0x443 GPIO.o
 .debug_info    0x000036f1      0x5f5 i2c.o
 .debug_info    0x00003ce6      0x3f6 Joystick.o
 .debug_info    0x000040dc      0xb9c LinearMotor.o
 .debug_info    0x00004c78      0x2aa main.o
 .debug_info    0x00004f22      0x2a2 RS485LED.o
 .debug_info    0x000051c4      0x366 RS485USART.o
 .debug_info    0x0000552a      0x818 SSD1306.o
 .debug_info    0x00005d42      0x8e0 StepperMotor.o
 .debug_info    0x00006622      0x921 TCA.o
 .debug_info    0x00006f43      0x5ad TCD.o
 .debug_info    0x000074f0      0x6cf USART.o
 .debug_info    0x00007bbf       0xa9 C:/Program Files (x86)/Atmel/Studio/7.0/Packs/Atmel/AVR-Dx_DFP/2.7.321/gcc/dev/avr64dd32/avrxmega2\libavr64dd32.a(ccp_write.o)

.debug_abbrev   0x00000000     0x383e
 *(.debug_abbrev)
 .debug_abbrev  0x00000000     0x20ce C:/Program Files (x86)/Atmel/Studio/7.0/Packs/Atmel/AVR-Dx_DFP/2.7.321/gcc/dev/avr64dd32/avrxmega2/crtavr64dd32.o
 .debug_abbrev  0x000020ce      0x193 ADC.o
 .debug_abbrev  0x00002261       0xe5 CLK.o
 .debug_abbrev  0x00002346       0xd2 CRC.o
 .debug_abbrev  0x00002418      0x1aa FOUSART.o
 .debug_abbrev  0x000025c2       0xbc GPIO.o
 .debug_abbrev  0x0000267e      0x1df i2c.o
 .debug_abbrev  0x0000285d      0x139 Joystick.o
 .debug_abbrev  0x00002996      0x256 LinearMotor.o
 .debug_abbrev  0x00002bec      0x10e main.o
 .debug_abbrev  0x00002cfa       0xcb RS485LED.o
 .debug_abbrev  0x00002dc5      0x16e RS485USART.o
 .debug_abbrev  0x00002f33      0x1ca SSD1306.o
 .debug_abbrev  0x000030fd      0x23a StepperMotor.o
 .debug_abbrev  0x00003337      0x150 TCA.o
 .debug_abbrev  0x00003487      0x12f TCD.o
 .debug_abbrev  0x000035b6      0x274 USART.o
 .debug_abbrev  0x0000382a       0x14 C:/Program Files (x86)/Atmel/Studio/7.0/Packs/Atmel/AVR-Dx_DFP/2.7.321/gcc/dev/avr64dd32/avrxmega2\libavr64dd32.a(ccp_write.o)

.debug_line     0x00000000     0x26db
 *(.debug_line .debug_line.* .debug_line_end)
 .debug_line    0x00000000      0x16f C:/Program Files (x86)/Atmel/Studio/7.0/Packs/Atmel/AVR-Dx_DFP/2.7.321/gcc/dev/avr64dd32/avrxmega2/crtavr64dd32.o
 .debug_line    0x0000016f      0x206 ADC.o
 .debug_line    0x00000375      0x1a7 CLK.o
 .debug_line    0x0000051c      0x173 CRC.o
 .debug_line    0x0000068f      0x29c FOUSART.o
 .debug_line    0x0000092b      0x171 GPIO.o
 .debug_line    0x00000a9c      0x33e i2c.o
 .debug_line    0x00000dda      0x170 Joystick.o
 .debug_line    0x00000f4a      0x32a LinearMotor.o
 .debug_line    0x00001274      0x221 main.o
 .debug_line    0x00001495      0x13f RS485LED.o
 .debug_line    0x000015d4      0x208 RS485USART.o
 .debug_line    0x000017dc      0x4ca SSD1306.o
 .debug_line    0x00001ca6      0x327 StepperMotor.o
 .debug_line    0x00001fcd      0x18c TCA.o
 .debug_line    0x00002159      0x1bb TCD.o
 .debug_line    0x00002314      0x360 USART.o
 .debug_line    0x00002674       0x67 C:/Program Files (x86)/Atmel/Studio/7.0/Packs/Atmel/AVR-Dx_DFP/2.7.321/gcc/dev/avr64dd32/avrxmega2\libavr64dd32.a(ccp_write.o)

.debug_frame    0x00000000      0x9f8
 *(.debug_frame)
 .debug_frame   0x00000000       0x84 ADC.o
 .debug_frame   0x00000084       0x34 CLK.o
 .debug_frame   0x000000b8       0xa0 CRC.o
 .debug_frame   0x00000158       0xc0 FOUSART.o
 .debug_frame   0x00000218       0x24 GPIO.o
 .debug_frame   0x0000023c      0x104 i2c.o
 .debug_frame   0x00000340       0x48 Joystick.o
 .debug_frame   0x00000388       0xb8 LinearMotor.o
 .debug_frame   0x00000440      0x120 main.o
 .debug_frame   0x00000560       0x24 RS485LED.o
 .debug_frame   0x00000584       0x78 RS485USART.o
 .debug_frame   0x000005fc      0x184 SSD1306.o
 .debug_frame   0x00000780       0xc0 StepperMotor.o
 .debug_frame   0x00000840       0x68 TCA.o
 .debug_frame   0x000008a8       0x4c TCD.o
 .debug_frame   0x000008f4      0x104 USART.o

.debug_str      0x00000000     0x2f7a
 *(.debug_str)
 .debug_str     0x00000000      0xefb C:/Program Files (x86)/Atmel/Studio/7.0/Packs/Atmel/AVR-Dx_DFP/2.7.321/gcc/dev/avr64dd32/avrxmega2/crtavr64dd32.o
 .debug_str     0x00000efb      0x7bd ADC.o
                                0x819 (size before relaxing)
 .debug_str     0x000016b8      0x274 CLK.o
                                0x446 (size before relaxing)
 .debug_str     0x0000192c       0x51 CRC.o
                                0x204 (size before relaxing)
 .debug_str     0x0000197d      0x125 FOUSART.o
                                0x309 (size before relaxing)
 .debug_str     0x00001aa2      0x3ee GPIO.o
                                0x5b2 (size before relaxing)
 .debug_str     0x00001e90      0x2c1 i2c.o
                                0x498 (size before relaxing)
 .debug_str     0x00002151       0x43 Joystick.o
                                0x54e (size before relaxing)
 .debug_str     0x00002194      0x2eb LinearMotor.o
                                0x63a (size before relaxing)
 .debug_str     0x0000247f       0x85 main.o
                                0x2f1 (size before relaxing)
 .debug_str     0x00002504       0x50 RS485LED.o
                                0x2cd (size before relaxing)
 .debug_str     0x00002554       0x78 RS485USART.o
                                0x2f8 (size before relaxing)
 .debug_str     0x000025cc      0x1c4 SSD1306.o
                                0x3e2 (size before relaxing)
 .debug_str     0x00002790      0x209 StepperMotor.o
                                0x5c6 (size before relaxing)
 .debug_str     0x00002999      0x147 TCA.o
                                0x5de (size before relaxing)
 .debug_str     0x00002ae0      0x135 TCD.o
                                0x4d3 (size before relaxing)
 .debug_str     0x00002c15      0x365 USART.o
                                0x5dd (size before relaxing)

.debug_loc      0x00000000     0x2559
 *(.debug_loc)
 .debug_loc     0x00000000       0x74 ADC.o
 .debug_loc     0x00000074      0x363 CRC.o
 .debug_loc     0x000003d7      0x510 FOUSART.o
 .debug_loc     0x000008e7      0x629 i2c.o
 .debug_loc     0x00000f10       0x49 Joystick.o
 .debug_loc     0x00000f59      0x155 LinearMotor.o
 .debug_loc     0x000010ae      0x44c main.o
 .debug_loc     0x000014fa       0x6c RS485LED.o
 .debug_loc     0x00001566      0x24c RS485USART.o
 .debug_loc     0x000017b2      0x74c SSD1306.o
 .debug_loc     0x00001efe       0x77 StepperMotor.o
 .debug_loc     0x00001f75      0x212 TCA.o
 .debug_loc     0x00002187      0x13c TCD.o
 .debug_loc     0x000022c3      0x296 USART.o

.debug_macinfo
 *(.debug_macinfo)

.debug_weaknames
 *(.debug_weaknames)

.debug_funcnames
 *(.debug_funcnames)

.debug_typenames
 *(.debug_typenames)

.debug_varnames
 *(.debug_varnames)

.debug_pubtypes
 *(.debug_pubtypes)

.debug_ranges   0x00000000      0x308
 *(.debug_ranges)
 .debug_ranges  0x00000000       0x40 ADC.o
 .debug_ranges  0x00000040       0x18 CLK.o
 .debug_ranges  0x00000058       0x18 CRC.o
 .debug_ranges  0x00000070       0x50 FOUSART.o
 .debug_ranges  0x000000c0       0x10 GPIO.o
 .debug_ranges  0x000000d0       0x58 i2c.o
 .debug_ranges  0x00000128       0x18 Joystick.o
 .debug_ranges  0x00000140       0x50 LinearMotor.o
 .debug_ranges  0x00000190       0x10 main.o
 .debug_ranges  0x000001a0       0x10 RS485LED.o
 .debug_ranges  0x000001b0       0x18 RS485USART.o
 .debug_ranges  0x000001c8       0x68 SSD1306.o
 .debug_ranges  0x00000230       0x58 StepperMotor.o
 .debug_ranges  0x00000288       0x10 TCA.o
 .debug_ranges  0x00000298       0x10 TCD.o
 .debug_ranges  0x000002a8       0x60 USART.o

.debug_macro
 *(.debug_macro)
OUTPUT(AVR64DD32-MAIN-Controller.elf elf32-avr)
LOAD linker stubs
