Archive member included to satisfy reference by file (symbol)

c:/program files (x86)/atmel/studio/7.0/toolchain/avr8/avr8-gnu-toolchain/bin/../lib/gcc/avr/5.4.0/../../../../avr/lib/avrxmega2\libm.a(addsf3.o)
                              Actions.o (__subsf3)
c:/program files (x86)/atmel/studio/7.0/toolchain/avr8/avr8-gnu-toolchain/bin/../lib/gcc/avr/5.4.0/../../../../avr/lib/avrxmega2\libm.a(addsf3x.o)
                              c:/program files (x86)/atmel/studio/7.0/toolchain/avr8/avr8-gnu-toolchain/bin/../lib/gcc/avr/5.4.0/../../../../avr/lib/avrxmega2\libm.a(addsf3.o) (__addsf3x)
c:/program files (x86)/atmel/studio/7.0/toolchain/avr8/avr8-gnu-toolchain/bin/../lib/gcc/avr/5.4.0/../../../../avr/lib/avrxmega2\libm.a(cmpsf2.o)
                              Actions.o (__eqsf2)
c:/program files (x86)/atmel/studio/7.0/toolchain/avr8/avr8-gnu-toolchain/bin/../lib/gcc/avr/5.4.0/../../../../avr/lib/avrxmega2\libm.a(divsf3.o)
                              TCD.o (__divsf3)
c:/program files (x86)/atmel/studio/7.0/toolchain/avr8/avr8-gnu-toolchain/bin/../lib/gcc/avr/5.4.0/../../../../avr/lib/avrxmega2\libm.a(divsf3x.o)
                              c:/program files (x86)/atmel/studio/7.0/toolchain/avr8/avr8-gnu-toolchain/bin/../lib/gcc/avr/5.4.0/../../../../avr/lib/avrxmega2\libm.a(divsf3.o) (__divsf3x)
c:/program files (x86)/atmel/studio/7.0/toolchain/avr8/avr8-gnu-toolchain/bin/../lib/gcc/avr/5.4.0/../../../../avr/lib/avrxmega2\libm.a(fixunssfsi.o)
                              ADC.o (__fixunssfsi)
c:/program files (x86)/atmel/studio/7.0/toolchain/avr8/avr8-gnu-toolchain/bin/../lib/gcc/avr/5.4.0/../../../../avr/lib/avrxmega2\libm.a(floatsisf.o)
                              Actions.o (__floatunsisf)
c:/program files (x86)/atmel/studio/7.0/toolchain/avr8/avr8-gnu-toolchain/bin/../lib/gcc/avr/5.4.0/../../../../avr/lib/avrxmega2\libm.a(fp_cmp.o)
                              c:/program files (x86)/atmel/studio/7.0/toolchain/avr8/avr8-gnu-toolchain/bin/../lib/gcc/avr/5.4.0/../../../../avr/lib/avrxmega2\libm.a(cmpsf2.o) (__fp_cmp)
c:/program files (x86)/atmel/studio/7.0/toolchain/avr8/avr8-gnu-toolchain/bin/../lib/gcc/avr/5.4.0/../../../../avr/lib/avrxmega2\libm.a(fp_inf.o)
                              c:/program files (x86)/atmel/studio/7.0/toolchain/avr8/avr8-gnu-toolchain/bin/../lib/gcc/avr/5.4.0/../../../../avr/lib/avrxmega2\libm.a(addsf3x.o) (__fp_inf)
c:/program files (x86)/atmel/studio/7.0/toolchain/avr8/avr8-gnu-toolchain/bin/../lib/gcc/avr/5.4.0/../../../../avr/lib/avrxmega2\libm.a(fp_nan.o)
                              c:/program files (x86)/atmel/studio/7.0/toolchain/avr8/avr8-gnu-toolchain/bin/../lib/gcc/avr/5.4.0/../../../../avr/lib/avrxmega2\libm.a(addsf3x.o) (__fp_nan)
c:/program files (x86)/atmel/studio/7.0/toolchain/avr8/avr8-gnu-toolchain/bin/../lib/gcc/avr/5.4.0/../../../../avr/lib/avrxmega2\libm.a(fp_pscA.o)
                              c:/program files (x86)/atmel/studio/7.0/toolchain/avr8/avr8-gnu-toolchain/bin/../lib/gcc/avr/5.4.0/../../../../avr/lib/avrxmega2\libm.a(addsf3x.o) (__fp_pscA)
c:/program files (x86)/atmel/studio/7.0/toolchain/avr8/avr8-gnu-toolchain/bin/../lib/gcc/avr/5.4.0/../../../../avr/lib/avrxmega2\libm.a(fp_pscB.o)
                              c:/program files (x86)/atmel/studio/7.0/toolchain/avr8/avr8-gnu-toolchain/bin/../lib/gcc/avr/5.4.0/../../../../avr/lib/avrxmega2\libm.a(addsf3x.o) (__fp_pscB)
c:/program files (x86)/atmel/studio/7.0/toolchain/avr8/avr8-gnu-toolchain/bin/../lib/gcc/avr/5.4.0/../../../../avr/lib/avrxmega2\libm.a(fp_round.o)
                              c:/program files (x86)/atmel/studio/7.0/toolchain/avr8/avr8-gnu-toolchain/bin/../lib/gcc/avr/5.4.0/../../../../avr/lib/avrxmega2\libm.a(addsf3.o) (__fp_round)
c:/program files (x86)/atmel/studio/7.0/toolchain/avr8/avr8-gnu-toolchain/bin/../lib/gcc/avr/5.4.0/../../../../avr/lib/avrxmega2\libm.a(fp_split3.o)
                              c:/program files (x86)/atmel/studio/7.0/toolchain/avr8/avr8-gnu-toolchain/bin/../lib/gcc/avr/5.4.0/../../../../avr/lib/avrxmega2\libm.a(addsf3x.o) (__fp_split3)
c:/program files (x86)/atmel/studio/7.0/toolchain/avr8/avr8-gnu-toolchain/bin/../lib/gcc/avr/5.4.0/../../../../avr/lib/avrxmega2\libm.a(fp_zero.o)
                              c:/program files (x86)/atmel/studio/7.0/toolchain/avr8/avr8-gnu-toolchain/bin/../lib/gcc/avr/5.4.0/../../../../avr/lib/avrxmega2\libm.a(addsf3x.o) (__fp_zero)
c:/program files (x86)/atmel/studio/7.0/toolchain/avr8/avr8-gnu-toolchain/bin/../lib/gcc/avr/5.4.0/../../../../avr/lib/avrxmega2\libm.a(gesf2.o)
                              Actions.o (__gtsf2)
c:/program files (x86)/atmel/studio/7.0/toolchain/avr8/avr8-gnu-toolchain/bin/../lib/gcc/avr/5.4.0/../../../../avr/lib/avrxmega2\libm.a(mulsf3.o)
                              ADC.o (__mulsf3)
c:/program files (x86)/atmel/studio/7.0/toolchain/avr8/avr8-gnu-toolchain/bin/../lib/gcc/avr/5.4.0/../../../../avr/lib/avrxmega2\libm.a(mulsf3x.o)
[...]
Memory Configuration

Name             Origin             Length             Attributes
text             0x00000000         0x00010000         xr
data             0x00806000         0x00002000         rw !x
eeprom           0x00810000         0x00000100         rw !x
fuse             0x00820000         0x00000010         rw !x
lock             0x00830000         0x00000400         rw !x
signature        0x00840000         0x00000400         rw !x
user_signatures  0x00850000         0x00000400         rw !x
*default*        0x00000000         0xffffffff

Linker script and memory map

Address of section .data set to 0x806000
                0x00008000                __RODATA_PM_OFFSET__ = 0x8000
LOAD C:/Program Files (x86)/Atmel/Studio/7.0/Packs/Atmel/AVR-Dx_DFP/2.7.321/gcc/dev/avr64dd32/avrxmega2/crtavr64dd32.o
LOAD Actions.o
LOAD ADC.o
LOAD CLK.o
LOAD CRC.o
LOAD FOUSART.o
LOAD GPIO.o
LOAD i2c.o
LOAD Joystick.o
LOAD LinearMotor.o
LOAD main.o
LOAD RS485LED.o
LOAD RS485USART.o
LOAD SSD1306.o
LOAD StepperMotor.o
LOAD TCA.o
LOAD TCD.o
LOAD USART.o
LOAD Windows.o
START GROUP
LOAD c:/program files (x86)/atmel/studio/7.0/toolchain/avr8/avr8-gnu-toolchain/bin/../lib/gcc/avr/5.4.0/../../../../avr/lib/avrxmega2\libm.a
END GROUP
START GROUP
LOAD c:/program files (x86)/atmel/studio/7.0/toolchain/avr8/avr8-gnu-toolchain/bin/../lib/gcc/avr/5.4.0/avrxmega2\libgcc.a
LOAD c:/program files (x86)/atmel/studio/7.0/toolchain/avr8/avr8-gnu-toolchain/bin/../lib/gcc/avr/5.4.0/../../../../avr/lib/avrxmega2\libm.a
LOAD c:/program files (x86)/atmel/studio/7.0/toolchain/avr8/avr8-gnu-toolchain/bin/../lib/gcc/avr/5.4.0/../../../../avr/lib/avrxmega2\libc.a
LOAD C:/Program Files (x86)/Atmel/Studio/7.0/Packs/Atmel/AVR-Dx_DFP/2.7.321/gcc/dev/avr64dd32/avrxmega2\libavr64dd32.a
END GROUP
                [0x00000000]                __TEXT_REGION_ORIGIN__ = DEFINED (__TEXT_REGION_ORIGIN__)?__TEXT_REGION_ORIGIN__:0x0
                [0x00806000]                __DATA_REGION_ORIGIN__ = DEFINED (__DATA_REGION_ORIGIN__)?__DATA_REGION_ORIGIN__:0x802000
                [0x00010000]                __TEXT_REGION_LENGTH__ = DEFINED (__TEXT_REGION_LENGTH__)?__TEXT_REGION_LENGTH__:0x100000
                [0x00002000]                __DATA_REGION_LENGTH__ = DEFINED (__DATA_REGION_LENGTH__)?__DATA_REGION_LENGTH__:0xffa0
                [0x00000100]                __EEPROM_REGION_LENGTH__ = DEFINED (__EEPROM_REGION_LENGTH__)?__EEPROM_REGION_LENGTH__:0x10000
                [0x00000010]                __FUSE_REGION_LENGTH__ = DEFINED (__FUSE_REGION_LENGTH__)?__FUSE_REGION_LENGTH__:0x400
                0x00000400                __LOCK_REGION_LENGTH__ = DEFINED (__LOCK_REGION_LENGTH__)?__LOCK_REGION_LENGTH__:0x400
                0x00000400                __SIGNATURE_REGION_LENGTH__ = DEFINED (__SIGNATURE_REGION_LENGTH__)?__SIGNATURE_REGION_LENGTH__:0x400
                0x00000400                __USER_SIGNATURE_REGION_LENGTH__ = DEFINED (__USER_SIGNATURE_REGION_LENGTH__)?__USER_SIGNATURE_REGION_LENGTH__:0x400

.hash
 *(.hash)

.dynsym
 *(.dynsym)

.dynstr
 *(.dynstr)

.gnu.version
 *(.gnu.version)

.gnu.version_d
 *(.gnu.version_d)

.gnu.version_r
 *(.gnu.version_r)

.rel.init
 *(.rel.init)

.rela.init
 *(.rela.init)

.rel.text
 *(.rel.text)
 *(.rel.text.*)
 *(.rel.gnu.linkonce.t*)

.rela.text
 *(.rela.text)
 *(.rela.text.*)
 *(.rela.gnu.linkonce.t*)

.rel.fini
 *(.rel.fini)

.rela.fini
 *(.rela.fini)

.rel.rodata
 *(.rel.rodata)
 *(.rel.rodata.*)
 *(.rel.gnu.linkonce.r*)

.rela.rodata
 *(.rela.rodata)
 *(.rela.rodata.*)
 *(.rela.gnu.linkonce.r*)

.rel.data
 *(.rel.data)
 *(.rel.data.*)
 *(.rel.gnu.linkonce.d*)

.rela.data
 *(.rela.data)
 *(.rela.data.*)
 *(.rela.gnu.linkonce.d*)

.rel.ctors
 *(.rel.ctors)

.rela.ctors
 *(.rela.ctors)

.rel.dtors
 *(.rel.dtors)

.rela.dtors
 *(.rela.dtors)

.rel.got
 *(.rel.got)

.rela.got
 *(.rela.got)

.rel.bss
 *(.rel.bss)

.rela.bss
 *(.rela.bss)

.rel.plt
 *(.rel.plt)

.rela.plt
 *(.rela.plt)

.text           0x00000000     0x2202
 *(.vectors)
 .vectors       0x00000000       0x90 C:/Program Files (x86)/Atmel/Studio/7.0/Packs/Atmel/AVR-Dx_DFP/2.7.321/gcc/dev/avr64dd32/avrxmega2/crtavr64dd32.o
                0x00000000                __vector_default
                0x00000000                __vectors
 *(.vectors)
 *(.progmem.gcc*)
                0x00000090                . = ALIGN (0x2)
                0x00000090                __trampolines_start = .
 *(.trampolines)
 .trampolines   0x00000090        0x0 linker stubs
 *(.trampolines*)
                0x00000090                __trampolines_end = .
 *libprintf_flt.a:*(.progmem.data)
 *libc.a:*(.progmem.data)
 *(.progmem*)
                0x00000090                . = ALIGN (0x2)
 *(.jumptables)
 *(.jumptables*)
 *(.lowtext)
 *(.lowtext*)
                0x00000090                __ctors_start = .
 *(.ctors)
                0x00000090                __ctors_end = .
                0x00000090                __dtors_start = .
 *(.dtors)
                0x00000090                __dtors_end = .
 SORT(*)(.ctors)
 SORT(*)(.dtors)
 *(.init0)
 .init0         0x00000090        0x0 C:/Program Files (x86)/Atmel/Studio/7.0/Packs/Atmel/AVR-Dx_DFP/2.7.321/gcc/dev/avr64dd32/avrxmega2/crtavr64dd32.o
                0x00000090                __init
 *(.init0)
 *(.init1)
 *(.init1)
 *(.init2)
 .init2         0x00000090        0xc C:/Program Files (x86)/Atmel/Studio/7.0/Packs/Atmel/AVR-Dx_DFP/2.7.321/gcc/dev/avr64dd32/avrxmega2/crtavr64dd32.o
 *(.init2)
 *(.init3)
 *(.init3)
 *(.init4)
 .init4         0x0000009c       0x16 c:/program files (x86)/atmel/studio/7.0/toolchain/avr8/avr8-gnu-toolchain/bin/../lib/gcc/avr/5.4.0/avrxmega2\libgcc.a(_copy_data.o)
                0x0000009c                __do_copy_data
 .init4         0x000000b2       0x10 c:/program files (x86)/atmel/studio/7.0/toolchain/avr8/avr8-gnu-toolchain/bin/../lib/gcc/avr/5.4.0/avrxmega2\libgcc.a(_clear_bss.o)
                0x000000b2                __do_clear_bss
 *(.init4)
 *(.init5)
 *(.init5)
 *(.init6)
 *(.init6)
 *(.init7)
 *(.init7)
 *(.init8)
 *(.init8)
 *(.init9)
 .init9         0x000000c2        0x8 C:/Program Files (x86)/Atmel/Studio/7.0/Packs/Atmel/AVR-Dx_DFP/2.7.321/gcc/dev/avr64dd32/avrxmega2/crtavr64dd32.o
 *(.init9)
 *(.text)
 .text          0x000000ca        0x4 C:/Program Files (x86)/Atmel/Studio/7.0/Packs/Atmel/AVR-Dx_DFP/2.7.321/gcc/dev/avr64dd32/avrxmega2/crtavr64dd32.o
                0x000000ca                __vector_22
                0x000000ca                __vector_28
                0x000000ca                __vector_1
                0x000000ca                __vector_32
                0x000000ca                __vector_34
                0x000000ca                __vector_24
                0x000000ca                __vector_12
                0x000000ca                __bad_interrupt
                0x000000ca                __vector_6
                0x000000ca                __vector_31
                0x000000ca                __vector_35
                0x000000ca                __vector_3
                0x000000ca                __vector_23
                0x000000ca                __vector_30
                0x000000ca                __vector_25
                0x000000ca                __vector_11
                0x000000ca                __vector_13
                0x000000ca                __vector_17
                0x000000ca                __vector_19
                0x000000ca                __vector_7
                0x000000ca                __vector_27
                0x000000ca                __vector_5
                0x000000ca                __vector_33
                0x000000ca                __vector_4
                0x000000ca                __vector_9
                0x000000ca                __vector_2
                0x000000ca                __vector_21
                0x000000ca                __vector_15
                0x000000ca                __vector_29
                0x000000ca                __vector_8
                0x000000ca                __vector_26
                0x000000ca                __vector_14
                0x000000ca                __vector_10
                0x000000ca                __vector_16
                0x000000ca                __vector_18
                0x000000ca                __vector_20
                0x000000ce                . = ALIGN (0x2)
 *(.text.*)
 .text.normalize
                0x000000ce       0x12 Actions.o
                0x000000ce                normalize
 .text.angle_diff
                0x000000e0       0x30 Actions.o
                0x000000e0                angle_diff
 .text.get_safe_azimuth
                0x00000110       0xaa Actions.o
                0x00000110                get_safe_azimuth
 .text.StepperControl
                0x000001ba      0x23e Actions.o
                0x000001ba                StepperControl
 .text.work     0x000003f8       0x66 Actions.o
                0x000003f8                work
 .text.ADC0_init
                0x0000045e       0x10 ADC.o
                0x0000045e                ADC0_init
 .text.ADC0_SetupJoystick
                0x0000046e        0xc ADC.o
                0x0000046e                ADC0_SetupJoystick
 .text.ADC0_read
                0x0000047a       0x28 ADC.o
                0x0000047a                ADC0_read
 .text.CLOCK_XOSCHF_clock_init
                0x000004a2       0x1e CLK.o
                0x000004a2                CLOCK_XOSCHF_clock_init
 .text.crc8_cdma2000
                0x000004c0      0x10e CRC.o
                0x000004c0                crc8_cdma2000
 .text.verify_crc8_cdma2000
                0x000005ce       0x1a CRC.o
                0x000005ce                verify_crc8_cdma2000
 .text.hexToUint64
                0x000005e8       0xb2 FOUSART.o
                0x000005e8                hexToUint64
 .text.FODataSplitter
                0x0000069a      0x218 FOUSART.o
                0x0000069a                FODataSplitter
 .text.FOReceiver
                0x000008b2       0xb8 FOUSART.o
                0x000008b2                FOReceiver
 .text.GPIO_init
                0x0000096a       0x5e GPIO.o
                0x0000096a                GPIO_init
 .text.I2C_init
                0x000009c8       0x14 i2c.o
                0x000009c8                I2C_init
 .text.TransmitAdd
                0x000009dc       0x54 i2c.o
                0x000009dc                TransmitAdd
 .text.TransmitByte
                0x00000a30       0x56 i2c.o
                0x00000a30                TransmitByte
 .text.WriteToReg
                0x00000a86       0x32 i2c.o
                0x00000a86                WriteToReg
 .text.ReadButton
                0x00000ab8        0xe Joystick.o
                0x00000ab8                ReadButton
 .text.ReadJoystickValues
                0x00000ac6       0x4c Joystick.o
                0x00000ac6                ReadJoystickValues
 .text.LinearMotor_init
                0x00000b12       0x18 LinearMotor.o
                0x00000b12                LinearMotor_init
 .text.main     0x00000b2a      0x11c main.o
                0x00000b2a                main
 .text.RS485_Led
                0x00000c46       0x30 RS485LED.o
                0x00000c46                RS485_Led
 .text.RS485DataSplitter
                0x00000c76       0x84 RS485USART.o
                0x00000c76                RS485DataSplitter
 .text.RS485Receiver
                0x00000cfa       0x98 RS485USART.o
                0x00000cfa                RS485Receiver
 .text.screen_command
                0x00000d92        0xc SSD1306.o
                0x00000d92                screen_command
 .text.screen_data
                0x00000d9e        0xc SSD1306.o
                0x00000d9e                screen_data
 .text.screen_init
                0x00000daa       0x26 SSD1306.o
                0x00000daa                screen_init
 .text.screen_draw_char
                0x00000dd0       0x68 SSD1306.o
                0x00000dd0                screen_draw_char
 .text.screen_clear
                0x00000e38       0x4a SSD1306.o
                0x00000e38                screen_clear
 .text.screen_draw_text
                0x00000e82       0x3e SSD1306.o
                0x00000e82                screen_draw_text
 .text.screen_write_text
                0x00000ec0       0x4e SSD1306.o
                0x00000ec0                screen_write_text
 .text.calculate_start_pixel
                0x00000f0e       0x4a SSD1306.o
                0x00000f0e                calculate_start_pixel
 .text.screen_write_text_aligned
                0x00000f58       0x22 SSD1306.o
                0x00000f58                screen_write_text_aligned
 .text.screen_write_formatted_text
                0x00000f7a       0x3c SSD1306.o
                0x00000f7a                screen_write_formatted_text
 .text.Stepper_enable
                0x00000fb6       0x20 StepperMotor.o
                0x00000fb6                Stepper_enable
 .text.Stepper_disable
                0x00000fd6       0x20 StepperMotor.o
                0x00000fd6                Stepper_disable
 .text.Stepper_start
                0x00000ff6       0x2c StepperMotor.o
                0x00000ff6                Stepper_start
 .text.Stepper_stop
                0x00001022       0x2c StepperMotor.o
                0x00001022                Stepper_stop
 .text.Stepper_set_direction
                0x0000104e       0x34 StepperMotor.o
                0x0000104e                Stepper_set_direction
 .text.Stepper_init
                0x00001082       0x10 StepperMotor.o
                0x00001082                Stepper_init
 .text.TCA0_init_linear_PWM
                0x00001092      0x120 TCA.o
                0x00001092                TCA0_init_linear_PWM
 .text.TCD0_init_stepper_PWM
                0x000011b2       0xbe TCD.o
                0x000011b2                TCD0_init_stepper_PWM
 .text.USART0_init
                0x00001270       0x1a USART.o
                0x00001270                USART0_init
 .text.USART0_readChar
                0x0000128a       0x26 USART.o
                0x0000128a                USART0_readChar
 .text.USART1_init
                0x000012b0       0x16 USART.o
                0x000012b0                USART1_init
 .text.USART1_readChar
                0x000012c6       0x2e USART.o
                0x000012c6                USART1_readChar
 .text.avr-libc.fplib
                0x000012f4        0xe c:/program files (x86)/atmel/studio/7.0/toolchain/avr8/avr8-gnu-toolchain/bin/../lib/gcc/avr/5.4.0/../../../../avr/lib/avrxmega2\libm.a(addsf3.o)
                0x000012f4                __subsf3
                0x000012f6                __addsf3
 .text.avr-libc.fplib
                0x00001302       0xcc c:/program files (x86)/atmel/studio/7.0/toolchain/avr8/avr8-gnu-toolchain/bin/../lib/gcc/avr/5.4.0/../../../../avr/lib/avrxmega2\libm.a(addsf3x.o)
                0x00001324                __addsf3x
 .text.avr-libc.fplib
                0x000013ce        0xa c:/program files (x86)/atmel/studio/7.0/toolchain/avr8/avr8-gnu-toolchain/bin/../lib/gcc/avr/5.4.0/../../../../avr/lib/avrxmega2\libm.a(cmpsf2.o)
                0x000013ce                __nesf2
                0x000013ce                __eqsf2
                0x000013ce                __cmpsf2
                0x000013ce                __ltsf2
                0x000013ce                __lesf2
 .text.avr-libc.fplib
                0x000013d8        0x8 c:/program files (x86)/atmel/studio/7.0/toolchain/avr8/avr8-gnu-toolchain/bin/../lib/gcc/avr/5.4.0/../../../../avr/lib/avrxmega2\libm.a(divsf3.o)
                0x000013d8                __divsf3
 .text.avr-libc.fplib
                0x000013e0       0xdc c:/program files (x86)/atmel/studio/7.0/toolchain/avr8/avr8-gnu-toolchain/bin/../lib/gcc/avr/5.4.0/../../../../avr/lib/avrxmega2\libm.a(divsf3x.o)
                0x00001400                __divsf3x
                0x00001406                __divsf3_pse
 .text.avr-libc.fplib
                0x000014bc       0x5e c:/program files (x86)/atmel/studio/7.0/toolchain/avr8/avr8-gnu-toolchain/bin/../lib/gcc/avr/5.4.0/../../../../avr/lib/avrxmega2\libm.a(fixunssfsi.o)
                0x000014bc                __fixunssfsi
 .text.avr-libc.fplib
                0x0000151a       0x7a c:/program files (x86)/atmel/studio/7.0/toolchain/avr8/avr8-gnu-toolchain/bin/../lib/gcc/avr/5.4.0/../../../../avr/lib/avrxmega2\libm.a(floatsisf.o)
                0x0000151a                __floatunsisf
                0x0000151e                __floatsisf
 .text.avr-libc.fplib
                0x00001594       0x48 c:/program files (x86)/atmel/studio/7.0/toolchain/avr8/avr8-gnu-toolchain/bin/../lib/gcc/avr/5.4.0/../../../../avr/lib/avrxmega2\libm.a(fp_cmp.o)
                0x00001594                __fp_cmp
 .text.avr-libc.fplib
                0x000015dc        0xc c:/program files (x86)/atmel/studio/7.0/toolchain/avr8/avr8-gnu-toolchain/bin/../lib/gcc/avr/5.4.0/../../../../avr/lib/avrxmega2\libm.a(fp_inf.o)
                0x000015dc                __fp_inf
 .text.avr-libc.fplib
                0x000015e8        0x6 c:/program files (x86)/atmel/studio/7.0/toolchain/avr8/avr8-gnu-toolchain/bin/../lib/gcc/avr/5.4.0/../../../../avr/lib/avrxmega2\libm.a(fp_nan.o)
                0x000015e8                __fp_nan
 .text.avr-libc.fplib
                0x000015ee        0xe c:/program files (x86)/atmel/studio/7.0/toolchain/avr8/avr8-gnu-toolchain/bin/../lib/gcc/avr/5.4.0/../../../../avr/lib/avrxmega2\libm.a(fp_pscA.o)
                0x000015ee                __fp_pscA
 .text.avr-libc.fplib
                0x000015fc        0xe c:/program files (x86)/atmel/studio/7.0/toolchain/avr8/avr8-gnu-toolchain/bin/../lib/gcc/avr/5.4.0/../../../../avr/lib/avrxmega2\libm.a(fp_pscB.o)
                0x000015fc                __fp_pscB
 .text.avr-libc.fplib
                0x0000160a       0x22 c:/program files (x86)/atmel/studio/7.0/toolchain/avr8/avr8-gnu-toolchain/bin/../lib/gcc/avr/5.4.0/../../../../avr/lib/avrxmega2\libm.a(fp_round.o)
                0x0000160a                __fp_round
 .text.avr-libc.fplib
                0x0000162c       0x44 c:/program files (x86)/atmel/studio/7.0/toolchain/avr8/avr8-gnu-toolchain/bin/../lib/gcc/avr/5.4.0/../../../../avr/lib/avrxmega2\libm.a(fp_split3.o)
                0x0000162c                __fp_split3
                0x0000163c                __fp_splitA
 .text.avr-libc.fplib
                0x00001670        0xe c:/program files (x86)/atmel/studio/7.0/toolchain/avr8/avr8-gnu-toolchain/bin/../lib/gcc/avr/5.4.0/../../../../avr/lib/avrxmega2\libm.a(fp_zero.o)
                0x00001670                __fp_zero
                0x00001672                __fp_szero
 .text.avr-libc.fplib
                0x0000167e        0xa c:/program files (x86)/atmel/studio/7.0/toolchain/avr8/avr8-gnu-toolchain/bin/../lib/gcc/avr/5.4.0/../../../../avr/lib/avrxmega2\libm.a(gesf2.o)
                0x0000167e                __gesf2
                0x0000167e                __gtsf2
 .text.avr-libc.fplib
                0x00001688        0x8 c:/program files (x86)/atmel/studio/7.0/toolchain/avr8/avr8-gnu-toolchain/bin/../lib/gcc/avr/5.4.0/../../../../avr/lib/avrxmega2\libm.a(mulsf3.o)
                0x00001688                __mulsf3
 .text.avr-libc.fplib
                0x00001690       0xd2 c:/program files (x86)/atmel/studio/7.0/toolchain/avr8/avr8-gnu-toolchain/bin/../lib/gcc/avr/5.4.0/../../../../avr/lib/avrxmega2\libm.a(mulsf3x.o)
                0x000016ae                __mulsf3x
                0x000016b4                __mulsf3_pse
 .text.libgcc.div
                0x00001762       0x28 c:/program files (x86)/atmel/studio/7.0/toolchain/avr8/avr8-gnu-toolchain/bin/../lib/gcc/avr/5.4.0/avrxmega2\libgcc.a(_divmodhi4.o)
                0x00001762                _div
                0x00001762                __divmodhi4
 .text.libgcc.div
                0x0000178a       0x44 c:/program files (x86)/atmel/studio/7.0/toolchain/avr8/avr8-gnu-toolchain/bin/../lib/gcc/avr/5.4.0/avrxmega2\libgcc.a(_udivmodsi4.o)
                0x0000178a                __udivmodsi4
 .text.libgcc.div
                0x000017ce       0x2e c:/program files (x86)/atmel/studio/7.0/toolchain/avr8/avr8-gnu-toolchain/bin/../lib/gcc/avr/5.4.0/avrxmega2\libgcc.a(_divmodsi4.o)
                0x000017ce                __divmodsi4
 .text.libgcc.div
                0x000017fc       0x10 c:/program files (x86)/atmel/studio/7.0/toolchain/avr8/avr8-gnu-toolchain/bin/../lib/gcc/avr/5.4.0/avrxmega2\libgcc.a(_negsi2.o)
                0x000017fc                __negsi2
 .text.libgcc.mul
                0x0000180c       0x1e c:/program files (x86)/atmel/studio/7.0/toolchain/avr8/avr8-gnu-toolchain/bin/../lib/gcc/avr/5.4.0/avrxmega2\libgcc.a(_umulhisi3.o)
                0x0000180c                __umulhisi3
 .text.libgcc.builtins
                0x0000182a       0x32 c:/program files (x86)/atmel/studio/7.0/toolchain/avr8/avr8-gnu-toolchain/bin/../lib/gcc/avr/5.4.0/avrxmega2\libgcc.a(_ashldi3.o)
                0x0000182a                __ashldi3
 .text.libgcc.builtins
                0x0000185c       0x3c c:/program files (x86)/atmel/studio/7.0/toolchain/avr8/avr8-gnu-toolchain/bin/../lib/gcc/avr/5.4.0/avrxmega2\libgcc.a(_ashrdi3.o)
                0x0000185c                __ashrdi3
                0x00001860                __lshrdi3
 .text.libgcc   0x00001898       0x18 c:/program files (x86)/atmel/studio/7.0/toolchain/avr8/avr8-gnu-toolchain/bin/../lib/gcc/avr/5.4.0/avrxmega2\libgcc.a(_cmpdi2_s8.o)
                0x00001898                __cmpdi2_s8
 .text.libgcc.div
                0x000018b0       0x28 c:/program files (x86)/atmel/studio/7.0/toolchain/avr8/avr8-gnu-toolchain/bin/../lib/gcc/avr/5.4.0/avrxmega2\libgcc.a(_udivmodhi4.o)
                0x000018b0                __udivmodhi4
 .text.avr-libc
                0x000018d8      0x22c c:/program files (x86)/atmel/studio/7.0/toolchain/avr8/avr8-gnu-toolchain/bin/../lib/gcc/avr/5.4.0/../../../../avr/lib/avrxmega2\libc.a(strtol.o)
                0x000018d8                strtol
 .text.avr-libc
                0x00001b04       0x12 c:/program files (x86)/atmel/studio/7.0/toolchain/avr8/avr8-gnu-toolchain/bin/../lib/gcc/avr/5.4.0/../../../../avr/lib/avrxmega2\libc.a(isspace.o)
                0x00001b04                isspace
 .text.avr-libc
                0x00001b16        0xa c:/program files (x86)/atmel/studio/7.0/toolchain/avr8/avr8-gnu-toolchain/bin/../lib/gcc/avr/5.4.0/../../../../avr/lib/avrxmega2\libc.a(strtok.o)
                0x00001b16                strtok
 .text.avr-libc
                0x00001b20       0x12 c:/program files (x86)/atmel/studio/7.0/toolchain/avr8/avr8-gnu-toolchain/bin/../lib/gcc/avr/5.4.0/../../../../avr/lib/avrxmega2\libc.a(memcpy.o)
                0x00001b20                memcpy
 .text.avr-libc
                0x00001b32       0x12 c:/program files (x86)/atmel/studio/7.0/toolchain/avr8/avr8-gnu-toolchain/bin/../lib/gcc/avr/5.4.0/../../../../avr/lib/avrxmega2\libc.a(strcmp.o)
                0x00001b32                strcmp
 .text.avr-libc
                0x00001b44        0xe c:/program files (x86)/atmel/studio/7.0/toolchain/avr8/avr8-gnu-toolchain/bin/../lib/gcc/avr/5.4.0/../../../../avr/lib/avrxmega2\libc.a(strcpy.o)
                0x00001b44                strcpy
 .text.avr-libc
                0x00001b52       0x1c c:/program files (x86)/atmel/studio/7.0/toolchain/avr8/avr8-gnu-toolchain/bin/../lib/gcc/avr/5.4.0/../../../../avr/lib/avrxmega2\libc.a(strncmp.o)
                0x00001b52                strncmp
 .text.avr-libc
                0x00001b6e       0x1e c:/program files (x86)/atmel/studio/7.0/toolchain/avr8/avr8-gnu-toolchain/bin/../lib/gcc/avr/5.4.0/../../../../avr/lib/avrxmega2\libc.a(strncpy.o)
                0x00001b6e                strncpy
 .text.avr-libc
                0x00001b8c       0x4e c:/program files (x86)/atmel/studio/7.0/toolchain/avr8/avr8-gnu-toolchain/bin/../lib/gcc/avr/5.4.0/../../../../avr/lib/avrxmega2\libc.a(strtok_r.o)
                0x00001b8c                strtok_r
 .text.avr-libc
                0x00001bda       0x58 c:/program files (x86)/atmel/studio/7.0/toolchain/avr8/avr8-gnu-toolchain/bin/../lib/gcc/avr/5.4.0/../../../../avr/lib/avrxmega2\libc.a(vsnprintf.o)
                0x00001bda                vsnprintf
 .text.avr-libc
                0x00001c32      0x3c2 c:/program files (x86)/atmel/studio/7.0/toolchain/avr8/avr8-gnu-toolchain/bin/../lib/gcc/avr/5.4.0/../../../../avr/lib/avrxmega2\libc.a(vfprintf_std.o)
                0x00001c32                vfprintf
 .text.avr-libc
                0x00001ff4        0x6 c:/program files (x86)/atmel/studio/7.0/toolchain/avr8/avr8-gnu-toolchain/bin/../lib/gcc/avr/5.4.0/../../../../avr/lib/avrxmega2\libc.a(cty_isfalse.o)
                0x00001ff4                __ctype_isfalse
                0x00001ff8                __ctype_istrue
 .text.avr-libc
                0x00001ffa       0x16 c:/program files (x86)/atmel/studio/7.0/toolchain/avr8/avr8-gnu-toolchain/bin/../lib/gcc/avr/5.4.0/../../../../avr/lib/avrxmega2\libc.a(strnlen_P.o)
                0x00001ffa                strnlen_P
 .text.avr-libc
                0x00002010       0x16 c:/program files (x86)/atmel/studio/7.0/toolchain/avr8/avr8-gnu-toolchain/bin/../lib/gcc/avr/5.4.0/../../../../avr/lib/avrxmega2\libc.a(strnlen.o)
                0x00002010                strnlen
 .text.avr-libc
                0x00002026       0x78 c:/program files (x86)/atmel/studio/7.0/toolchain/avr8/avr8-gnu-toolchain/bin/../lib/gcc/avr/5.4.0/../../../../avr/lib/avrxmega2\libc.a(fputc.o)
                0x00002026                fputc
 .text.avr-libc
                0x0000209e       0xbc c:/program files (x86)/atmel/studio/7.0/toolchain/avr8/avr8-gnu-toolchain/bin/../lib/gcc/avr/5.4.0/../../../../avr/lib/avrxmega2\libc.a(ultoa_invert.o)
                0x0000209e                __ultoa_invert
 .text.avr-libc
                0x0000215a        0xc C:/Program Files (x86)/Atmel/Studio/7.0/Packs/Atmel/AVR-Dx_DFP/2.7.321/gcc/dev/avr64dd32/avrxmega2\libavr64dd32.a(ccp_write.o)
                0x0000215a                ccp_write_io
 .text.libgcc.mul
                0x00002166       0x20 c:/program files (x86)/atmel/studio/7.0/toolchain/avr8/avr8-gnu-toolchain/bin/../lib/gcc/avr/5.4.0/avrxmega2\libgcc.a(_mulsi3.o)
                0x00002166                __mulsi3
 .text.libgcc.mul
                0x00002186       0x16 c:/program files (x86)/atmel/studio/7.0/toolchain/avr8/avr8-gnu-toolchain/bin/../lib/gcc/avr/5.4.0/avrxmega2\libgcc.a(_muluhisi3.o)
                0x00002186                __muluhisi3
 .text.libgcc.prologue
                0x0000219c       0x32 c:/program files (x86)/atmel/studio/7.0/toolchain/avr8/avr8-gnu-toolchain/bin/../lib/gcc/avr/5.4.0/avrxmega2\libgcc.a(_prologue.o)
                0x0000219c                __prologue_saves__
 .text.libgcc.prologue
                0x000021ce       0x30 c:/program files (x86)/atmel/studio/7.0/toolchain/avr8/avr8-gnu-toolchain/bin/../lib/gcc/avr/5.4.0/avrxmega2\libgcc.a(_epilogue.o)
                0x000021ce                __epilogue_restores__
                0x000021fe                . = ALIGN (0x2)
 *(.fini9)
 .fini9         0x000021fe        0x0 c:/program files (x86)/atmel/studio/7.0/toolchain/avr8/avr8-gnu-toolchain/bin/../lib/gcc/avr/5.4.0/avrxmega2\libgcc.a(_exit.o)
                0x000021fe                _exit
                0x000021fe                exit
 *(.fini9)
 *(.fini8)
 *(.fini8)
 *(.fini7)
 *(.fini7)
 *(.fini6)
 *(.fini6)
 *(.fini5)
 *(.fini5)
 *(.fini4)
 *(.fini4)
 *(.fini3)
 *(.fini3)
 *(.fini2)
 *(.fini2)
 *(.fini1)
 *(.fini1)
 *(.fini0)
 .fini0         0x000021fe        0x4 c:/program files (x86)/atmel/studio/7.0/toolchain/avr8/avr8-gnu-toolchain/bin/../lib/gcc/avr/5.4.0/avrxmega2\libgcc.a(_exit.o)
 *(.fini0)
                0x00002202                _etext = .

.data           0x00806000      0x4d8 load address 0x00002202
                0x00806000                PROVIDE (__data_start, .)
 *(.data)
 *(.data*)
 .data.Target   0x00806000        0x4 Actions.o
                0x00806000                Target
 .data.font     0x00806004      0x325 SSD1306.o
                0x00806004                font
 .data.ssd1306Commands
                0x00806329       0x1a SSD1306.o
                0x00806329                ssd1306Commands
 *(.gnu.linkonce.d*)
 *(.rodata)
 .rodata        0x00806343        0x6 FOUSART.o
 .rodata        0x00806349        0xc RS485USART.o
 .rodata        0x00806355       0x18 TCA.o
 *(.rodata*)
 .rodata.crc8_table
                0x0080636d      0x100 CRC.o
                0x0080636d                crc8_table
 .rodata.str1.1
                0x0080646d        0xf FOUSART.o
 .rodata.str1.1
                0x0080647c       0x5a main.o
 .rodata.str1.1
                0x008064d6        0x2 RS485USART.o
 *(.gnu.linkonce.r*)
                0x008064d8                . = ALIGN (0x2)
                0x008064d8                _edata = .
                0x008064d8                PROVIDE (__data_end, .)

.bss            0x008064d8       0x5c
                0x008064d8                PROVIDE (__bss_start, .)
 *(.bss)
 .bss           0x008064d8        0x2 c:/program files (x86)/atmel/studio/7.0/toolchain/avr8/avr8-gnu-toolchain/bin/../lib/gcc/avr/5.4.0/../../../../avr/lib/avrxmega2\libc.a(strtok.o)
 *(.bss*)
 .bss.noChangeCount
                0x008064da        0x1 Actions.o
 .bss.stuckCount
                0x008064db        0x1 Actions.o
 .bss.lastAzimuth
                0x008064dc        0x4 Actions.o
 .bss.SensorData
                0x008064e0       0x3d FOUSART.o
                0x008064e0                SensorData
 .bss.I2C       0x0080651d        0x1 i2c.o
                0x0080651d                I2C
 .bss.Joystick  0x0080651e        0x5 Joystick.o
                0x0080651e                Joystick
 .bss.WSData    0x00806523        0xa RS485USART.o
                0x00806523                WSData
 .bss.StepperMotor
                0x0080652d        0x5 StepperMotor.o
                0x0080652d                StepperMotor
 *(COMMON)
 COMMON         0x00806532        0x2 c:/program files (x86)/atmel/studio/7.0/toolchain/avr8/avr8-gnu-toolchain/bin/../lib/gcc/avr/5.4.0/../../../../avr/lib/avrxmega2\libc.a(errno.o)
                0x00806532                errno
                0x00806534                PROVIDE (__bss_end, .)
                0x00002202                __data_load_start = LOADADDR (.data)
                0x000026da                __data_load_end = (__data_load_start + SIZEOF (.data))

.noinit         0x00806534        0x0
                [!provide]                PROVIDE (__noinit_start, .)
 *(.noinit*)
                [!provide]                PROVIDE (__noinit_end, .)
                0x00806534                _end = .
                [!provide]                PROVIDE (__heap_start, .)

.eeprom         0x00810000        0x0
 *(.eeprom*)
                0x00810000                __eeprom_end = .

.fuse
 *(.fuse)
 *(.lfuse)
 *(.hfuse)
 *(.efuse)

.lock
 *(.lock*)

.signature
 *(.signature*)

.user_signatures
 *(.user_signatures*)

.stab
 *(.stab)

.stabstr
 *(.stabstr)

.stab.excl
 *(.stab.excl)

.stab.exclstr
 *(.stab.exclstr)

.stab.index
 *(.stab.index)

.stab.indexstr
 *(.stab.indexstr)

.comment        0x00000000       0x5c
 *(.comment)
 .comment       0x00000000       0x30 Actions.o
                                 0x31 (size before relaxing)
 .comment       0x00000030       0x31 ADC.o
 .comment       0x00000030       0x31 CLK.o
 .comment       0x00000030       0x31 CRC.o
 .comment       0x00000030       0x31 FOUSART.o
 .comment       0x00000030       0x31 GPIO.o
 .comment       0x00000030       0x31 i2c.o
 .comment       0x00000030       0x31 Joystick.o
 .comment       0x00000030       0x31 LinearMotor.o
 .comment       0x00000030       0x31 main.o
 .comment       0x00000030       0x31 RS485LED.o
 .comment       0x00000030       0x31 RS485USART.o
 .comment       0x00000030       0x31 SSD1306.o
 .comment       0x00000030       0x31 StepperMotor.o
 .comment       0x00000030       0x31 TCA.o
 .comment       0x00000030       0x31 TCD.o
 .comment       0x00000030       0x31 USART.o
 .comment       0x00000030       0x31 c:/program files (x86)/atmel/studio/7.0/toolchain/avr8/avr8-gnu-toolchain/bin/../lib/gcc/avr/5.4.0/../../../../avr/lib/avrxmega2\libc.a(strtol.o)
 .comment       0x00000030       0x31 c:/program files (x86)/atmel/studio/7.0/toolchain/avr8/avr8-gnu-toolchain/bin/../lib/gcc/avr/5.4.0/../../../../avr/lib/avrxmega2\libc.a(strtok.o)
 .comment       0x00000030       0x31 c:/program files (x86)/atmel/studio/7.0/toolchain/avr8/avr8-gnu-toolchain/bin/../lib/gcc/avr/5.4.0/../../../../avr/lib/avrxmega2\libc.a(vsnprintf.o)
 .comment       0x00000030       0x2c c:/program files (x86)/atmel/studio/7.0/toolchain/avr8/avr8-gnu-toolchain/bin/../lib/gcc/avr/5.4.0/../../../../avr/lib/avrxmega2\libc.a(vfprintf_std.o)
                                 0x2d (size before relaxing)
 .comment       0x0000005c       0x2d c:/program files (x86)/atmel/studio/7.0/toolchain/avr8/avr8-gnu-toolchain/bin/../lib/gcc/avr/5.4.0/../../../../avr/lib/avrxmega2\libc.a(errno.o)
 .comment       0x0000005c       0x31 c:/program files (x86)/atmel/studio/7.0/toolchain/avr8/avr8-gnu-toolchain/bin/../lib/gcc/avr/5.4.0/../../../../avr/lib/avrxmega2\libc.a(fputc.o)

.note.gnu.avr.deviceinfo
                0x00000000       0x3c
 .note.gnu.avr.deviceinfo
                0x00000000       0x3c C:/Program Files (x86)/Atmel/Studio/7.0/Packs/Atmel/AVR-Dx_DFP/2.7.321/gcc/dev/avr64dd32/avrxmega2/crtavr64dd32.o

.note.gnu.build-id
 *(.note.gnu.build-id)

.debug
 *(.debug)

.line
 *(.line)

.debug_srcinfo
 *(.debug_srcinfo)

.debug_sfnames
 *(.debug_sfnames)

.debug_aranges  0x00000000      0x428
 *(.debug_aranges)
 .debug_aranges
                0x00000000       0x48 Actions.o
 .debug_aranges
                0x00000048       0x50 ADC.o
 .debug_aranges
                0x00000098       0x28 CLK.o
 .debug_aranges
                0x000000c0       0x28 CRC.o
 .debug_aranges
                0x000000e8       0x30 FOUSART.o
 .debug_aranges
                0x00000118       0x20 GPIO.o
 .debug_aranges
                0x00000138       0x50 i2c.o
 .debug_aranges
                0x00000188       0x28 Joystick.o
 .debug_aranges
                0x000001b0       0x60 LinearMotor.o
 .debug_aranges
                0x00000210       0x20 main.o
 .debug_aranges
                0x00000230       0x20 RS485LED.o
 .debug_aranges
                0x00000250       0x28 RS485USART.o
 .debug_aranges
                0x00000278       0x78 SSD1306.o
 .debug_aranges
                0x000002f0       0x68 StepperMotor.o
 .debug_aranges
                0x00000358       0x20 TCA.o
 .debug_aranges
                0x00000378       0x20 TCD.o
 .debug_aranges
                0x00000398       0x70 USART.o
 .debug_aranges
                0x00000408       0x20 C:/Program Files (x86)/Atmel/Studio/7.0/Packs/Atmel/AVR-Dx_DFP/2.7.321/gcc/dev/avr64dd32/avrxmega2\libavr64dd32.a(ccp_write.o)

.debug_pubnames
 *(.debug_pubnames)

.debug_info     0x00000000     0x8510
 *(.debug_info .gnu.linkonce.wi.*)
 .debug_info    0x00000000     0x22a4 C:/Program Files (x86)/Atmel/Studio/7.0/Packs/Atmel/AVR-Dx_DFP/2.7.321/gcc/dev/avr64dd32/avrxmega2/crtavr64dd32.o
 .debug_info    0x000022a4      0x613 Actions.o
 .debug_info    0x000028b7      0x5b6 ADC.o
 .debug_info    0x00002e6d      0x351 CLK.o
 .debug_info    0x000031be      0x186 CRC.o
 .debug_info    0x00003344      0x642 FOUSART.o
 .debug_info    0x00003986      0x443 GPIO.o
 .debug_info    0x00003dc9      0x5f5 i2c.o
 .debug_info    0x000043be      0x3f6 Joystick.o
 .debug_info    0x000047b4      0xb9c LinearMotor.o
 .debug_info    0x00005350      0x29c main.o
 .debug_info    0x000055ec      0x2a2 RS485LED.o
 .debug_info    0x0000588e      0x308 RS485USART.o
 .debug_info    0x00005b96      0x818 SSD1306.o
 .debug_info    0x000063ae      0x9de StepperMotor.o
 .debug_info    0x00006d8c      0x921 TCA.o
 .debug_info    0x000076ad      0x5cc TCD.o
 .debug_info    0x00007c79      0x7ee USART.o
 .debug_info    0x00008467       0xa9 C:/Program Files (x86)/Atmel/Studio/7.0/Packs/Atmel/AVR-Dx_DFP/2.7.321/gcc/dev/avr64dd32/avrxmega2\libavr64dd32.a(ccp_write.o)

.debug_abbrev   0x00000000     0x3a14
 *(.debug_abbrev)
 .debug_abbrev  0x00000000     0x20ce C:/Program Files (x86)/Atmel/Studio/7.0/Packs/Atmel/AVR-Dx_DFP/2.7.321/gcc/dev/avr64dd32/avrxmega2/crtavr64dd32.o
 .debug_abbrev  0x000020ce      0x193 Actions.o
 .debug_abbrev  0x00002261      0x193 ADC.o
 .debug_abbrev  0x000023f4       0xe5 CLK.o
 .debug_abbrev  0x000024d9       0xd2 CRC.o
 .debug_abbrev  0x000025ab      0x1b5 FOUSART.o
 .debug_abbrev  0x00002760       0xbc GPIO.o
 .debug_abbrev  0x0000281c      0x1df i2c.o
 .debug_abbrev  0x000029fb      0x139 Joystick.o
 .debug_abbrev  0x00002b34      0x256 LinearMotor.o
 .debug_abbrev  0x00002d8a      0x120 main.o
 .debug_abbrev  0x00002eaa       0xcb RS485LED.o
 .debug_abbrev  0x00002f75      0x16e RS485USART.o
 .debug_abbrev  0x000030e3      0x1ca SSD1306.o
 .debug_abbrev  0x000032ad      0x235 StepperMotor.o
 .debug_abbrev  0x000034e2      0x150 TCA.o
 .debug_abbrev  0x00003632      0x13c TCD.o
 .debug_abbrev  0x0000376e      0x292 USART.o
 .debug_abbrev  0x00003a00       0x14 C:/Program Files (x86)/Atmel/Studio/7.0/Packs/Atmel/AVR-Dx_DFP/2.7.321/gcc/dev/avr64dd32/avrxmega2\libavr64dd32.a(ccp_write.o)

.debug_line     0x00000000     0x2a5c
 *(.debug_line .debug_line.* .debug_line_end)
 .debug_line    0x00000000      0x16f C:/Program Files (x86)/Atmel/Studio/7.0/Packs/Atmel/AVR-Dx_DFP/2.7.321/gcc/dev/avr64dd32/avrxmega2/crtavr64dd32.o
 .debug_line    0x0000016f      0x3d4 Actions.o
 .debug_line    0x00000543      0x206 ADC.o
 .debug_line    0x00000749      0x1a7 CLK.o
 .debug_line    0x000008f0      0x173 CRC.o
 .debug_line    0x00000a63      0x2a8 FOUSART.o
 .debug_line    0x00000d0b      0x171 GPIO.o
 .debug_line    0x00000e7c      0x33e i2c.o
 .debug_line    0x000011ba      0x170 Joystick.o
 .debug_line    0x0000132a      0x32a LinearMotor.o
 .debug_line    0x00001654      0x1d3 main.o
 .debug_line    0x00001827      0x13f RS485LED.o
 .debug_line    0x00001966      0x1c6 RS485USART.o
 .debug_line    0x00001b2c      0x4ca SSD1306.o
 .debug_line    0x00001ff6      0x359 StepperMotor.o
 .debug_line    0x0000234f      0x18c TCA.o
 .debug_line    0x000024db      0x1a1 TCD.o
 .debug_line    0x0000267c      0x379 USART.o
 .debug_line    0x000029f5       0x67 C:/Program Files (x86)/Atmel/Studio/7.0/Packs/Atmel/AVR-Dx_DFP/2.7.321/gcc/dev/avr64dd32/avrxmega2\libavr64dd32.a(ccp_write.o)

.debug_frame    0x00000000      0xa90
 *(.debug_frame)
 .debug_frame   0x00000000      0x10c Actions.o
 .debug_frame   0x0000010c       0x84 ADC.o
 .debug_frame   0x00000190       0x34 CLK.o
 .debug_frame   0x000001c4       0xa0 CRC.o
 .debug_frame   0x00000264       0xbc FOUSART.o
 .debug_frame   0x00000320       0x24 GPIO.o
 .debug_frame   0x00000344      0x104 i2c.o
 .debug_frame   0x00000448       0x48 Joystick.o
 .debug_frame   0x00000490       0xb8 LinearMotor.o
 .debug_frame   0x00000548       0xa8 main.o
 .debug_frame   0x000005f0       0x24 RS485LED.o
 .debug_frame   0x00000614       0x78 RS485USART.o
 .debug_frame   0x0000068c      0x184 SSD1306.o
 .debug_frame   0x00000810       0xc8 StepperMotor.o
 .debug_frame   0x000008d8       0x68 TCA.o
 .debug_frame   0x00000940       0x4c TCD.o
 .debug_frame   0x0000098c      0x104 USART.o

.debug_str      0x00000000     0x3074
 *(.debug_str)
 .debug_str     0x00000000      0xefb C:/Program Files (x86)/Atmel/Studio/7.0/Packs/Atmel/AVR-Dx_DFP/2.7.321/gcc/dev/avr64dd32/avrxmega2/crtavr64dd32.o
 .debug_str     0x00000efb      0x386 Actions.o
                                0x3f2 (size before relaxing)
 .debug_str     0x00001281      0x654 ADC.o
                                0x819 (size before relaxing)
 .debug_str     0x000018d5      0x274 CLK.o
                                0x446 (size before relaxing)
 .debug_str     0x00001b49       0x51 CRC.o
                                0x204 (size before relaxing)
 .debug_str     0x00001b9a       0xb5 FOUSART.o
                                0x355 (size before relaxing)
 .debug_str     0x00001c4f      0x3ee GPIO.o
                                0x5b2 (size before relaxing)
 .debug_str     0x0000203d      0x2c7 i2c.o
                                0x498 (size before relaxing)
 .debug_str     0x00002304       0x43 Joystick.o
                                0x54e (size before relaxing)
 .debug_str     0x00002347      0x2eb LinearMotor.o
                                0x63a (size before relaxing)
 .debug_str     0x00002632       0x35 main.o
                                0x309 (size before relaxing)
 .debug_str     0x00002667       0x50 RS485LED.o
                                0x2cd (size before relaxing)
 .debug_str     0x000026b7       0x50 RS485USART.o
                                0x2a9 (size before relaxing)
 .debug_str     0x00002707      0x1c4 SSD1306.o
                                0x3e2 (size before relaxing)
 .debug_str     0x000028cb      0x1c8 StepperMotor.o
                                0x5c6 (size before relaxing)
 .debug_str     0x00002a93      0x147 TCA.o
                                0x5de (size before relaxing)
 .debug_str     0x00002bda      0x135 TCD.o
                                0x4d3 (size before relaxing)
 .debug_str     0x00002d0f      0x365 USART.o
                                0x6a3 (size before relaxing)

.debug_loc      0x00000000     0x2890
 *(.debug_loc)
 .debug_loc     0x00000000      0x3a7 Actions.o
 .debug_loc     0x000003a7       0x74 ADC.o
 .debug_loc     0x0000041b      0x363 CRC.o
 .debug_loc     0x0000077e      0x53a FOUSART.o
 .debug_loc     0x00000cb8      0x629 i2c.o
 .debug_loc     0x000012e1       0x49 Joystick.o
 .debug_loc     0x0000132a      0x155 LinearMotor.o
 .debug_loc     0x0000147f      0x251 main.o
 .debug_loc     0x000016d0       0x6c RS485LED.o
 .debug_loc     0x0000173c      0x236 RS485USART.o
 .debug_loc     0x00001972      0x74c SSD1306.o
 .debug_loc     0x000020be      0x1d6 StepperMotor.o
 .debug_loc     0x00002294      0x212 TCA.o
 .debug_loc     0x000024a6      0x13c TCD.o
 .debug_loc     0x000025e2      0x2ae USART.o

.debug_macinfo
 *(.debug_macinfo)

.debug_weaknames
 *(.debug_weaknames)

.debug_funcnames
 *(.debug_funcnames)

.debug_typenames
 *(.debug_typenames)

.debug_varnames
 *(.debug_varnames)

.debug_pubtypes
 *(.debug_pubtypes)

.debug_ranges   0x00000000      0x340
 *(.debug_ranges)
 .debug_ranges  0x00000000       0x38 Actions.o
 .debug_ranges  0x00000038       0x40 ADC.o
 .debug_ranges  0x00000078       0x18 CLK.o
 .debug_ranges  0x00000090       0x18 CRC.o
 .debug_ranges  0x000000a8       0x50 FOUSART.o
 .debug_ranges  0x000000f8       0x10 GPIO.o
 .debug_ranges  0x00000108       0x58 i2c.o
 .debug_ranges  0x00000160       0x18 Joystick.o
 .debug_ranges  0x00000178       0x50 LinearMotor.o
 .debug_ranges  0x000001c8       0x10 main.o
 .debug_ranges  0x000001d8       0x10 RS485LED.o
 .debug_ranges  0x000001e8       0x18 RS485USART.o
 .debug_ranges  0x00000200       0x68 SSD1306.o
 .debug_ranges  0x00000268       0x58 StepperMotor.o
 .debug_ranges  0x000002c0       0x10 TCA.o
 .debug_ranges  0x000002d0       0x10 TCD.o
 .debug_ranges  0x000002e0       0x60 USART.o

.debug_macro
 *(.debug_macro)
OUTPUT(AVR64DD32-MAIN-Controller.elf elf32-avr)
LOAD linker stubs
