Archive member included to satisfy reference by file (symbol)

c:/program files (x86)/atmel/studio/7.0/toolchain/avr8/avr8-gnu-toolchain/bin/../lib/gcc/avr/5.4.0/../../../../avr/lib/avrxmega2\libm.a(divsf3.o)
                              TCD.o (__divsf3)
c:/program files (x86)/atmel/studio/7.0/toolchain/avr8/avr8-gnu-toolchain/bin/../lib/gcc/avr/5.4.0/../../../../avr/lib/avrxmega2\libm.a(divsf3x.o)
                              c:/program files (x86)/atmel/studio/7.0/toolchain/avr8/avr8-gnu-toolchain/bin/../lib/gcc/avr/5.4.0/../../../../avr/lib/avrxmega2\libm.a(divsf3.o) (__divsf3x)
c:/program files (x86)/atmel/studio/7.0/toolchain/avr8/avr8-gnu-toolchain/bin/../lib/gcc/avr/5.4.0/../../../../avr/lib/avrxmega2\libm.a(fixunssfsi.o)
                              ADC.o (__fixunssfsi)
c:/program files (x86)/atmel/studio/7.0/toolchain/avr8/avr8-gnu-toolchain/bin/../lib/gcc/avr/5.4.0/../../../../avr/lib/avrxmega2\libm.a(floatsisf.o)
                              ADC.o (__floatunsisf)
c:/program files (x86)/atmel/studio/7.0/toolchain/avr8/avr8-gnu-toolchain/bin/../lib/gcc/avr/5.4.0/../../../../avr/lib/avrxmega2\libm.a(fp_inf.o)
                              c:/program files (x86)/atmel/studio/7.0/toolchain/avr8/avr8-gnu-toolchain/bin/../lib/gcc/avr/5.4.0/../../../../avr/lib/avrxmega2\libm.a(divsf3x.o) (__fp_inf)
c:/program files (x86)/atmel/studio/7.0/toolchain/avr8/avr8-gnu-toolchain/bin/../lib/gcc/avr/5.4.0/../../../../avr/lib/avrxmega2\libm.a(fp_nan.o)
                              c:/program files (x86)/atmel/studio/7.0/toolchain/avr8/avr8-gnu-toolchain/bin/../lib/gcc/avr/5.4.0/../../../../avr/lib/avrxmega2\libm.a(divsf3x.o) (__fp_nan)
c:/program files (x86)/atmel/studio/7.0/toolchain/avr8/avr8-gnu-toolchain/bin/../lib/gcc/avr/5.4.0/../../../../avr/lib/avrxmega2\libm.a(fp_pscA.o)
                              c:/program files (x86)/atmel/studio/7.0/toolchain/avr8/avr8-gnu-toolchain/bin/../lib/gcc/avr/5.4.0/../../../../avr/lib/avrxmega2\libm.a(divsf3x.o) (__fp_pscA)
c:/program files (x86)/atmel/studio/7.0/toolchain/avr8/avr8-gnu-toolchain/bin/../lib/gcc/avr/5.4.0/../../../../avr/lib/avrxmega2\libm.a(fp_pscB.o)
                              c:/program files (x86)/atmel/studio/7.0/toolchain/avr8/avr8-gnu-toolchain/bin/../lib/gcc/avr/5.4.0/../../../../avr/lib/avrxmega2\libm.a(divsf3x.o) (__fp_pscB)
c:/program files (x86)/atmel/studio/7.0/toolchain/avr8/avr8-gnu-toolchain/bin/../lib/gcc/avr/5.4.0/../../../../avr/lib/avrxmega2\libm.a(fp_round.o)
                              c:/program files (x86)/atmel/studio/7.0/toolchain/avr8/avr8-gnu-toolchain/bin/../lib/gcc/avr/5.4.0/../../../../avr/lib/avrxmega2\libm.a(divsf3.o) (__fp_round)
c:/program files (x86)/atmel/studio/7.0/toolchain/avr8/avr8-gnu-toolchain/bin/../lib/gcc/avr/5.4.0/../../../../avr/lib/avrxmega2\libm.a(fp_split3.o)
                              c:/program files (x86)/atmel/studio/7.0/toolchain/avr8/avr8-gnu-toolchain/bin/../lib/gcc/avr/5.4.0/../../../../avr/lib/avrxmega2\libm.a(divsf3x.o) (__fp_split3)
c:/program files (x86)/atmel/studio/7.0/toolchain/avr8/avr8-gnu-toolchain/bin/../lib/gcc/avr/5.4.0/../../../../avr/lib/avrxmega2\libm.a(fp_zero.o)
                              c:/program files (x86)/atmel/studio/7.0/toolchain/avr8/avr8-gnu-toolchain/bin/../lib/gcc/avr/5.4.0/../../../../avr/lib/avrxmega2\libm.a(fixunssfsi.o) (__fp_zero)
c:/program files (x86)/atmel/studio/7.0/toolchain/avr8/avr8-gnu-toolchain/bin/../lib/gcc/avr/5.4.0/../../../../avr/lib/avrxmega2\libm.a(mulsf3.o)
                              ADC.o (__mulsf3)
c:/program files (x86)/atmel/studio/7.0/toolchain/avr8/avr8-gnu-toolchain/bin/../lib/gcc/avr/5.4.0/../../../../avr/lib/avrxmega2\libm.a(mulsf3x.o)
                              c:/program files (x86)/atmel/studio/7.0/toolchain/avr8/avr8-gnu-toolchain/bin/../lib/gcc/avr/5.4.0/../../../../avr/lib/avrxmega2\libm.a(mulsf3.o) (__mulsf3x)
c:/program files (x86)/atmel/studio/7.0/toolchain/avr8/avr8-gnu-toolchain/bin/../lib/gcc/avr/5.4.0/avrxmega2\libgcc.a(_divmodhi4.o)
                              Actions.o (__divmodhi4)
c:/program files (x86)/atmel/studio/7.0/toolchain/avr8/avr8-gnu-toolchain/bin/../lib/gcc/avr/5.4.0/avrxmega2\libgcc.a(_udivmodsi4.o)
                              TCA.o (__udivmodsi4)
c:/program files (x86)/atmel/studio/7.0/toolchain/avr8/avr8-gnu-toolchain/bin/../lib/gcc/avr/5.4.0/avrxmega2\libgcc.a(_divmodsi4.o)
                              TCA.o (__divmodsi4)
c:/program files (x86)/atmel/studio/7.0/toolchain/avr8/avr8-gnu-toolchain/bin/../lib/gcc/avr/5.4.0/avrxmega2\libgcc.a(_negsi2.o)
                              c:/program files (x86)/atmel/studio/7.0/toolchain/avr8/avr8-gnu-toolchain/bin/../lib/gcc/avr/5.4.0/avrxmega2\libgcc.a(_divmodsi4.o) (__negsi2)
c:/program files (x86)/atmel/studio/7.0/toolchain/avr8/avr8-gnu-toolchain/bin/../lib/gcc/avr/5.4.0/avrxmega2\libgcc.a(_exit.o)
[...]
Memory Configuration

Name             Origin             Length             Attributes
text             0x00000000         0x00010000         xr
data             0x00806000         0x00002000         rw !x
eeprom           0x00810000         0x00000100         rw !x
fuse             0x00820000         0x00000010         rw !x
lock             0x00830000         0x00000400         rw !x
signature        0x00840000         0x00000400         rw !x
user_signatures  0x00850000         0x00000400         rw !x
*default*        0x00000000         0xffffffff

Linker script and memory map

Address of section .data set to 0x806000
                0x00008000                __RODATA_PM_OFFSET__ = 0x8000
LOAD C:/Program Files (x86)/Atmel/Studio/7.0/Packs/Atmel/AVR-Dx_DFP/2.7.321/gcc/dev/avr64dd32/avrxmega2/crtavr64dd32.o
LOAD Actions.o
LOAD ADC.o
LOAD CLK.o
LOAD CRC.o
LOAD FOUSART.o
LOAD GPIO.o
LOAD i2c.o
LOAD Joystick.o
LOAD LinearMotor.o
LOAD main.o
LOAD RS485LED.o
LOAD RS485USART.o
LOAD SSD1306.o
LOAD StepperMotor.o
LOAD TCA.o
LOAD TCD.o
LOAD USART.o
LOAD Windows.o
START GROUP
LOAD c:/program files (x86)/atmel/studio/7.0/toolchain/avr8/avr8-gnu-toolchain/bin/../lib/gcc/avr/5.4.0/../../../../avr/lib/avrxmega2\libm.a
END GROUP
START GROUP
LOAD c:/program files (x86)/atmel/studio/7.0/toolchain/avr8/avr8-gnu-toolchain/bin/../lib/gcc/avr/5.4.0/avrxmega2\libgcc.a
LOAD c:/program files (x86)/atmel/studio/7.0/toolchain/avr8/avr8-gnu-toolchain/bin/../lib/gcc/avr/5.4.0/../../../../avr/lib/avrxmega2\libm.a
LOAD c:/program files (x86)/atmel/studio/7.0/toolchain/avr8/avr8-gnu-toolchain/bin/../lib/gcc/avr/5.4.0/../../../../avr/lib/avrxmega2\libc.a
LOAD C:/Program Files (x86)/Atmel/Studio/7.0/Packs/Atmel/AVR-Dx_DFP/2.7.321/gcc/dev/avr64dd32/avrxmega2\libavr64dd32.a
END GROUP
                [0x00000000]                __TEXT_REGION_ORIGIN__ = DEFINED (__TEXT_REGION_ORIGIN__)?__TEXT_REGION_ORIGIN__:0x0
                [0x00806000]                __DATA_REGION_ORIGIN__ = DEFINED (__DATA_REGION_ORIGIN__)?__DATA_REGION_ORIGIN__:0x802000
                [0x00010000]                __TEXT_REGION_LENGTH__ = DEFINED (__TEXT_REGION_LENGTH__)?__TEXT_REGION_LENGTH__:0x100000
                [0x00002000]                __DATA_REGION_LENGTH__ = DEFINED (__DATA_REGION_LENGTH__)?__DATA_REGION_LENGTH__:0xffa0
                [0x00000100]                __EEPROM_REGION_LENGTH__ = DEFINED (__EEPROM_REGION_LENGTH__)?__EEPROM_REGION_LENGTH__:0x10000
                [0x00000010]                __FUSE_REGION_LENGTH__ = DEFINED (__FUSE_REGION_LENGTH__)?__FUSE_REGION_LENGTH__:0x400
                0x00000400                __LOCK_REGION_LENGTH__ = DEFINED (__LOCK_REGION_LENGTH__)?__LOCK_REGION_LENGTH__:0x400
                0x00000400                __SIGNATURE_REGION_LENGTH__ = DEFINED (__SIGNATURE_REGION_LENGTH__)?__SIGNATURE_REGION_LENGTH__:0x400
                0x00000400                __USER_SIGNATURE_REGION_LENGTH__ = DEFINED (__USER_SIGNATURE_REGION_LENGTH__)?__USER_SIGNATURE_REGION_LENGTH__:0x400

.hash
 *(.hash)

.dynsym
 *(.dynsym)

.dynstr
 *(.dynstr)

.gnu.version
 *(.gnu.version)

.gnu.version_d
 *(.gnu.version_d)

.gnu.version_r
 *(.gnu.version_r)

.rel.init
 *(.rel.init)

.rela.init
 *(.rela.init)

.rel.text
 *(.rel.text)
 *(.rel.text.*)
 *(.rel.gnu.linkonce.t*)

.rela.text
 *(.rela.text)
 *(.rela.text.*)
 *(.rela.gnu.linkonce.t*)

.rel.fini
 *(.rel.fini)

.rela.fini
 *(.rela.fini)

.rel.rodata
 *(.rel.rodata)
 *(.rel.rodata.*)
 *(.rel.gnu.linkonce.r*)

.rela.rodata
 *(.rela.rodata)
 *(.rela.rodata.*)
 *(.rela.gnu.linkonce.r*)

.rel.data
 *(.rel.data)
 *(.rel.data.*)
 *(.rel.gnu.linkonce.d*)

.rela.data
 *(.rela.data)
 *(.rela.data.*)
 *(.rela.gnu.linkonce.d*)

.rel.ctors
 *(.rel.ctors)

.rela.ctors
 *(.rela.ctors)

.rel.dtors
 *(.rel.dtors)

.rela.dtors
 *(.rela.dtors)

.rel.got
 *(.rel.got)

.rela.got
 *(.rela.got)

.rel.bss
 *(.rel.bss)

.rela.bss
 *(.rela.bss)

.rel.plt
 *(.rel.plt)

.rela.plt
 *(.rela.plt)

.text           0x00000000     0x2bf6
 *(.vectors)
 .vectors       0x00000000       0x90 C:/Program Files (x86)/Atmel/Studio/7.0/Packs/Atmel/AVR-Dx_DFP/2.7.321/gcc/dev/avr64dd32/avrxmega2/crtavr64dd32.o
                0x00000000                __vector_default
                0x00000000                __vectors
 *(.vectors)
 *(.progmem.gcc*)
                0x00000090                . = ALIGN (0x2)
                0x00000090                __trampolines_start = .
 *(.trampolines)
 .trampolines   0x00000090        0x0 linker stubs
 *(.trampolines*)
                0x00000090                __trampolines_end = .
 *libprintf_flt.a:*(.progmem.data)
 *libc.a:*(.progmem.data)
 *(.progmem*)
                0x00000090                . = ALIGN (0x2)
 *(.jumptables)
 *(.jumptables*)
 *(.lowtext)
 *(.lowtext*)
                0x00000090                __ctors_start = .
 *(.ctors)
                0x00000090                __ctors_end = .
                0x00000090                __dtors_start = .
 *(.dtors)
                0x00000090                __dtors_end = .
 SORT(*)(.ctors)
 SORT(*)(.dtors)
 *(.init0)
 .init0         0x00000090        0x0 C:/Program Files (x86)/Atmel/Studio/7.0/Packs/Atmel/AVR-Dx_DFP/2.7.321/gcc/dev/avr64dd32/avrxmega2/crtavr64dd32.o
                0x00000090                __init
 *(.init0)
 *(.init1)
 *(.init1)
 *(.init2)
 .init2         0x00000090        0xc C:/Program Files (x86)/Atmel/Studio/7.0/Packs/Atmel/AVR-Dx_DFP/2.7.321/gcc/dev/avr64dd32/avrxmega2/crtavr64dd32.o
 *(.init2)
 *(.init3)
 *(.init3)
 *(.init4)
 .init4         0x0000009c       0x16 c:/program files (x86)/atmel/studio/7.0/toolchain/avr8/avr8-gnu-toolchain/bin/../lib/gcc/avr/5.4.0/avrxmega2\libgcc.a(_copy_data.o)
                0x0000009c                __do_copy_data
 .init4         0x000000b2       0x10 c:/program files (x86)/atmel/studio/7.0/toolchain/avr8/avr8-gnu-toolchain/bin/../lib/gcc/avr/5.4.0/avrxmega2\libgcc.a(_clear_bss.o)
                0x000000b2                __do_clear_bss
 *(.init4)
 *(.init5)
 *(.init5)
 *(.init6)
 *(.init6)
 *(.init7)
 *(.init7)
 *(.init8)
 *(.init8)
 *(.init9)
 .init9         0x000000c2        0x8 C:/Program Files (x86)/Atmel/Studio/7.0/Packs/Atmel/AVR-Dx_DFP/2.7.321/gcc/dev/avr64dd32/avrxmega2/crtavr64dd32.o
 *(.init9)
 *(.text)
 .text          0x000000ca        0x4 C:/Program Files (x86)/Atmel/Studio/7.0/Packs/Atmel/AVR-Dx_DFP/2.7.321/gcc/dev/avr64dd32/avrxmega2/crtavr64dd32.o
                0x000000ca                __vector_22
                0x000000ca                __vector_28
                0x000000ca                __vector_1
                0x000000ca                __vector_32
                0x000000ca                __vector_34
                0x000000ca                __vector_24
                0x000000ca                __vector_12
                0x000000ca                __bad_interrupt
                0x000000ca                __vector_6
                0x000000ca                __vector_31
                0x000000ca                __vector_35
                0x000000ca                __vector_3
                0x000000ca                __vector_23
                0x000000ca                __vector_30
                0x000000ca                __vector_25
                0x000000ca                __vector_11
                0x000000ca                __vector_13
                0x000000ca                __vector_17
                0x000000ca                __vector_19
                0x000000ca                __vector_7
                0x000000ca                __vector_27
                0x000000ca                __vector_5
                0x000000ca                __vector_33
                0x000000ca                __vector_4
                0x000000ca                __vector_9
                0x000000ca                __vector_2
                0x000000ca                __vector_21
                0x000000ca                __vector_15
                0x000000ca                __vector_29
                0x000000ca                __vector_8
                0x000000ca                __vector_26
                0x000000ca                __vector_14
                0x000000ca                __vector_10
                0x000000ca                __vector_16
                0x000000ca                __vector_18
                0x000000ca                __vector_20
                0x000000ce                . = ALIGN (0x2)
 *(.text.*)
 .text.normalize
                0x000000ce       0x12 Actions.o
                0x000000ce                normalize
 .text.angle_diff
                0x000000e0       0x30 Actions.o
                0x000000e0                angle_diff
 .text.get_safe_azimuth
                0x00000110       0xaa Actions.o
                0x00000110                get_safe_azimuth
 .text.MotorControl
                0x000001ba      0x280 Actions.o
                0x000001ba                MotorControl
 .text.work     0x0000043a       0xc8 Actions.o
                0x0000043a                work
 .text.ADC0_init
                0x00000502       0x10 ADC.o
                0x00000502                ADC0_init
 .text.ADC0_SetupJoystick
                0x00000512        0xc ADC.o
                0x00000512                ADC0_SetupJoystick
 .text.ADC0_SetupLinearMotor
                0x0000051e       0x20 ADC.o
                0x0000051e                ADC0_SetupLinearMotor
 .text.ADC0_SetupStepper
                0x0000053e       0x20 ADC.o
                0x0000053e                ADC0_SetupStepper
 .text.ADC0_SetupSysVoltage
                0x0000055e        0xc ADC.o
                0x0000055e                ADC0_SetupSysVoltage
 .text.ADC0_read
                0x0000056a       0x28 ADC.o
                0x0000056a                ADC0_read
 .text.Read_MCU_Voltge
                0x00000592       0x26 ADC.o
                0x00000592                Read_MCU_Voltge
 .text.CLOCK_XOSCHF_clock_init
                0x000005b8       0x1e CLK.o
                0x000005b8                CLOCK_XOSCHF_clock_init
 .text.crc8_cdma2000
                0x000005d6      0x10e CRC.o
                0x000005d6                crc8_cdma2000
 .text.verify_crc8_cdma2000
                0x000006e4       0x1a CRC.o
                0x000006e4                verify_crc8_cdma2000
 .text.verify_crc8_cdma2000_v2
                0x000006fe       0x32 CRC.o
                0x000006fe                verify_crc8_cdma2000_v2
 .text.hexToUint64
                0x00000730       0xb2 FOUSART.o
                0x00000730                hexToUint64
 .text.FODataSplitter
                0x000007e2      0x218 FOUSART.o
                0x000007e2                FODataSplitter
 .text.FOReceiver
                0x000009fa       0xbc FOUSART.o
                0x000009fa                FOReceiver
 .text.GPIO_init
                0x00000ab6       0x6a GPIO.o
                0x00000ab6                GPIO_init
 .text.I2C_init
                0x00000b20       0x14 i2c.o
                0x00000b20                I2C_init
 .text.TransmitAdd
                0x00000b34       0x54 i2c.o
                0x00000b34                TransmitAdd
 .text.TransmitByte
                0x00000b88       0x56 i2c.o
                0x00000b88                TransmitByte
 .text.WriteToReg
                0x00000bde       0x32 i2c.o
                0x00000bde                WriteToReg
 .text.ReadButton
                0x00000c10        0xe Joystick.o
                0x00000c10                ReadButton
 .text.LatchSwitcher
                0x00000c1e       0x2c Joystick.o
                0x00000c1e                LatchSwitcher
 .text.ReadJoystickValues
                0x00000c4a       0x4c Joystick.o
                0x00000c4a                ReadJoystickValues
 .text.SelectWindow
                0x00000c96       0x1e Joystick.o
                0x00000c96                SelectWindow
 .text.LinearMotor_enable
                0x00000cb4       0x20 LinearMotor.o
                0x00000cb4                LinearMotor_enable
 .text.LinearMotor_disable
                0x00000cd4       0x20 LinearMotor.o
                0x00000cd4                LinearMotor_disable
 .text.LinearMotor_start
                0x00000cf4       0x24 LinearMotor.o
                0x00000cf4                LinearMotor_start
 .text.LinearMotor_stop
                0x00000d18       0x3c LinearMotor.o
                0x00000d18                LinearMotor_stop
 .text.LinearMotor_set_direction
                0x00000d54       0x34 LinearMotor.o
                0x00000d54                LinearMotor_set_direction
 .text.LinearMotor_init
                0x00000d88       0x12 LinearMotor.o
                0x00000d88                LinearMotor_init
 .text.Read_LinearMotor_Voltage
                0x00000d9a       0x34 LinearMotor.o
                0x00000d9a                Read_LinearMotor_Voltage
 .text.Read_LinearMotor_Current
                0x00000dce       0x30 LinearMotor.o
                0x00000dce                Read_LinearMotor_Current
 .text.main     0x00000dfe       0x52 main.o
                0x00000dfe                main
 .text.RS485_Led
                0x00000e50       0x30 RS485LED.o
                0x00000e50                RS485_Led
 .text.RS485DataSplitter
                0x00000e80      0x242 RS485USART.o
                0x00000e80                RS485DataSplitter
 .text.RS485Receiver
                0x000010c2       0xa8 RS485USART.o
                0x000010c2                RS485Receiver
 .text.screen_command
                0x0000116a        0xc SSD1306.o
                0x0000116a                screen_command
 .text.screen_data
                0x00001176        0xc SSD1306.o
                0x00001176                screen_data
 .text.screen_init
                0x00001182       0x26 SSD1306.o
                0x00001182                screen_init
 .text.screen_draw_char
                0x000011a8       0x68 SSD1306.o
                0x000011a8                screen_draw_char
 .text.screen_clear
                0x00001210       0x4a SSD1306.o
                0x00001210                screen_clear
 .text.screen_draw_text
                0x0000125a       0x3e SSD1306.o
                0x0000125a                screen_draw_text
 .text.screen_write_text
                0x00001298       0x4e SSD1306.o
                0x00001298                screen_write_text
 .text.calculate_start_pixel
                0x000012e6       0x4a SSD1306.o
                0x000012e6                calculate_start_pixel
 .text.screen_write_text_aligned
                0x00001330       0x22 SSD1306.o
                0x00001330                screen_write_text_aligned
 .text.screen_write_formatted_text
                0x00001352       0x3c SSD1306.o
                0x00001352                screen_write_formatted_text
 .text.Stepper_enable
                0x0000138e       0x2c StepperMotor.o
                0x0000138e                Stepper_enable
 .text.Stepper_disable
                0x000013ba       0x1a StepperMotor.o
                0x000013ba                Stepper_disable
 .text.Stepper_start
                0x000013d4       0x26 StepperMotor.o
                0x000013d4                Stepper_start
 .text.Stepper_stop
                0x000013fa       0x26 StepperMotor.o
                0x000013fa                Stepper_stop
 .text.Stepper_set_direction
                0x00001420       0x34 StepperMotor.o
                0x00001420                Stepper_set_direction
 .text.Stepper_init
                0x00001454       0x10 StepperMotor.o
                0x00001454                Stepper_init
 .text.Read_Stepper_Voltage
                0x00001464       0x34 StepperMotor.o
                0x00001464                Read_Stepper_Voltage
 .text.Read_Stepper_Current
                0x00001498       0x30 StepperMotor.o
                0x00001498                Read_Stepper_Current
 .text.TCA0_init_linear_PWM
                0x000014c8      0x120 TCA.o
                0x000014c8                TCA0_init_linear_PWM
 .text.TCD0_init_stepper_PWM
                0x000015e8       0xbe TCD.o
                0x000015e8                TCD0_init_stepper_PWM
 .text.USART0_init
                0x000016a6       0x1a USART.o
                0x000016a6                USART0_init
 .text.USART0_readChar
                0x000016c0       0x74 USART.o
                0x000016c0                USART0_readChar
 .text.USART1_init
                0x00001734       0x16 USART.o
                0x00001734                USART1_init
 .text.USART1_readChar
                0x0000174a       0x2e USART.o
                0x0000174a                USART1_readChar
 .text.screenUpdater
                0x00001778      0x1e2 Windows.o
                0x00001778                screenUpdater
 .text.windows  0x0000195a      0x504 Windows.o
                0x0000195a                windows
 .text.avr-libc.fplib
                0x00001e5e        0x8 c:/program files (x86)/atmel/studio/7.0/toolchain/avr8/avr8-gnu-toolchain/bin/../lib/gcc/avr/5.4.0/../../../../avr/lib/avrxmega2\libm.a(divsf3.o)
                0x00001e5e                __divsf3
 .text.avr-libc.fplib
                0x00001e66       0xdc c:/program files (x86)/atmel/studio/7.0/toolchain/avr8/avr8-gnu-toolchain/bin/../lib/gcc/avr/5.4.0/../../../../avr/lib/avrxmega2\libm.a(divsf3x.o)
                0x00001e86                __divsf3x
                0x00001e8c                __divsf3_pse
 .text.avr-libc.fplib
                0x00001f42       0x5e c:/program files (x86)/atmel/studio/7.0/toolchain/avr8/avr8-gnu-toolchain/bin/../lib/gcc/avr/5.4.0/../../../../avr/lib/avrxmega2\libm.a(fixunssfsi.o)
                0x00001f42                __fixunssfsi
 .text.avr-libc.fplib
                0x00001fa0       0x7a c:/program files (x86)/atmel/studio/7.0/toolchain/avr8/avr8-gnu-toolchain/bin/../lib/gcc/avr/5.4.0/../../../../avr/lib/avrxmega2\libm.a(floatsisf.o)
                0x00001fa0                __floatunsisf
                0x00001fa4                __floatsisf
 .text.avr-libc.fplib
                0x0000201a        0xc c:/program files (x86)/atmel/studio/7.0/toolchain/avr8/avr8-gnu-toolchain/bin/../lib/gcc/avr/5.4.0/../../../../avr/lib/avrxmega2\libm.a(fp_inf.o)
                0x0000201a                __fp_inf
 .text.avr-libc.fplib
                0x00002026        0x6 c:/program files (x86)/atmel/studio/7.0/toolchain/avr8/avr8-gnu-toolchain/bin/../lib/gcc/avr/5.4.0/../../../../avr/lib/avrxmega2\libm.a(fp_nan.o)
                0x00002026                __fp_nan
 .text.avr-libc.fplib
                0x0000202c        0xe c:/program files (x86)/atmel/studio/7.0/toolchain/avr8/avr8-gnu-toolchain/bin/../lib/gcc/avr/5.4.0/../../../../avr/lib/avrxmega2\libm.a(fp_pscA.o)
                0x0000202c                __fp_pscA
 .text.avr-libc.fplib
                0x0000203a        0xe c:/program files (x86)/atmel/studio/7.0/toolchain/avr8/avr8-gnu-toolchain/bin/../lib/gcc/avr/5.4.0/../../../../avr/lib/avrxmega2\libm.a(fp_pscB.o)
                0x0000203a                __fp_pscB
 .text.avr-libc.fplib
                0x00002048       0x22 c:/program files (x86)/atmel/studio/7.0/toolchain/avr8/avr8-gnu-toolchain/bin/../lib/gcc/avr/5.4.0/../../../../avr/lib/avrxmega2\libm.a(fp_round.o)
                0x00002048                __fp_round
 .text.avr-libc.fplib
                0x0000206a       0x44 c:/program files (x86)/atmel/studio/7.0/toolchain/avr8/avr8-gnu-toolchain/bin/../lib/gcc/avr/5.4.0/../../../../avr/lib/avrxmega2\libm.a(fp_split3.o)
                0x0000206a                __fp_split3
                0x0000207a                __fp_splitA
 .text.avr-libc.fplib
                0x000020ae        0xe c:/program files (x86)/atmel/studio/7.0/toolchain/avr8/avr8-gnu-toolchain/bin/../lib/gcc/avr/5.4.0/../../../../avr/lib/avrxmega2\libm.a(fp_zero.o)
                0x000020ae                __fp_zero
                0x000020b0                __fp_szero
 .text.avr-libc.fplib
                0x000020bc        0x8 c:/program files (x86)/atmel/studio/7.0/toolchain/avr8/avr8-gnu-toolchain/bin/../lib/gcc/avr/5.4.0/../../../../avr/lib/avrxmega2\libm.a(mulsf3.o)
                0x000020bc                __mulsf3
 .text.avr-libc.fplib
                0x000020c4       0xd2 c:/program files (x86)/atmel/studio/7.0/toolchain/avr8/avr8-gnu-toolchain/bin/../lib/gcc/avr/5.4.0/../../../../avr/lib/avrxmega2\libm.a(mulsf3x.o)
                0x000020e2                __mulsf3x
                0x000020e8                __mulsf3_pse
 .text.libgcc.div
                0x00002196       0x28 c:/program files (x86)/atmel/studio/7.0/toolchain/avr8/avr8-gnu-toolchain/bin/../lib/gcc/avr/5.4.0/avrxmega2\libgcc.a(_divmodhi4.o)
                0x00002196                _div
                0x00002196                __divmodhi4
 .text.libgcc.div
                0x000021be       0x44 c:/program files (x86)/atmel/studio/7.0/toolchain/avr8/avr8-gnu-toolchain/bin/../lib/gcc/avr/5.4.0/avrxmega2\libgcc.a(_udivmodsi4.o)
                0x000021be                __udivmodsi4
 .text.libgcc.div
                0x00002202       0x2e c:/program files (x86)/atmel/studio/7.0/toolchain/avr8/avr8-gnu-toolchain/bin/../lib/gcc/avr/5.4.0/avrxmega2\libgcc.a(_divmodsi4.o)
                0x00002202                __divmodsi4
 .text.libgcc.div
                0x00002230       0x10 c:/program files (x86)/atmel/studio/7.0/toolchain/avr8/avr8-gnu-toolchain/bin/../lib/gcc/avr/5.4.0/avrxmega2\libgcc.a(_negsi2.o)
                0x00002230                __negsi2
 .text.libgcc.mul
                0x00002240       0x1e c:/program files (x86)/atmel/studio/7.0/toolchain/avr8/avr8-gnu-toolchain/bin/../lib/gcc/avr/5.4.0/avrxmega2\libgcc.a(_umulhisi3.o)
                0x00002240                __umulhisi3
 .text.libgcc.builtins
                0x0000225e       0x32 c:/program files (x86)/atmel/studio/7.0/toolchain/avr8/avr8-gnu-toolchain/bin/../lib/gcc/avr/5.4.0/avrxmega2\libgcc.a(_ashldi3.o)
                0x0000225e                __ashldi3
 .text.libgcc.builtins
                0x00002290       0x3c c:/program files (x86)/atmel/studio/7.0/toolchain/avr8/avr8-gnu-toolchain/bin/../lib/gcc/avr/5.4.0/avrxmega2\libgcc.a(_ashrdi3.o)
                0x00002290                __ashrdi3
                0x00002294                __lshrdi3
 .text.libgcc   0x000022cc       0x18 c:/program files (x86)/atmel/studio/7.0/toolchain/avr8/avr8-gnu-toolchain/bin/../lib/gcc/avr/5.4.0/avrxmega2\libgcc.a(_adddi3_s8.o)
                0x000022cc                __adddi3_s8
 .text.libgcc   0x000022e4       0x18 c:/program files (x86)/atmel/studio/7.0/toolchain/avr8/avr8-gnu-toolchain/bin/../lib/gcc/avr/5.4.0/avrxmega2\libgcc.a(_cmpdi2_s8.o)
                0x000022e4                __cmpdi2_s8
 .text.libgcc.div
                0x000022fc       0x28 c:/program files (x86)/atmel/studio/7.0/toolchain/avr8/avr8-gnu-toolchain/bin/../lib/gcc/avr/5.4.0/avrxmega2\libgcc.a(_udivmodhi4.o)
                0x000022fc                __udivmodhi4
 .text.avr-libc
                0x00002324      0x22c c:/program files (x86)/atmel/studio/7.0/toolchain/avr8/avr8-gnu-toolchain/bin/../lib/gcc/avr/5.4.0/../../../../avr/lib/avrxmega2\libc.a(strtol.o)
                0x00002324                strtol
 .text.avr-libc
                0x00002550       0x12 c:/program files (x86)/atmel/studio/7.0/toolchain/avr8/avr8-gnu-toolchain/bin/../lib/gcc/avr/5.4.0/../../../../avr/lib/avrxmega2\libc.a(isspace.o)
                0x00002550                isspace
 .text.avr-libc
                0x00002562       0x12 c:/program files (x86)/atmel/studio/7.0/toolchain/avr8/avr8-gnu-toolchain/bin/../lib/gcc/avr/5.4.0/../../../../avr/lib/avrxmega2\libc.a(memcpy.o)
                0x00002562                memcpy
 .text.avr-libc
                0x00002574       0x12 c:/program files (x86)/atmel/studio/7.0/toolchain/avr8/avr8-gnu-toolchain/bin/../lib/gcc/avr/5.4.0/../../../../avr/lib/avrxmega2\libc.a(strcmp.o)
                0x00002574                strcmp
 .text.avr-libc
                0x00002586        0xe c:/program files (x86)/atmel/studio/7.0/toolchain/avr8/avr8-gnu-toolchain/bin/../lib/gcc/avr/5.4.0/../../../../avr/lib/avrxmega2\libc.a(strcpy.o)
                0x00002586                strcpy
 .text.avr-libc
                0x00002594       0x1c c:/program files (x86)/atmel/studio/7.0/toolchain/avr8/avr8-gnu-toolchain/bin/../lib/gcc/avr/5.4.0/../../../../avr/lib/avrxmega2\libc.a(strncmp.o)
                0x00002594                strncmp
 .text.avr-libc
                0x000025b0       0x1e c:/program files (x86)/atmel/studio/7.0/toolchain/avr8/avr8-gnu-toolchain/bin/../lib/gcc/avr/5.4.0/../../../../avr/lib/avrxmega2\libc.a(strncpy.o)
                0x000025b0                strncpy
 .text.avr-libc
                0x000025ce       0x58 c:/program files (x86)/atmel/studio/7.0/toolchain/avr8/avr8-gnu-toolchain/bin/../lib/gcc/avr/5.4.0/../../../../avr/lib/avrxmega2\libc.a(vsnprintf.o)
                0x000025ce                vsnprintf
 .text.avr-libc
                0x00002626      0x3c2 c:/program files (x86)/atmel/studio/7.0/toolchain/avr8/avr8-gnu-toolchain/bin/../lib/gcc/avr/5.4.0/../../../../avr/lib/avrxmega2\libc.a(vfprintf_std.o)
                0x00002626                vfprintf
 .text.avr-libc
                0x000029e8        0x6 c:/program files (x86)/atmel/studio/7.0/toolchain/avr8/avr8-gnu-toolchain/bin/../lib/gcc/avr/5.4.0/../../../../avr/lib/avrxmega2\libc.a(cty_isfalse.o)
                0x000029e8                __ctype_isfalse
                0x000029ec                __ctype_istrue
 .text.avr-libc
                0x000029ee       0x16 c:/program files (x86)/atmel/studio/7.0/toolchain/avr8/avr8-gnu-toolchain/bin/../lib/gcc/avr/5.4.0/../../../../avr/lib/avrxmega2\libc.a(strnlen_P.o)
                0x000029ee                strnlen_P
 .text.avr-libc
                0x00002a04       0x16 c:/program files (x86)/atmel/studio/7.0/toolchain/avr8/avr8-gnu-toolchain/bin/../lib/gcc/avr/5.4.0/../../../../avr/lib/avrxmega2\libc.a(strnlen.o)
                0x00002a04                strnlen
 .text.avr-libc
                0x00002a1a       0x78 c:/program files (x86)/atmel/studio/7.0/toolchain/avr8/avr8-gnu-toolchain/bin/../lib/gcc/avr/5.4.0/../../../../avr/lib/avrxmega2\libc.a(fputc.o)
                0x00002a1a                fputc
 .text.avr-libc
                0x00002a92       0xbc c:/program files (x86)/atmel/studio/7.0/toolchain/avr8/avr8-gnu-toolchain/bin/../lib/gcc/avr/5.4.0/../../../../avr/lib/avrxmega2\libc.a(ultoa_invert.o)
                0x00002a92                __ultoa_invert
 .text.avr-libc
                0x00002b4e        0xc C:/Program Files (x86)/Atmel/Studio/7.0/Packs/Atmel/AVR-Dx_DFP/2.7.321/gcc/dev/avr64dd32/avrxmega2\libavr64dd32.a(ccp_write.o)
                0x00002b4e                ccp_write_io
 .text.libgcc.mul
                0x00002b5a       0x20 c:/program files (x86)/atmel/studio/7.0/toolchain/avr8/avr8-gnu-toolchain/bin/../lib/gcc/avr/5.4.0/avrxmega2\libgcc.a(_mulsi3.o)
                0x00002b5a                __mulsi3
 .text.libgcc.mul
                0x00002b7a       0x16 c:/program files (x86)/atmel/studio/7.0/toolchain/avr8/avr8-gnu-toolchain/bin/../lib/gcc/avr/5.4.0/avrxmega2\libgcc.a(_muluhisi3.o)
                0x00002b7a                __muluhisi3
 .text.libgcc.prologue
                0x00002b90       0x32 c:/program files (x86)/atmel/studio/7.0/toolchain/avr8/avr8-gnu-toolchain/bin/../lib/gcc/avr/5.4.0/avrxmega2\libgcc.a(_prologue.o)
                0x00002b90                __prologue_saves__
 .text.libgcc.prologue
                0x00002bc2       0x30 c:/program files (x86)/atmel/studio/7.0/toolchain/avr8/avr8-gnu-toolchain/bin/../lib/gcc/avr/5.4.0/avrxmega2\libgcc.a(_epilogue.o)
                0x00002bc2                __epilogue_restores__
                0x00002bf2                . = ALIGN (0x2)
 *(.fini9)
 .fini9         0x00002bf2        0x0 c:/program files (x86)/atmel/studio/7.0/toolchain/avr8/avr8-gnu-toolchain/bin/../lib/gcc/avr/5.4.0/avrxmega2\libgcc.a(_exit.o)
                0x00002bf2                _exit
                0x00002bf2                exit
 *(.fini9)
 *(.fini8)
 *(.fini8)
 *(.fini7)
 *(.fini7)
 *(.fini6)
 *(.fini6)
 *(.fini5)
 *(.fini5)
 *(.fini4)
 *(.fini4)
 *(.fini3)
 *(.fini3)
 *(.fini2)
 *(.fini2)
 *(.fini1)
 *(.fini1)
 *(.fini0)
 .fini0         0x00002bf2        0x4 c:/program files (x86)/atmel/studio/7.0/toolchain/avr8/avr8-gnu-toolchain/bin/../lib/gcc/avr/5.4.0/avrxmega2\libgcc.a(_exit.o)
 *(.fini0)
                0x00002bf6                _etext = .

.data           0x00806000      0x5a2 load address 0x00002bf6
                0x00806000                PROVIDE (__data_start, .)
 *(.data)
 *(.data*)
 .data.StepperMotorCtrl
                0x00806000       0x25 Actions.o
                0x00806000                StepperMotorCtrl
 .data.LinearMotorCtrl
                0x00806025       0x25 Actions.o
                0x00806025                LinearMotorCtrl
 .data.Target   0x0080604a        0xa Actions.o
                0x0080604a                Target
 .data.font     0x00806054      0x325 SSD1306.o
                0x00806054                font
 .data.ssd1306Commands
                0x00806379       0x1a SSD1306.o
                0x00806379                ssd1306Commands
 *(.gnu.linkonce.d*)
 *(.rodata)
 .rodata        0x00806393        0x5 FOUSART.o
 .rodata        0x00806398        0x6 RS485USART.o
 .rodata        0x0080639e       0x18 TCA.o
 *(.rodata*)
 .rodata.crc8_table
                0x008063b6      0x100 CRC.o
                0x008063b6                crc8_table
 .rodata.str1.1
                0x008064b6        0xf FOUSART.o
 .rodata.str1.1
                0x008064c5       0xdd Windows.o
                                 0xe3 (size before relaxing)
 *(.gnu.linkonce.r*)
                0x008065a2                . = ALIGN (0x2)
                0x008065a2                _edata = .
                0x008065a2                PROVIDE (__data_end, .)

.bss            0x008065a2       0x70
                0x008065a2                PROVIDE (__bss_start, .)
 *(.bss)
 *(.bss*)
 .bss.SensorData
                0x008065a2       0x28 FOUSART.o
                0x008065a2                SensorData
 .bss.I2C       0x008065ca        0x1 i2c.o
                0x008065ca                I2C
 .bss.Joystick  0x008065cb        0x8 Joystick.o
                0x008065cb                Joystick
 .bss.LinearMotor
                0x008065d3        0xb LinearMotor.o
                0x008065d3                LinearMotor
 .bss.WSData    0x008065de        0xd RS485USART.o
                0x008065de                WSData
 .bss.StepperMotor
                0x008065eb        0xb StepperMotor.o
                0x008065eb                StepperMotor
 .bss.show      0x008065f6       0x1a Windows.o
                0x008065f6                show
 *(COMMON)
 COMMON         0x00806610        0x2 c:/program files (x86)/atmel/studio/7.0/toolchain/avr8/avr8-gnu-toolchain/bin/../lib/gcc/avr/5.4.0/../../../../avr/lib/avrxmega2\libc.a(errno.o)
                0x00806610                errno
                0x00806612                PROVIDE (__bss_end, .)
                0x00002bf6                __data_load_start = LOADADDR (.data)
                0x00003198                __data_load_end = (__data_load_start + SIZEOF (.data))

.noinit         0x00806612        0x0
                [!provide]                PROVIDE (__noinit_start, .)
 *(.noinit*)
                [!provide]                PROVIDE (__noinit_end, .)
                0x00806612                _end = .
                [!provide]                PROVIDE (__heap_start, .)

.eeprom         0x00810000        0x0
 *(.eeprom*)
                0x00810000                __eeprom_end = .

.fuse
 *(.fuse)
 *(.lfuse)
 *(.hfuse)
 *(.efuse)

.lock
 *(.lock*)

.signature
 *(.signature*)

.user_signatures
 *(.user_signatures*)

.stab
 *(.stab)

.stabstr
 *(.stabstr)

.stab.excl
 *(.stab.excl)

.stab.exclstr
 *(.stab.exclstr)

.stab.index
 *(.stab.index)

.stab.indexstr
 *(.stab.indexstr)

.comment        0x00000000       0x5c
 *(.comment)
 .comment       0x00000000       0x30 Actions.o
                                 0x31 (size before relaxing)
 .comment       0x00000030       0x31 ADC.o
 .comment       0x00000030       0x31 CLK.o
 .comment       0x00000030       0x31 CRC.o
 .comment       0x00000030       0x31 FOUSART.o
 .comment       0x00000030       0x31 GPIO.o
 .comment       0x00000030       0x31 i2c.o
 .comment       0x00000030       0x31 Joystick.o
 .comment       0x00000030       0x31 LinearMotor.o
 .comment       0x00000030       0x31 main.o
 .comment       0x00000030       0x31 RS485LED.o
 .comment       0x00000030       0x31 RS485USART.o
 .comment       0x00000030       0x31 SSD1306.o
 .comment       0x00000030       0x31 StepperMotor.o
 .comment       0x00000030       0x31 TCA.o
 .comment       0x00000030       0x31 TCD.o
 .comment       0x00000030       0x31 USART.o
 .comment       0x00000030       0x31 Windows.o
 .comment       0x00000030       0x31 c:/program files (x86)/atmel/studio/7.0/toolchain/avr8/avr8-gnu-toolchain/bin/../lib/gcc/avr/5.4.0/../../../../avr/lib/avrxmega2\libc.a(strtol.o)
 .comment       0x00000030       0x31 c:/program files (x86)/atmel/studio/7.0/toolchain/avr8/avr8-gnu-toolchain/bin/../lib/gcc/avr/5.4.0/../../../../avr/lib/avrxmega2\libc.a(vsnprintf.o)
 .comment       0x00000030       0x2c c:/program files (x86)/atmel/studio/7.0/toolchain/avr8/avr8-gnu-toolchain/bin/../lib/gcc/avr/5.4.0/../../../../avr/lib/avrxmega2\libc.a(vfprintf_std.o)
                                 0x2d (size before relaxing)
 .comment       0x0000005c       0x2d c:/program files (x86)/atmel/studio/7.0/toolchain/avr8/avr8-gnu-toolchain/bin/../lib/gcc/avr/5.4.0/../../../../avr/lib/avrxmega2\libc.a(errno.o)
 .comment       0x0000005c       0x31 c:/program files (x86)/atmel/studio/7.0/toolchain/avr8/avr8-gnu-toolchain/bin/../lib/gcc/avr/5.4.0/../../../../avr/lib/avrxmega2\libc.a(fputc.o)

.note.gnu.avr.deviceinfo
                0x00000000       0x3c
 .note.gnu.avr.deviceinfo
                0x00000000       0x3c C:/Program Files (x86)/Atmel/Studio/7.0/Packs/Atmel/AVR-Dx_DFP/2.7.321/gcc/dev/avr64dd32/avrxmega2/crtavr64dd32.o

.note.gnu.build-id
 *(.note.gnu.build-id)

.debug
 *(.debug)

.line
 *(.line)

.debug_srcinfo
 *(.debug_srcinfo)

.debug_sfnames
 *(.debug_sfnames)

.debug_aranges  0x00000000      0x460
 *(.debug_aranges)
 .debug_aranges
                0x00000000       0x40 Actions.o
 .debug_aranges
                0x00000040       0x50 ADC.o
 .debug_aranges
                0x00000090       0x28 CLK.o
 .debug_aranges
                0x000000b8       0x30 CRC.o
 .debug_aranges
                0x000000e8       0x30 FOUSART.o
 .debug_aranges
                0x00000118       0x20 GPIO.o
 .debug_aranges
                0x00000138       0x50 i2c.o
 .debug_aranges
                0x00000188       0x38 Joystick.o
 .debug_aranges
                0x000001c0       0x60 LinearMotor.o
 .debug_aranges
                0x00000220       0x20 main.o
 .debug_aranges
                0x00000240       0x20 RS485LED.o
 .debug_aranges
                0x00000260       0x28 RS485USART.o
 .debug_aranges
                0x00000288       0x78 SSD1306.o
 .debug_aranges
                0x00000300       0x68 StepperMotor.o
 .debug_aranges
                0x00000368       0x20 TCA.o
 .debug_aranges
                0x00000388       0x20 TCD.o
 .debug_aranges
                0x000003a8       0x70 USART.o
 .debug_aranges
                0x00000418       0x28 Windows.o
 .debug_aranges
                0x00000440       0x20 C:/Program Files (x86)/Atmel/Studio/7.0/Packs/Atmel/AVR-Dx_DFP/2.7.321/gcc/dev/avr64dd32/avrxmega2\libavr64dd32.a(ccp_write.o)

.debug_pubnames
 *(.debug_pubnames)

.debug_info     0x00000000     0x92fe
 *(.debug_info .gnu.linkonce.wi.*)
 .debug_info    0x00000000     0x22a4 C:/Program Files (x86)/Atmel/Studio/7.0/Packs/Atmel/AVR-Dx_DFP/2.7.321/gcc/dev/avr64dd32/avrxmega2/crtavr64dd32.o
 .debug_info    0x000022a4      0x96b Actions.o
 .debug_info    0x00002c0f      0x5b6 ADC.o
 .debug_info    0x000031c5      0x351 CLK.o
 .debug_info    0x00003516      0x1e9 CRC.o
 .debug_info    0x000036ff      0x650 FOUSART.o
 .debug_info    0x00003d4f      0x443 GPIO.o
 .debug_info    0x00004192      0x5f5 i2c.o
 .debug_info    0x00004787      0x4be Joystick.o
 .debug_info    0x00004c45      0xc2d LinearMotor.o
 .debug_info    0x00005872      0x267 main.o
 .debug_info    0x00005ad9      0x2a2 RS485LED.o
 .debug_info    0x00005d7b      0x5a8 RS485USART.o
 .debug_info    0x00006323      0x818 SSD1306.o
 .debug_info    0x00006b3b      0x9a1 StepperMotor.o
 .debug_info    0x000074dc      0x921 TCA.o
 .debug_info    0x00007dfd      0x5cc TCD.o
 .debug_info    0x000083c9      0x8a6 USART.o
 .debug_info    0x00008c6f      0x5e6 Windows.o
 .debug_info    0x00009255       0xa9 C:/Program Files (x86)/Atmel/Studio/7.0/Packs/Atmel/AVR-Dx_DFP/2.7.321/gcc/dev/avr64dd32/avrxmega2\libavr64dd32.a(ccp_write.o)

.debug_abbrev   0x00000000     0x3d0a
 *(.debug_abbrev)
 .debug_abbrev  0x00000000     0x20ce C:/Program Files (x86)/Atmel/Studio/7.0/Packs/Atmel/AVR-Dx_DFP/2.7.321/gcc/dev/avr64dd32/avrxmega2/crtavr64dd32.o
 .debug_abbrev  0x000020ce      0x231 Actions.o
 .debug_abbrev  0x000022ff      0x193 ADC.o
 .debug_abbrev  0x00002492       0xe5 CLK.o
 .debug_abbrev  0x00002577      0x10d CRC.o
 .debug_abbrev  0x00002684      0x1b5 FOUSART.o
 .debug_abbrev  0x00002839       0xbc GPIO.o
 .debug_abbrev  0x000028f5      0x1df i2c.o
 .debug_abbrev  0x00002ad4      0x178 Joystick.o
 .debug_abbrev  0x00002c4c      0x285 LinearMotor.o
 .debug_abbrev  0x00002ed1       0xfe main.o
 .debug_abbrev  0x00002fcf       0xcb RS485LED.o
 .debug_abbrev  0x0000309a      0x1a2 RS485USART.o
 .debug_abbrev  0x0000323c      0x1ca SSD1306.o
 .debug_abbrev  0x00003406      0x269 StepperMotor.o
 .debug_abbrev  0x0000366f      0x150 TCA.o
 .debug_abbrev  0x000037bf      0x13c TCD.o
 .debug_abbrev  0x000038fb      0x2ac USART.o
 .debug_abbrev  0x00003ba7      0x14f Windows.o
 .debug_abbrev  0x00003cf6       0x14 C:/Program Files (x86)/Atmel/Studio/7.0/Packs/Atmel/AVR-Dx_DFP/2.7.321/gcc/dev/avr64dd32/avrxmega2\libavr64dd32.a(ccp_write.o)

.debug_line     0x00000000     0x2fc0
 *(.debug_line .debug_line.* .debug_line_end)
 .debug_line    0x00000000      0x16f C:/Program Files (x86)/Atmel/Studio/7.0/Packs/Atmel/AVR-Dx_DFP/2.7.321/gcc/dev/avr64dd32/avrxmega2/crtavr64dd32.o
 .debug_line    0x0000016f      0x438 Actions.o
 .debug_line    0x000005a7      0x206 ADC.o
 .debug_line    0x000007ad      0x1a7 CLK.o
 .debug_line    0x00000954      0x1c2 CRC.o
 .debug_line    0x00000b16      0x2ae FOUSART.o
 .debug_line    0x00000dc4      0x17d GPIO.o
 .debug_line    0x00000f41      0x33e i2c.o
 .debug_line    0x0000127f      0x1d9 Joystick.o
 .debug_line    0x00001458      0x331 LinearMotor.o
 .debug_line    0x00001789      0x185 main.o
 .debug_line    0x0000190e      0x13f RS485LED.o
 .debug_line    0x00001a4d      0x26c RS485USART.o
 .debug_line    0x00001cb9      0x4ca SSD1306.o
 .debug_line    0x00002183      0x336 StepperMotor.o
 .debug_line    0x000024b9      0x18c TCA.o
 .debug_line    0x00002645      0x1a1 TCD.o
 .debug_line    0x000027e6      0x395 USART.o
 .debug_line    0x00002b7b      0x3de Windows.o
 .debug_line    0x00002f59       0x67 C:/Program Files (x86)/Atmel/Studio/7.0/Packs/Atmel/AVR-Dx_DFP/2.7.321/gcc/dev/avr64dd32/avrxmega2\libavr64dd32.a(ccp_write.o)

.debug_frame    0x00000000      0xc50
 *(.debug_frame)
 .debug_frame   0x00000000       0xc8 Actions.o
 .debug_frame   0x000000c8       0x84 ADC.o
 .debug_frame   0x0000014c       0x34 CLK.o
 .debug_frame   0x00000180       0xb0 CRC.o
 .debug_frame   0x00000230       0xbc FOUSART.o
 .debug_frame   0x000002ec       0x24 GPIO.o
 .debug_frame   0x00000310      0x104 i2c.o
 .debug_frame   0x00000414       0x68 Joystick.o
 .debug_frame   0x0000047c       0xb8 LinearMotor.o
 .debug_frame   0x00000534       0x24 main.o
 .debug_frame   0x00000558       0x24 RS485LED.o
 .debug_frame   0x0000057c       0x8c RS485USART.o
 .debug_frame   0x00000608      0x184 SSD1306.o
 .debug_frame   0x0000078c       0xc8 StepperMotor.o
 .debug_frame   0x00000854       0x68 TCA.o
 .debug_frame   0x000008bc       0x4c TCD.o
 .debug_frame   0x00000908      0x120 USART.o
 .debug_frame   0x00000a28      0x228 Windows.o

.debug_str      0x00000000     0x3280
 *(.debug_str)
 .debug_str     0x00000000      0xefb C:/Program Files (x86)/Atmel/Studio/7.0/Packs/Atmel/AVR-Dx_DFP/2.7.321/gcc/dev/avr64dd32/avrxmega2/crtavr64dd32.o
 .debug_str     0x00000efb      0x594 Actions.o
                                0x65a (size before relaxing)
 .debug_str     0x0000148f      0x654 ADC.o
                                0x819 (size before relaxing)
 .debug_str     0x00001ae3      0x274 CLK.o
                                0x446 (size before relaxing)
 .debug_str     0x00001d57       0x77 CRC.o
                                0x22a (size before relaxing)
 .debug_str     0x00001dce       0xb5 FOUSART.o
                                0x37e (size before relaxing)
 .debug_str     0x00001e83      0x3ee GPIO.o
                                0x5b2 (size before relaxing)
 .debug_str     0x00002271      0x2be i2c.o
                                0x498 (size before relaxing)
 .debug_str     0x0000252f       0x6f Joystick.o
                                0x5b5 (size before relaxing)
 .debug_str     0x0000259e      0x244 LinearMotor.o
                                0x662 (size before relaxing)
 .debug_str     0x000027e2       0x6e main.o
                                0x2a0 (size before relaxing)
 .debug_str     0x00002850       0x50 RS485LED.o
                                0x2cd (size before relaxing)
 .debug_str     0x000028a0       0x34 RS485USART.o
                                0x321 (size before relaxing)
 .debug_str     0x000028d4      0x1cf SSD1306.o
                                0x3e2 (size before relaxing)
 .debug_str     0x00002aa3      0x1e9 StepperMotor.o
                                0x60e (size before relaxing)
 .debug_str     0x00002c8c      0x147 TCA.o
                                0x5de (size before relaxing)
 .debug_str     0x00002dd3      0x135 TCD.o
                                0x4d3 (size before relaxing)
 .debug_str     0x00002f08      0x34d USART.o
                                0x76a (size before relaxing)
 .debug_str     0x00003255       0x2b Windows.o
                                0x4f1 (size before relaxing)

.debug_loc      0x00000000     0x316f
 *(.debug_loc)
 .debug_loc     0x00000000      0x3b0 Actions.o
 .debug_loc     0x000003b0       0x74 ADC.o
 .debug_loc     0x00000424      0x3da CRC.o
 .debug_loc     0x000007fe      0x53a FOUSART.o
 .debug_loc     0x00000d38      0x629 i2c.o
 .debug_loc     0x00001361       0x49 Joystick.o
 .debug_loc     0x000013aa      0x194 LinearMotor.o
 .debug_loc     0x0000153e       0x73 main.o
 .debug_loc     0x000015b1       0x6c RS485LED.o
 .debug_loc     0x0000161d      0x301 RS485USART.o
 .debug_loc     0x0000191e      0x74c SSD1306.o
 .debug_loc     0x0000206a      0x10a StepperMotor.o
 .debug_loc     0x00002174      0x212 TCA.o
 .debug_loc     0x00002386      0x13c TCD.o
 .debug_loc     0x000024c2      0x37c USART.o
 .debug_loc     0x0000283e      0x931 Windows.o

.debug_macinfo
 *(.debug_macinfo)

.debug_weaknames
 *(.debug_weaknames)

.debug_funcnames
 *(.debug_funcnames)

.debug_typenames
 *(.debug_typenames)

.debug_varnames
 *(.debug_varnames)

.debug_pubtypes
 *(.debug_pubtypes)

.debug_ranges   0x00000000      0x3e0
 *(.debug_ranges)
 .debug_ranges  0x00000000       0x30 Actions.o
 .debug_ranges  0x00000030       0x40 ADC.o
 .debug_ranges  0x00000070       0x18 CLK.o
 .debug_ranges  0x00000088       0x38 CRC.o
 .debug_ranges  0x000000c0       0x50 FOUSART.o
 .debug_ranges  0x00000110       0x10 GPIO.o
 .debug_ranges  0x00000120       0x58 i2c.o
 .debug_ranges  0x00000178       0x28 Joystick.o
 .debug_ranges  0x000001a0       0x50 LinearMotor.o
 .debug_ranges  0x000001f0       0x10 main.o
 .debug_ranges  0x00000200       0x10 RS485LED.o
 .debug_ranges  0x00000210       0x48 RS485USART.o
 .debug_ranges  0x00000258       0x68 SSD1306.o
 .debug_ranges  0x000002c0       0x58 StepperMotor.o
 .debug_ranges  0x00000318       0x10 TCA.o
 .debug_ranges  0x00000328       0x10 TCD.o
 .debug_ranges  0x00000338       0x60 USART.o
 .debug_ranges  0x00000398       0x48 Windows.o

.debug_macro
 *(.debug_macro)
OUTPUT(AVR64DD32-MAIN-Controller.elf elf32-avr)
LOAD linker stubs
