Archive member included to satisfy reference by file (symbol)

c:/program files (x86)/atmel/studio/7.0/toolchain/avr8/avr8-gnu-toolchain/bin/../lib/gcc/avr/5.4.0/../../../../avr/lib/avrxmega2\libm.a(divsf3.o)
                              TCD.o (__divsf3)
c:/program files (x86)/atmel/studio/7.0/toolchain/avr8/avr8-gnu-toolchain/bin/../lib/gcc/avr/5.4.0/../../../../avr/lib/avrxmega2\libm.a(divsf3x.o)
                              c:/program files (x86)/atmel/studio/7.0/toolchain/avr8/avr8-gnu-toolchain/bin/../lib/gcc/avr/5.4.0/../../../../avr/lib/avrxmega2\libm.a(divsf3.o) (__divsf3x)
c:/program files (x86)/atmel/studio/7.0/toolchain/avr8/avr8-gnu-toolchain/bin/../lib/gcc/avr/5.4.0/../../../../avr/lib/avrxmega2\libm.a(fixunssfsi.o)
                              ADC.o (__fixunssfsi)
c:/program files (x86)/atmel/studio/7.0/toolchain/avr8/avr8-gnu-toolchain/bin/../lib/gcc/avr/5.4.0/../../../../avr/lib/avrxmega2\libm.a(floatsisf.o)
                              ADC.o (__floatunsisf)
c:/program files (x86)/atmel/studio/7.0/toolchain/avr8/avr8-gnu-toolchain/bin/../lib/gcc/avr/5.4.0/../../../../avr/lib/avrxmega2\libm.a(fp_inf.o)
                              c:/program files (x86)/atmel/studio/7.0/toolchain/avr8/avr8-gnu-toolchain/bin/../lib/gcc/avr/5.4.0/../../../../avr/lib/avrxmega2\libm.a(divsf3x.o) (__fp_inf)
c:/program files (x86)/atmel/studio/7.0/toolchain/avr8/avr8-gnu-toolchain/bin/../lib/gcc/avr/5.4.0/../../../../avr/lib/avrxmega2\libm.a(fp_nan.o)
                              c:/program files (x86)/atmel/studio/7.0/toolchain/avr8/avr8-gnu-toolchain/bin/../lib/gcc/avr/5.4.0/../../../../avr/lib/avrxmega2\libm.a(divsf3x.o) (__fp_nan)
c:/program files (x86)/atmel/studio/7.0/toolchain/avr8/avr8-gnu-toolchain/bin/../lib/gcc/avr/5.4.0/../../../../avr/lib/avrxmega2\libm.a(fp_pscA.o)
                              c:/program files (x86)/atmel/studio/7.0/toolchain/avr8/avr8-gnu-toolchain/bin/../lib/gcc/avr/5.4.0/../../../../avr/lib/avrxmega2\libm.a(divsf3x.o) (__fp_pscA)
c:/program files (x86)/atmel/studio/7.0/toolchain/avr8/avr8-gnu-toolchain/bin/../lib/gcc/avr/5.4.0/../../../../avr/lib/avrxmega2\libm.a(fp_pscB.o)
                              c:/program files (x86)/atmel/studio/7.0/toolchain/avr8/avr8-gnu-toolchain/bin/../lib/gcc/avr/5.4.0/../../../../avr/lib/avrxmega2\libm.a(divsf3x.o) (__fp_pscB)
c:/program files (x86)/atmel/studio/7.0/toolchain/avr8/avr8-gnu-toolchain/bin/../lib/gcc/avr/5.4.0/../../../../avr/lib/avrxmega2\libm.a(fp_round.o)
                              c:/program files (x86)/atmel/studio/7.0/toolchain/avr8/avr8-gnu-toolchain/bin/../lib/gcc/avr/5.4.0/../../../../avr/lib/avrxmega2\libm.a(divsf3.o) (__fp_round)
c:/program files (x86)/atmel/studio/7.0/toolchain/avr8/avr8-gnu-toolchain/bin/../lib/gcc/avr/5.4.0/../../../../avr/lib/avrxmega2\libm.a(fp_split3.o)
                              c:/program files (x86)/atmel/studio/7.0/toolchain/avr8/avr8-gnu-toolchain/bin/../lib/gcc/avr/5.4.0/../../../../avr/lib/avrxmega2\libm.a(divsf3x.o) (__fp_split3)
c:/program files (x86)/atmel/studio/7.0/toolchain/avr8/avr8-gnu-toolchain/bin/../lib/gcc/avr/5.4.0/../../../../avr/lib/avrxmega2\libm.a(fp_zero.o)
                              c:/program files (x86)/atmel/studio/7.0/toolchain/avr8/avr8-gnu-toolchain/bin/../lib/gcc/avr/5.4.0/../../../../avr/lib/avrxmega2\libm.a(fixunssfsi.o) (__fp_zero)
c:/program files (x86)/atmel/studio/7.0/toolchain/avr8/avr8-gnu-toolchain/bin/../lib/gcc/avr/5.4.0/../../../../avr/lib/avrxmega2\libm.a(mulsf3.o)
                              ADC.o (__mulsf3)
c:/program files (x86)/atmel/studio/7.0/toolchain/avr8/avr8-gnu-toolchain/bin/../lib/gcc/avr/5.4.0/../../../../avr/lib/avrxmega2\libm.a(mulsf3x.o)
                              c:/program files (x86)/atmel/studio/7.0/toolchain/avr8/avr8-gnu-toolchain/bin/../lib/gcc/avr/5.4.0/../../../../avr/lib/avrxmega2\libm.a(mulsf3.o) (__mulsf3x)
c:/program files (x86)/atmel/studio/7.0/toolchain/avr8/avr8-gnu-toolchain/bin/../lib/gcc/avr/5.4.0/avrxmega2\libgcc.a(_divmodhi4.o)
                              Actions.o (__divmodhi4)
c:/program files (x86)/atmel/studio/7.0/toolchain/avr8/avr8-gnu-toolchain/bin/../lib/gcc/avr/5.4.0/avrxmega2\libgcc.a(_udivmodsi4.o)
                              TCA.o (__udivmodsi4)
c:/program files (x86)/atmel/studio/7.0/toolchain/avr8/avr8-gnu-toolchain/bin/../lib/gcc/avr/5.4.0/avrxmega2\libgcc.a(_divmodsi4.o)
                              TCA.o (__divmodsi4)
c:/program files (x86)/atmel/studio/7.0/toolchain/avr8/avr8-gnu-toolchain/bin/../lib/gcc/avr/5.4.0/avrxmega2\libgcc.a(_negsi2.o)
                              c:/program files (x86)/atmel/studio/7.0/toolchain/avr8/avr8-gnu-toolchain/bin/../lib/gcc/avr/5.4.0/avrxmega2\libgcc.a(_divmodsi4.o) (__negsi2)
c:/program files (x86)/atmel/studio/7.0/toolchain/avr8/avr8-gnu-toolchain/bin/../lib/gcc/avr/5.4.0/avrxmega2\libgcc.a(_exit.o)
[...]
Memory Configuration

Name             Origin             Length             Attributes
text             0x00000000         0x00010000         xr
data             0x00806000         0x00002000         rw !x
eeprom           0x00810000         0x00000100         rw !x
fuse             0x00820000         0x00000010         rw !x
lock             0x00830000         0x00000400         rw !x
signature        0x00840000         0x00000400         rw !x
user_signatures  0x00850000         0x00000400         rw !x
*default*        0x00000000         0xffffffff

Linker script and memory map

Address of section .data set to 0x806000
                0x00008000                __RODATA_PM_OFFSET__ = 0x8000
LOAD C:/Program Files (x86)/Atmel/Studio/7.0/Packs/Atmel/AVR-Dx_DFP/2.7.321/gcc/dev/avr64dd32/avrxmega2/crtavr64dd32.o
LOAD Actions.o
LOAD ADC.o
LOAD CLK.o
LOAD CRC.o
LOAD FOUSART.o
LOAD GPIO.o
LOAD i2c.o
LOAD Joystick.o
LOAD LinearMotor.o
LOAD main.o
LOAD RS485LED.o
LOAD RS485USART.o
LOAD SSD1306.o
LOAD StepperMotor.o
LOAD TCA.o
LOAD TCD.o
LOAD USART.o
LOAD Windows.o
START GROUP
LOAD c:/program files (x86)/atmel/studio/7.0/toolchain/avr8/avr8-gnu-toolchain/bin/../lib/gcc/avr/5.4.0/../../../../avr/lib/avrxmega2\libm.a
END GROUP
START GROUP
LOAD c:/program files (x86)/atmel/studio/7.0/toolchain/avr8/avr8-gnu-toolchain/bin/../lib/gcc/avr/5.4.0/avrxmega2\libgcc.a
LOAD c:/program files (x86)/atmel/studio/7.0/toolchain/avr8/avr8-gnu-toolchain/bin/../lib/gcc/avr/5.4.0/../../../../avr/lib/avrxmega2\libm.a
LOAD c:/program files (x86)/atmel/studio/7.0/toolchain/avr8/avr8-gnu-toolchain/bin/../lib/gcc/avr/5.4.0/../../../../avr/lib/avrxmega2\libc.a
LOAD C:/Program Files (x86)/Atmel/Studio/7.0/Packs/Atmel/AVR-Dx_DFP/2.7.321/gcc/dev/avr64dd32/avrxmega2\libavr64dd32.a
END GROUP
                [0x00000000]                __TEXT_REGION_ORIGIN__ = DEFINED (__TEXT_REGION_ORIGIN__)?__TEXT_REGION_ORIGIN__:0x0
                [0x00806000]                __DATA_REGION_ORIGIN__ = DEFINED (__DATA_REGION_ORIGIN__)?__DATA_REGION_ORIGIN__:0x802000
                [0x00010000]                __TEXT_REGION_LENGTH__ = DEFINED (__TEXT_REGION_LENGTH__)?__TEXT_REGION_LENGTH__:0x100000
                [0x00002000]                __DATA_REGION_LENGTH__ = DEFINED (__DATA_REGION_LENGTH__)?__DATA_REGION_LENGTH__:0xffa0
                [0x00000100]                __EEPROM_REGION_LENGTH__ = DEFINED (__EEPROM_REGION_LENGTH__)?__EEPROM_REGION_LENGTH__:0x10000
                [0x00000010]                __FUSE_REGION_LENGTH__ = DEFINED (__FUSE_REGION_LENGTH__)?__FUSE_REGION_LENGTH__:0x400
                0x00000400                __LOCK_REGION_LENGTH__ = DEFINED (__LOCK_REGION_LENGTH__)?__LOCK_REGION_LENGTH__:0x400
                0x00000400                __SIGNATURE_REGION_LENGTH__ = DEFINED (__SIGNATURE_REGION_LENGTH__)?__SIGNATURE_REGION_LENGTH__:0x400
                0x00000400                __USER_SIGNATURE_REGION_LENGTH__ = DEFINED (__USER_SIGNATURE_REGION_LENGTH__)?__USER_SIGNATURE_REGION_LENGTH__:0x400

.hash
 *(.hash)

.dynsym
 *(.dynsym)

.dynstr
 *(.dynstr)

.gnu.version
 *(.gnu.version)

.gnu.version_d
 *(.gnu.version_d)

.gnu.version_r
 *(.gnu.version_r)

.rel.init
 *(.rel.init)

.rela.init
 *(.rela.init)

.rel.text
 *(.rel.text)
 *(.rel.text.*)
 *(.rel.gnu.linkonce.t*)

.rela.text
 *(.rela.text)
 *(.rela.text.*)
 *(.rela.gnu.linkonce.t*)

.rel.fini
 *(.rel.fini)

.rela.fini
 *(.rela.fini)

.rel.rodata
 *(.rel.rodata)
 *(.rel.rodata.*)
 *(.rel.gnu.linkonce.r*)

.rela.rodata
 *(.rela.rodata)
 *(.rela.rodata.*)
 *(.rela.gnu.linkonce.r*)

.rel.data
 *(.rel.data)
 *(.rel.data.*)
 *(.rel.gnu.linkonce.d*)

.rela.data
 *(.rela.data)
 *(.rela.data.*)
 *(.rela.gnu.linkonce.d*)

.rel.ctors
 *(.rel.ctors)

.rela.ctors
 *(.rela.ctors)

.rel.dtors
 *(.rel.dtors)

.rela.dtors
 *(.rela.dtors)

.rel.got
 *(.rel.got)

.rela.got
 *(.rela.got)

.rel.bss
 *(.rel.bss)

.rela.bss
 *(.rela.bss)

.rel.plt
 *(.rel.plt)

.rela.plt
 *(.rela.plt)

.text           0x00000000     0x30cc
 *(.vectors)
 .vectors       0x00000000       0x90 C:/Program Files (x86)/Atmel/Studio/7.0/Packs/Atmel/AVR-Dx_DFP/2.7.321/gcc/dev/avr64dd32/avrxmega2/crtavr64dd32.o
                0x00000000                __vector_default
                0x00000000                __vectors
 *(.vectors)
 *(.progmem.gcc*)
                0x00000090                . = ALIGN (0x2)
                0x00000090                __trampolines_start = .
 *(.trampolines)
 .trampolines   0x00000090        0x0 linker stubs
 *(.trampolines*)
                0x00000090                __trampolines_end = .
 *libprintf_flt.a:*(.progmem.data)
 *libc.a:*(.progmem.data)
 *(.progmem*)
                0x00000090                . = ALIGN (0x2)
 *(.jumptables)
 *(.jumptables*)
 *(.lowtext)
 *(.lowtext*)
                0x00000090                __ctors_start = .
 *(.ctors)
                0x00000090                __ctors_end = .
                0x00000090                __dtors_start = .
 *(.dtors)
                0x00000090                __dtors_end = .
 SORT(*)(.ctors)
 SORT(*)(.dtors)
 *(.init0)
 .init0         0x00000090        0x0 C:/Program Files (x86)/Atmel/Studio/7.0/Packs/Atmel/AVR-Dx_DFP/2.7.321/gcc/dev/avr64dd32/avrxmega2/crtavr64dd32.o
                0x00000090                __init
 *(.init0)
 *(.init1)
 *(.init1)
 *(.init2)
 .init2         0x00000090        0xc C:/Program Files (x86)/Atmel/Studio/7.0/Packs/Atmel/AVR-Dx_DFP/2.7.321/gcc/dev/avr64dd32/avrxmega2/crtavr64dd32.o
 *(.init2)
 *(.init3)
 *(.init3)
 *(.init4)
 .init4         0x0000009c       0x16 c:/program files (x86)/atmel/studio/7.0/toolchain/avr8/avr8-gnu-toolchain/bin/../lib/gcc/avr/5.4.0/avrxmega2\libgcc.a(_copy_data.o)
                0x0000009c                __do_copy_data
 .init4         0x000000b2       0x10 c:/program files (x86)/atmel/studio/7.0/toolchain/avr8/avr8-gnu-toolchain/bin/../lib/gcc/avr/5.4.0/avrxmega2\libgcc.a(_clear_bss.o)
                0x000000b2                __do_clear_bss
 *(.init4)
 *(.init5)
 *(.init5)
 *(.init6)
 *(.init6)
 *(.init7)
 *(.init7)
 *(.init8)
 *(.init8)
 *(.init9)
 .init9         0x000000c2        0x8 C:/Program Files (x86)/Atmel/Studio/7.0/Packs/Atmel/AVR-Dx_DFP/2.7.321/gcc/dev/avr64dd32/avrxmega2/crtavr64dd32.o
 *(.init9)
 *(.text)
 .text          0x000000ca        0x4 C:/Program Files (x86)/Atmel/Studio/7.0/Packs/Atmel/AVR-Dx_DFP/2.7.321/gcc/dev/avr64dd32/avrxmega2/crtavr64dd32.o
                0x000000ca                __vector_22
                0x000000ca                __vector_28
                0x000000ca                __vector_1
                0x000000ca                __vector_32
                0x000000ca                __vector_34
                0x000000ca                __vector_24
                0x000000ca                __vector_12
                0x000000ca                __bad_interrupt
                0x000000ca                __vector_6
                0x000000ca                __vector_31
                0x000000ca                __vector_35
                0x000000ca                __vector_3
                0x000000ca                __vector_23
                0x000000ca                __vector_30
                0x000000ca                __vector_25
                0x000000ca                __vector_11
                0x000000ca                __vector_13
                0x000000ca                __vector_17
                0x000000ca                __vector_19
                0x000000ca                __vector_7
                0x000000ca                __vector_27
                0x000000ca                __vector_5
                0x000000ca                __vector_33
                0x000000ca                __vector_4
                0x000000ca                __vector_9
                0x000000ca                __vector_2
                0x000000ca                __vector_21
                0x000000ca                __vector_15
                0x000000ca                __vector_29
                0x000000ca                __vector_8
                0x000000ca                __vector_26
                0x000000ca                __vector_14
                0x000000ca                __vector_10
                0x000000ca                __vector_16
                0x000000ca                __vector_18
                0x000000ca                __vector_20
                0x000000ce                . = ALIGN (0x2)
 *(.text.*)
 .text.normalize
                0x000000ce       0x12 Actions.o
                0x000000ce                normalize
 .text.angle_diff
                0x000000e0       0x30 Actions.o
                0x000000e0                angle_diff
 .text.get_safe_azimuth
                0x00000110       0xaa Actions.o
                0x00000110                get_safe_azimuth
 .text.AutoMotorControl
                0x000001ba      0x274 Actions.o
                0x000001ba                AutoMotorControl
 .text.ManualMotorControl
                0x0000042e       0xa2 Actions.o
                0x0000042e                ManualMotorControl
 .text.Emergency_STOP
                0x000004d0       0x2c Actions.o
                0x000004d0                Emergency_STOP
 .text.ReadMotorData
                0x000004fc       0x40 Actions.o
                0x000004fc                ReadMotorData
 .text.work     0x0000053c      0x10a Actions.o
                0x0000053c                work
 .text.ADC0_init
                0x00000646       0x10 ADC.o
                0x00000646                ADC0_init
 .text.ADC0_SetupJoystick
                0x00000656        0xc ADC.o
                0x00000656                ADC0_SetupJoystick
 .text.ADC0_SetupLinearMotor
                0x00000662       0x20 ADC.o
                0x00000662                ADC0_SetupLinearMotor
 .text.ADC0_SetupStepper
                0x00000682       0x20 ADC.o
                0x00000682                ADC0_SetupStepper
 .text.ADC0_SetupSysVoltage
                0x000006a2        0xc ADC.o
                0x000006a2                ADC0_SetupSysVoltage
 .text.ADC0_read
                0x000006ae       0x28 ADC.o
                0x000006ae                ADC0_read
 .text.Read_MCU_Voltge
                0x000006d6       0x26 ADC.o
                0x000006d6                Read_MCU_Voltge
 .text.CLOCK_XOSCHF_clock_init
                0x000006fc       0x1e CLK.o
                0x000006fc                CLOCK_XOSCHF_clock_init
 .text.crc8_cdma2000
                0x0000071a      0x10e CRC.o
                0x0000071a                crc8_cdma2000
 .text.verify_crc8_cdma2000_v2
                0x00000828       0x32 CRC.o
                0x00000828                verify_crc8_cdma2000_v2
 .text.hexToUint64
                0x0000085a       0xb2 FOUSART.o
                0x0000085a                hexToUint64
 .text.FODataSplitter
                0x0000090c      0x242 FOUSART.o
                0x0000090c                FODataSplitter
 .text.FOReceiver
                0x00000b4e       0xbc FOUSART.o
                0x00000b4e                FOReceiver
 .text.GPIO_init
                0x00000c0a       0x68 GPIO.o
                0x00000c0a                GPIO_init
 .text.I2C_recover
                0x00000c72       0x1c i2c.o
                0x00000c72                I2C_recover
 .text.I2C_init
                0x00000c8e       0x20 i2c.o
                0x00000c8e                I2C_init
 .text.TransmitAdd
                0x00000cae       0x84 i2c.o
                0x00000cae                TransmitAdd
 .text.TransmitByte
                0x00000d32       0x72 i2c.o
                0x00000d32                TransmitByte
 .text.WriteToReg
                0x00000da4       0x4e i2c.o
                0x00000da4                WriteToReg
 .text.ReadButton
                0x00000df2        0xe Joystick.o
                0x00000df2                ReadButton
 .text.LatchSwitcher
                0x00000e00       0x2c Joystick.o
                0x00000e00                LatchSwitcher
 .text.ReadJoystickValues
                0x00000e2c       0x4c Joystick.o
                0x00000e2c                ReadJoystickValues
 .text.SelectWindow
                0x00000e78       0x1e Joystick.o
                0x00000e78                SelectWindow
 .text.LinearMotor_enable
                0x00000e96       0x20 LinearMotor.o
                0x00000e96                LinearMotor_enable
 .text.LinearMotor_disable
                0x00000eb6       0x20 LinearMotor.o
                0x00000eb6                LinearMotor_disable
 .text.LinearMotor_start
                0x00000ed6       0x24 LinearMotor.o
                0x00000ed6                LinearMotor_start
 .text.LinearMotor_stop
                0x00000efa       0x3c LinearMotor.o
                0x00000efa                LinearMotor_stop
 .text.LinearMotor_set_direction
                0x00000f36       0x34 LinearMotor.o
                0x00000f36                LinearMotor_set_direction
 .text.LinearMotor_init
                0x00000f6a       0x12 LinearMotor.o
                0x00000f6a                LinearMotor_init
 .text.Read_LinearMotor_Voltage
                0x00000f7c       0x34 LinearMotor.o
                0x00000f7c                Read_LinearMotor_Voltage
 .text.Read_LinearMotor_Current
                0x00000fb0       0x30 LinearMotor.o
                0x00000fb0                Read_LinearMotor_Current
 .text.main     0x00000fe0       0x52 main.o
                0x00000fe0                main
 .text.RS485_Led
                0x00001032       0x30 RS485LED.o
                0x00001032                RS485_Led
 .text.RS485DataSplitter
                0x00001062      0x242 RS485USART.o
                0x00001062                RS485DataSplitter
 .text.RS485Receiver
                0x000012a4       0xa8 RS485USART.o
                0x000012a4                RS485Receiver
 .text.screen_command
                0x0000134c        0xc SSD1306.o
                0x0000134c                screen_command
 .text.screen_data
                0x00001358        0xc SSD1306.o
                0x00001358                screen_data
 .text.screen_init
                0x00001364       0x26 SSD1306.o
                0x00001364                screen_init
 .text.screen_draw_char
                0x0000138a       0x68 SSD1306.o
                0x0000138a                screen_draw_char
 .text.screen_clear
                0x000013f2       0x4a SSD1306.o
                0x000013f2                screen_clear
 .text.screen_draw_text
                0x0000143c       0x3e SSD1306.o
                0x0000143c                screen_draw_text
 .text.screen_write_text
                0x0000147a       0x4e SSD1306.o
                0x0000147a                screen_write_text
 .text.calculate_start_pixel
                0x000014c8       0x4a SSD1306.o
                0x000014c8                calculate_start_pixel
 .text.screen_write_text_aligned
                0x00001512       0x22 SSD1306.o
                0x00001512                screen_write_text_aligned
 .text.screen_write_formatted_text
                0x00001534       0x3c SSD1306.o
                0x00001534                screen_write_formatted_text
 .text.Stepper_enable
                0x00001570       0x2c StepperMotor.o
                0x00001570                Stepper_enable
 .text.Stepper_disable
                0x0000159c       0x2c StepperMotor.o
                0x0000159c                Stepper_disable
 .text.Stepper_start
                0x000015c8       0x26 StepperMotor.o
                0x000015c8                Stepper_start
 .text.Stepper_stop
                0x000015ee       0x26 StepperMotor.o
                0x000015ee                Stepper_stop
 .text.Stepper_set_direction
                0x00001614       0x34 StepperMotor.o
                0x00001614                Stepper_set_direction
 .text.Stepper_init
                0x00001648       0x10 StepperMotor.o
                0x00001648                Stepper_init
 .text.Read_Stepper_Voltage
                0x00001658       0x34 StepperMotor.o
                0x00001658                Read_Stepper_Voltage
 .text.Read_Stepper_Current
                0x0000168c       0x30 StepperMotor.o
                0x0000168c                Read_Stepper_Current
 .text.TCA0_init_linear_PWM
                0x000016bc      0x120 TCA.o
                0x000016bc                TCA0_init_linear_PWM
 .text.TCD0_init_stepper_PWM
                0x000017dc       0xd4 TCD.o
                0x000017dc                TCD0_init_stepper_PWM
 .text.USART0_init
                0x000018b0       0x1a USART.o
                0x000018b0                USART0_init
 .text.USART0_readChar
                0x000018ca       0x74 USART.o
                0x000018ca                USART0_readChar
 .text.USART1_init
                0x0000193e       0x16 USART.o
                0x0000193e                USART1_init
 .text.USART1_readChar
                0x00001954       0x2e USART.o
                0x00001954                USART1_readChar
 .text.screenUpdater
                0x00001982      0x240 Windows.o
                0x00001982                screenUpdater
 .text.windows  0x00001bc2      0x772 Windows.o
                0x00001bc2                windows
 .text.avr-libc.fplib
                0x00002334        0x8 c:/program files (x86)/atmel/studio/7.0/toolchain/avr8/avr8-gnu-toolchain/bin/../lib/gcc/avr/5.4.0/../../../../avr/lib/avrxmega2\libm.a(divsf3.o)
                0x00002334                __divsf3
 .text.avr-libc.fplib
                0x0000233c       0xdc c:/program files (x86)/atmel/studio/7.0/toolchain/avr8/avr8-gnu-toolchain/bin/../lib/gcc/avr/5.4.0/../../../../avr/lib/avrxmega2\libm.a(divsf3x.o)
                0x0000235c                __divsf3x
                0x00002362                __divsf3_pse
 .text.avr-libc.fplib
                0x00002418       0x5e c:/program files (x86)/atmel/studio/7.0/toolchain/avr8/avr8-gnu-toolchain/bin/../lib/gcc/avr/5.4.0/../../../../avr/lib/avrxmega2\libm.a(fixunssfsi.o)
                0x00002418                __fixunssfsi
 .text.avr-libc.fplib
                0x00002476       0x7a c:/program files (x86)/atmel/studio/7.0/toolchain/avr8/avr8-gnu-toolchain/bin/../lib/gcc/avr/5.4.0/../../../../avr/lib/avrxmega2\libm.a(floatsisf.o)
                0x00002476                __floatunsisf
                0x0000247a                __floatsisf
 .text.avr-libc.fplib
                0x000024f0        0xc c:/program files (x86)/atmel/studio/7.0/toolchain/avr8/avr8-gnu-toolchain/bin/../lib/gcc/avr/5.4.0/../../../../avr/lib/avrxmega2\libm.a(fp_inf.o)
                0x000024f0                __fp_inf
 .text.avr-libc.fplib
                0x000024fc        0x6 c:/program files (x86)/atmel/studio/7.0/toolchain/avr8/avr8-gnu-toolchain/bin/../lib/gcc/avr/5.4.0/../../../../avr/lib/avrxmega2\libm.a(fp_nan.o)
                0x000024fc                __fp_nan
 .text.avr-libc.fplib
                0x00002502        0xe c:/program files (x86)/atmel/studio/7.0/toolchain/avr8/avr8-gnu-toolchain/bin/../lib/gcc/avr/5.4.0/../../../../avr/lib/avrxmega2\libm.a(fp_pscA.o)
                0x00002502                __fp_pscA
 .text.avr-libc.fplib
                0x00002510        0xe c:/program files (x86)/atmel/studio/7.0/toolchain/avr8/avr8-gnu-toolchain/bin/../lib/gcc/avr/5.4.0/../../../../avr/lib/avrxmega2\libm.a(fp_pscB.o)
                0x00002510                __fp_pscB
 .text.avr-libc.fplib
                0x0000251e       0x22 c:/program files (x86)/atmel/studio/7.0/toolchain/avr8/avr8-gnu-toolchain/bin/../lib/gcc/avr/5.4.0/../../../../avr/lib/avrxmega2\libm.a(fp_round.o)
                0x0000251e                __fp_round
 .text.avr-libc.fplib
                0x00002540       0x44 c:/program files (x86)/atmel/studio/7.0/toolchain/avr8/avr8-gnu-toolchain/bin/../lib/gcc/avr/5.4.0/../../../../avr/lib/avrxmega2\libm.a(fp_split3.o)
                0x00002540                __fp_split3
                0x00002550                __fp_splitA
 .text.avr-libc.fplib
                0x00002584        0xe c:/program files (x86)/atmel/studio/7.0/toolchain/avr8/avr8-gnu-toolchain/bin/../lib/gcc/avr/5.4.0/../../../../avr/lib/avrxmega2\libm.a(fp_zero.o)
                0x00002584                __fp_zero
                0x00002586                __fp_szero
 .text.avr-libc.fplib
                0x00002592        0x8 c:/program files (x86)/atmel/studio/7.0/toolchain/avr8/avr8-gnu-toolchain/bin/../lib/gcc/avr/5.4.0/../../../../avr/lib/avrxmega2\libm.a(mulsf3.o)
                0x00002592                __mulsf3
 .text.avr-libc.fplib
                0x0000259a       0xd2 c:/program files (x86)/atmel/studio/7.0/toolchain/avr8/avr8-gnu-toolchain/bin/../lib/gcc/avr/5.4.0/../../../../avr/lib/avrxmega2\libm.a(mulsf3x.o)
                0x000025b8                __mulsf3x
                0x000025be                __mulsf3_pse
 .text.libgcc.div
                0x0000266c       0x28 c:/program files (x86)/atmel/studio/7.0/toolchain/avr8/avr8-gnu-toolchain/bin/../lib/gcc/avr/5.4.0/avrxmega2\libgcc.a(_divmodhi4.o)
                0x0000266c                _div
                0x0000266c                __divmodhi4
 .text.libgcc.div
                0x00002694       0x44 c:/program files (x86)/atmel/studio/7.0/toolchain/avr8/avr8-gnu-toolchain/bin/../lib/gcc/avr/5.4.0/avrxmega2\libgcc.a(_udivmodsi4.o)
                0x00002694                __udivmodsi4
 .text.libgcc.div
                0x000026d8       0x2e c:/program files (x86)/atmel/studio/7.0/toolchain/avr8/avr8-gnu-toolchain/bin/../lib/gcc/avr/5.4.0/avrxmega2\libgcc.a(_divmodsi4.o)
                0x000026d8                __divmodsi4
 .text.libgcc.div
                0x00002706       0x10 c:/program files (x86)/atmel/studio/7.0/toolchain/avr8/avr8-gnu-toolchain/bin/../lib/gcc/avr/5.4.0/avrxmega2\libgcc.a(_negsi2.o)
                0x00002706                __negsi2
 .text.libgcc.mul
                0x00002716       0x1e c:/program files (x86)/atmel/studio/7.0/toolchain/avr8/avr8-gnu-toolchain/bin/../lib/gcc/avr/5.4.0/avrxmega2\libgcc.a(_umulhisi3.o)
                0x00002716                __umulhisi3
 .text.libgcc.builtins
                0x00002734       0x32 c:/program files (x86)/atmel/studio/7.0/toolchain/avr8/avr8-gnu-toolchain/bin/../lib/gcc/avr/5.4.0/avrxmega2\libgcc.a(_ashldi3.o)
                0x00002734                __ashldi3
 .text.libgcc.builtins
                0x00002766       0x3c c:/program files (x86)/atmel/studio/7.0/toolchain/avr8/avr8-gnu-toolchain/bin/../lib/gcc/avr/5.4.0/avrxmega2\libgcc.a(_ashrdi3.o)
                0x00002766                __ashrdi3
                0x0000276a                __lshrdi3
 .text.libgcc   0x000027a2       0x18 c:/program files (x86)/atmel/studio/7.0/toolchain/avr8/avr8-gnu-toolchain/bin/../lib/gcc/avr/5.4.0/avrxmega2\libgcc.a(_adddi3_s8.o)
                0x000027a2                __adddi3_s8
 .text.libgcc   0x000027ba       0x18 c:/program files (x86)/atmel/studio/7.0/toolchain/avr8/avr8-gnu-toolchain/bin/../lib/gcc/avr/5.4.0/avrxmega2\libgcc.a(_cmpdi2_s8.o)
                0x000027ba                __cmpdi2_s8
 .text.libgcc.div
                0x000027d2       0x28 c:/program files (x86)/atmel/studio/7.0/toolchain/avr8/avr8-gnu-toolchain/bin/../lib/gcc/avr/5.4.0/avrxmega2\libgcc.a(_udivmodhi4.o)
                0x000027d2                __udivmodhi4
 .text.avr-libc
                0x000027fa      0x22c c:/program files (x86)/atmel/studio/7.0/toolchain/avr8/avr8-gnu-toolchain/bin/../lib/gcc/avr/5.4.0/../../../../avr/lib/avrxmega2\libc.a(strtol.o)
                0x000027fa                strtol
 .text.avr-libc
                0x00002a26       0x12 c:/program files (x86)/atmel/studio/7.0/toolchain/avr8/avr8-gnu-toolchain/bin/../lib/gcc/avr/5.4.0/../../../../avr/lib/avrxmega2\libc.a(isspace.o)
                0x00002a26                isspace
 .text.avr-libc
                0x00002a38       0x12 c:/program files (x86)/atmel/studio/7.0/toolchain/avr8/avr8-gnu-toolchain/bin/../lib/gcc/avr/5.4.0/../../../../avr/lib/avrxmega2\libc.a(memcpy.o)
                0x00002a38                memcpy
 .text.avr-libc
                0x00002a4a       0x12 c:/program files (x86)/atmel/studio/7.0/toolchain/avr8/avr8-gnu-toolchain/bin/../lib/gcc/avr/5.4.0/../../../../avr/lib/avrxmega2\libc.a(strcmp.o)
                0x00002a4a                strcmp
 .text.avr-libc
                0x00002a5c        0xe c:/program files (x86)/atmel/studio/7.0/toolchain/avr8/avr8-gnu-toolchain/bin/../lib/gcc/avr/5.4.0/../../../../avr/lib/avrxmega2\libc.a(strcpy.o)
                0x00002a5c                strcpy
 .text.avr-libc
                0x00002a6a       0x1c c:/program files (x86)/atmel/studio/7.0/toolchain/avr8/avr8-gnu-toolchain/bin/../lib/gcc/avr/5.4.0/../../../../avr/lib/avrxmega2\libc.a(strncmp.o)
                0x00002a6a                strncmp
 .text.avr-libc
                0x00002a86       0x1e c:/program files (x86)/atmel/studio/7.0/toolchain/avr8/avr8-gnu-toolchain/bin/../lib/gcc/avr/5.4.0/../../../../avr/lib/avrxmega2\libc.a(strncpy.o)
                0x00002a86                strncpy
 .text.avr-libc
                0x00002aa4       0x58 c:/program files (x86)/atmel/studio/7.0/toolchain/avr8/avr8-gnu-toolchain/bin/../lib/gcc/avr/5.4.0/../../../../avr/lib/avrxmega2\libc.a(vsnprintf.o)
                0x00002aa4                vsnprintf
 .text.avr-libc
                0x00002afc      0x3c2 c:/program files (x86)/atmel/studio/7.0/toolchain/avr8/avr8-gnu-toolchain/bin/../lib/gcc/avr/5.4.0/../../../../avr/lib/avrxmega2\libc.a(vfprintf_std.o)
                0x00002afc                vfprintf
 .text.avr-libc
                0x00002ebe        0x6 c:/program files (x86)/atmel/studio/7.0/toolchain/avr8/avr8-gnu-toolchain/bin/../lib/gcc/avr/5.4.0/../../../../avr/lib/avrxmega2\libc.a(cty_isfalse.o)
                0x00002ebe                __ctype_isfalse
                0x00002ec2                __ctype_istrue
 .text.avr-libc
                0x00002ec4       0x16 c:/program files (x86)/atmel/studio/7.0/toolchain/avr8/avr8-gnu-toolchain/bin/../lib/gcc/avr/5.4.0/../../../../avr/lib/avrxmega2\libc.a(strnlen_P.o)
                0x00002ec4                strnlen_P
 .text.avr-libc
                0x00002eda       0x16 c:/program files (x86)/atmel/studio/7.0/toolchain/avr8/avr8-gnu-toolchain/bin/../lib/gcc/avr/5.4.0/../../../../avr/lib/avrxmega2\libc.a(strnlen.o)
                0x00002eda                strnlen
 .text.avr-libc
                0x00002ef0       0x78 c:/program files (x86)/atmel/studio/7.0/toolchain/avr8/avr8-gnu-toolchain/bin/../lib/gcc/avr/5.4.0/../../../../avr/lib/avrxmega2\libc.a(fputc.o)
                0x00002ef0                fputc
 .text.avr-libc
                0x00002f68       0xbc c:/program files (x86)/atmel/studio/7.0/toolchain/avr8/avr8-gnu-toolchain/bin/../lib/gcc/avr/5.4.0/../../../../avr/lib/avrxmega2\libc.a(ultoa_invert.o)
                0x00002f68                __ultoa_invert
 .text.avr-libc
                0x00003024        0xc C:/Program Files (x86)/Atmel/Studio/7.0/Packs/Atmel/AVR-Dx_DFP/2.7.321/gcc/dev/avr64dd32/avrxmega2\libavr64dd32.a(ccp_write.o)
                0x00003024                ccp_write_io
 .text.libgcc.mul
                0x00003030       0x20 c:/program files (x86)/atmel/studio/7.0/toolchain/avr8/avr8-gnu-toolchain/bin/../lib/gcc/avr/5.4.0/avrxmega2\libgcc.a(_mulsi3.o)
                0x00003030                __mulsi3
 .text.libgcc.mul
                0x00003050       0x16 c:/program files (x86)/atmel/studio/7.0/toolchain/avr8/avr8-gnu-toolchain/bin/../lib/gcc/avr/5.4.0/avrxmega2\libgcc.a(_muluhisi3.o)
                0x00003050                __muluhisi3
 .text.libgcc.prologue
                0x00003066       0x32 c:/program files (x86)/atmel/studio/7.0/toolchain/avr8/avr8-gnu-toolchain/bin/../lib/gcc/avr/5.4.0/avrxmega2\libgcc.a(_prologue.o)
                0x00003066                __prologue_saves__
 .text.libgcc.prologue
                0x00003098       0x30 c:/program files (x86)/atmel/studio/7.0/toolchain/avr8/avr8-gnu-toolchain/bin/../lib/gcc/avr/5.4.0/avrxmega2\libgcc.a(_epilogue.o)
                0x00003098                __epilogue_restores__
                0x000030c8                . = ALIGN (0x2)
 *(.fini9)
 .fini9         0x000030c8        0x0 c:/program files (x86)/atmel/studio/7.0/toolchain/avr8/avr8-gnu-toolchain/bin/../lib/gcc/avr/5.4.0/avrxmega2\libgcc.a(_exit.o)
                0x000030c8                _exit
                0x000030c8                exit
 *(.fini9)
 *(.fini8)
 *(.fini8)
 *(.fini7)
 *(.fini7)
 *(.fini6)
 *(.fini6)
 *(.fini5)
 *(.fini5)
 *(.fini4)
 *(.fini4)
 *(.fini3)
 *(.fini3)
 *(.fini2)
 *(.fini2)
 *(.fini1)
 *(.fini1)
 *(.fini0)
 .fini0         0x000030c8        0x4 c:/program files (x86)/atmel/studio/7.0/toolchain/avr8/avr8-gnu-toolchain/bin/../lib/gcc/avr/5.4.0/avrxmega2\libgcc.a(_exit.o)
 *(.fini0)
                0x000030cc                _etext = .

.data           0x00806000      0x602 load address 0x000030cc
                0x00806000                PROVIDE (__data_start, .)
 *(.data)
 *(.data*)
 .data.StepperMotorCtrl
                0x00806000       0x2b Actions.o
                0x00806000                StepperMotorCtrl
 .data.LinearMotorCtrl
                0x0080602b       0x2b Actions.o
                0x0080602b                LinearMotorCtrl
 .data.Target   0x00806056        0xa Actions.o
                0x00806056                Target
 .data.font     0x00806060      0x325 SSD1306.o
                0x00806060                font
 .data.ssd1306Commands
                0x00806385       0x1a SSD1306.o
                0x00806385                ssd1306Commands
 *(.gnu.linkonce.d*)
 *(.rodata)
 .rodata        0x0080639f        0x5 FOUSART.o
 .rodata        0x008063a4        0x6 RS485USART.o
 .rodata        0x008063aa       0x18 TCA.o
 *(.rodata*)
 .rodata.crc8_table
                0x008063c2      0x100 CRC.o
                0x008063c2                crc8_table
 .rodata.str1.1
                0x008064c2        0xf FOUSART.o
 .rodata.str1.1
                0x008064d1      0x130 Windows.o
                                0x13d (size before relaxing)
 *(.gnu.linkonce.r*)
                0x00806602                . = ALIGN (0x2)
 *fill*         0x00806601        0x1 
                0x00806602                _edata = .
                0x00806602                PROVIDE (__data_end, .)

.bss            0x00806602       0x80
                0x00806602                PROVIDE (__bss_start, .)
 *(.bss)
 *(.bss*)
 .bss.SensorData
                0x00806602       0x28 FOUSART.o
                0x00806602                SensorData
 .bss.I2C       0x0080662a        0x1 i2c.o
                0x0080662a                I2C
 .bss.Joystick  0x0080662b        0x8 Joystick.o
                0x0080662b                Joystick
 .bss.LinearMotor
                0x00806633        0xb LinearMotor.o
                0x00806633                LinearMotor
 .bss.WSData    0x0080663e        0xd RS485USART.o
                0x0080663e                WSData
 .bss.StepperMotor
                0x0080664b        0xb StepperMotor.o
                0x0080664b                StepperMotor
 .bss.show      0x00806656       0x2a Windows.o
                0x00806656                show
 *(COMMON)
 COMMON         0x00806680        0x2 c:/program files (x86)/atmel/studio/7.0/toolchain/avr8/avr8-gnu-toolchain/bin/../lib/gcc/avr/5.4.0/../../../../avr/lib/avrxmega2\libc.a(errno.o)
                0x00806680                errno
                0x00806682                PROVIDE (__bss_end, .)
                0x000030cc                __data_load_start = LOADADDR (.data)
                0x000036ce                __data_load_end = (__data_load_start + SIZEOF (.data))

.noinit         0x00806682        0x0
                [!provide]                PROVIDE (__noinit_start, .)
 *(.noinit*)
                [!provide]                PROVIDE (__noinit_end, .)
                0x00806682                _end = .
                [!provide]                PROVIDE (__heap_start, .)

.eeprom         0x00810000        0x0
 *(.eeprom*)
                0x00810000                __eeprom_end = .

.fuse
 *(.fuse)
 *(.lfuse)
 *(.hfuse)
 *(.efuse)

.lock
 *(.lock*)

.signature
 *(.signature*)

.user_signatures
 *(.user_signatures*)

.stab
 *(.stab)

.stabstr
 *(.stabstr)

.stab.excl
 *(.stab.excl)

.stab.exclstr
 *(.stab.exclstr)

.stab.index
 *(.stab.index)

.stab.indexstr
 *(.stab.indexstr)

.comment        0x00000000       0x5c
 *(.comment)
 .comment       0x00000000       0x30 Actions.o
                                 0x31 (size before relaxing)
 .comment       0x00000030       0x31 ADC.o
 .comment       0x00000030       0x31 CLK.o
 .comment       0x00000030       0x31 CRC.o
 .comment       0x00000030       0x31 FOUSART.o
 .comment       0x00000030       0x31 GPIO.o
 .comment       0x00000030       0x31 i2c.o
 .comment       0x00000030       0x31 Joystick.o
 .comment       0x00000030       0x31 LinearMotor.o
 .comment       0x00000030       0x31 main.o
 .comment       0x00000030       0x31 RS485LED.o
 .comment       0x00000030       0x31 RS485USART.o
 .comment       0x00000030       0x31 SSD1306.o
 .comment       0x00000030       0x31 StepperMotor.o
 .comment       0x00000030       0x31 TCA.o
 .comment       0x00000030       0x31 TCD.o
 .comment       0x00000030       0x31 USART.o
 .comment       0x00000030       0x31 Windows.o
 .comment       0x00000030       0x31 c:/program files (x86)/atmel/studio/7.0/toolchain/avr8/avr8-gnu-toolchain/bin/../lib/gcc/avr/5.4.0/../../../../avr/lib/avrxmega2\libc.a(strtol.o)
 .comment       0x00000030       0x31 c:/program files (x86)/atmel/studio/7.0/toolchain/avr8/avr8-gnu-toolchain/bin/../lib/gcc/avr/5.4.0/../../../../avr/lib/avrxmega2\libc.a(vsnprintf.o)
 .comment       0x00000030       0x2c c:/program files (x86)/atmel/studio/7.0/toolchain/avr8/avr8-gnu-toolchain/bin/../lib/gcc/avr/5.4.0/../../../../avr/lib/avrxmega2\libc.a(vfprintf_std.o)
                                 0x2d (size before relaxing)
 .comment       0x0000005c       0x2d c:/program files (x86)/atmel/studio/7.0/toolchain/avr8/avr8-gnu-toolchain/bin/../lib/gcc/avr/5.4.0/../../../../avr/lib/avrxmega2\libc.a(errno.o)
 .comment       0x0000005c       0x31 c:/program files (x86)/atmel/studio/7.0/toolchain/avr8/avr8-gnu-toolchain/bin/../lib/gcc/avr/5.4.0/../../../../avr/lib/avrxmega2\libc.a(fputc.o)

.note.gnu.avr.deviceinfo
                0x00000000       0x3c
 .note.gnu.avr.deviceinfo
                0x00000000       0x3c C:/Program Files (x86)/Atmel/Studio/7.0/Packs/Atmel/AVR-Dx_DFP/2.7.321/gcc/dev/avr64dd32/avrxmega2/crtavr64dd32.o

.note.gnu.build-id
 *(.note.gnu.build-id)

.debug
 *(.debug)

.line
 *(.line)

.debug_srcinfo
 *(.debug_srcinfo)

.debug_sfnames
 *(.debug_sfnames)

.debug_aranges  0x00000000      0x460
 *(.debug_aranges)
 .debug_aranges
                0x00000000       0x58 Actions.o
 .debug_aranges
                0x00000058       0x50 ADC.o
 .debug_aranges
                0x000000a8       0x28 CLK.o
 .debug_aranges
                0x000000d0       0x30 CRC.o
 .debug_aranges
                0x00000100       0x30 FOUSART.o
 .debug_aranges
                0x00000130       0x20 GPIO.o
 .debug_aranges
                0x00000150       0x40 i2c.o
 .debug_aranges
                0x00000190       0x38 Joystick.o
 .debug_aranges
                0x000001c8       0x60 LinearMotor.o
 .debug_aranges
                0x00000228       0x20 main.o
 .debug_aranges
                0x00000248       0x20 RS485LED.o
 .debug_aranges
                0x00000268       0x28 RS485USART.o
 .debug_aranges
                0x00000290       0x70 SSD1306.o
 .debug_aranges
                0x00000300       0x68 StepperMotor.o
 .debug_aranges
                0x00000368       0x20 TCA.o
 .debug_aranges
                0x00000388       0x20 TCD.o
 .debug_aranges
                0x000003a8       0x70 USART.o
 .debug_aranges
                0x00000418       0x28 Windows.o
 .debug_aranges
                0x00000440       0x20 C:/Program Files (x86)/Atmel/Studio/7.0/Packs/Atmel/AVR-Dx_DFP/2.7.321/gcc/dev/avr64dd32/avrxmega2\libavr64dd32.a(ccp_write.o)

.debug_pubnames
 *(.debug_pubnames)

.debug_info     0x00000000     0x935b
 *(.debug_info .gnu.linkonce.wi.*)
 .debug_info    0x00000000     0x22a4 C:/Program Files (x86)/Atmel/Studio/7.0/Packs/Atmel/AVR-Dx_DFP/2.7.321/gcc/dev/avr64dd32/avrxmega2/crtavr64dd32.o
 .debug_info    0x000022a4      0xaad Actions.o
 .debug_info    0x00002d51      0x5b6 ADC.o
 .debug_info    0x00003307      0x351 CLK.o
 .debug_info    0x00003658      0x1e9 CRC.o
 .debug_info    0x00003841      0x667 FOUSART.o
 .debug_info    0x00003ea8      0x443 GPIO.o
 .debug_info    0x000042eb      0x650 i2c.o
 .debug_info    0x0000493b      0x4be Joystick.o
 .debug_info    0x00004df9      0xc2d LinearMotor.o
 .debug_info    0x00005a26      0x267 main.o
 .debug_info    0x00005c8d      0x2a2 RS485LED.o
 .debug_info    0x00005f2f      0x5a8 RS485USART.o
 .debug_info    0x000064d7      0x687 SSD1306.o
 .debug_info    0x00006b5e      0x9db StepperMotor.o
 .debug_info    0x00007539      0x921 TCA.o
 .debug_info    0x00007e5a      0x5cc TCD.o
 .debug_info    0x00008426      0x8a6 USART.o
 .debug_info    0x00008ccc      0x5e6 Windows.o
 .debug_info    0x000092b2       0xa9 C:/Program Files (x86)/Atmel/Studio/7.0/Packs/Atmel/AVR-Dx_DFP/2.7.321/gcc/dev/avr64dd32/avrxmega2\libavr64dd32.a(ccp_write.o)

.debug_abbrev   0x00000000     0x3cb0
 *(.debug_abbrev)
 .debug_abbrev  0x00000000     0x20ce C:/Program Files (x86)/Atmel/Studio/7.0/Packs/Atmel/AVR-Dx_DFP/2.7.321/gcc/dev/avr64dd32/avrxmega2/crtavr64dd32.o
 .debug_abbrev  0x000020ce      0x1cd Actions.o
 .debug_abbrev  0x0000229b      0x193 ADC.o
 .debug_abbrev  0x0000242e       0xe5 CLK.o
 .debug_abbrev  0x00002513      0x10d CRC.o
 .debug_abbrev  0x00002620      0x1b5 FOUSART.o
 .debug_abbrev  0x000027d5       0xbc GPIO.o
 .debug_abbrev  0x00002891      0x1f8 i2c.o
 .debug_abbrev  0x00002a89      0x178 Joystick.o
 .debug_abbrev  0x00002c01      0x285 LinearMotor.o
 .debug_abbrev  0x00002e86       0xfe main.o
 .debug_abbrev  0x00002f84       0xcb RS485LED.o
 .debug_abbrev  0x0000304f      0x1a2 RS485USART.o
 .debug_abbrev  0x000031f1      0x1bb SSD1306.o
 .debug_abbrev  0x000033ac      0x269 StepperMotor.o
 .debug_abbrev  0x00003615      0x150 TCA.o
 .debug_abbrev  0x00003765      0x13c TCD.o
 .debug_abbrev  0x000038a1      0x2ac USART.o
 .debug_abbrev  0x00003b4d      0x14f Windows.o
 .debug_abbrev  0x00003c9c       0x14 C:/Program Files (x86)/Atmel/Studio/7.0/Packs/Atmel/AVR-Dx_DFP/2.7.321/gcc/dev/avr64dd32/avrxmega2\libavr64dd32.a(ccp_write.o)

.debug_line     0x00000000     0x3115
 *(.debug_line .debug_line.* .debug_line_end)
 .debug_line    0x00000000      0x16f C:/Program Files (x86)/Atmel/Studio/7.0/Packs/Atmel/AVR-Dx_DFP/2.7.321/gcc/dev/avr64dd32/avrxmega2/crtavr64dd32.o
 .debug_line    0x0000016f      0x5a9 Actions.o
 .debug_line    0x00000718      0x206 ADC.o
 .debug_line    0x0000091e      0x1a7 CLK.o
 .debug_line    0x00000ac5      0x1c2 CRC.o
 .debug_line    0x00000c87      0x2ed FOUSART.o
 .debug_line    0x00000f74      0x177 GPIO.o
 .debug_line    0x000010eb      0x33e i2c.o
 .debug_line    0x00001429      0x1d9 Joystick.o
 .debug_line    0x00001602      0x331 LinearMotor.o
 .debug_line    0x00001933      0x185 main.o
 .debug_line    0x00001ab8      0x13f RS485LED.o
 .debug_line    0x00001bf7      0x26c RS485USART.o
 .debug_line    0x00001e63      0x3f3 SSD1306.o
 .debug_line    0x00002256      0x342 StepperMotor.o
 .debug_line    0x00002598      0x18c TCA.o
 .debug_line    0x00002724      0x1a1 TCD.o
 .debug_line    0x000028c5      0x395 USART.o
 .debug_line    0x00002c5a      0x454 Windows.o
 .debug_line    0x000030ae       0x67 C:/Program Files (x86)/Atmel/Studio/7.0/Packs/Atmel/AVR-Dx_DFP/2.7.321/gcc/dev/avr64dd32/avrxmega2\libavr64dd32.a(ccp_write.o)

.debug_frame    0x00000000      0xd00
 *(.debug_frame)
 .debug_frame   0x00000000      0x154 Actions.o
 .debug_frame   0x00000154       0x84 ADC.o
 .debug_frame   0x000001d8       0x34 CLK.o
 .debug_frame   0x0000020c       0xb0 CRC.o
 .debug_frame   0x000002bc       0xbc FOUSART.o
 .debug_frame   0x00000378       0x24 GPIO.o
 .debug_frame   0x0000039c       0x98 i2c.o
 .debug_frame   0x00000434       0x68 Joystick.o
 .debug_frame   0x0000049c       0xb8 LinearMotor.o
 .debug_frame   0x00000554       0x24 main.o
 .debug_frame   0x00000578       0x24 RS485LED.o
 .debug_frame   0x0000059c       0x8c RS485USART.o
 .debug_frame   0x00000628      0x140 SSD1306.o
 .debug_frame   0x00000768       0xc8 StepperMotor.o
 .debug_frame   0x00000830       0x68 TCA.o
 .debug_frame   0x00000898       0x4c TCD.o
 .debug_frame   0x000008e4      0x120 USART.o
 .debug_frame   0x00000a04      0x2fc Windows.o

.debug_str      0x00000000     0x32a4
 *(.debug_str)
 .debug_str     0x00000000      0xefb C:/Program Files (x86)/Atmel/Studio/7.0/Packs/Atmel/AVR-Dx_DFP/2.7.321/gcc/dev/avr64dd32/avrxmega2/crtavr64dd32.o
 .debug_str     0x00000efb      0x60c Actions.o
                                0x6d2 (size before relaxing)
 .debug_str     0x00001507      0x64f ADC.o
                                0x819 (size before relaxing)
 .debug_str     0x00001b56      0x274 CLK.o
                                0x446 (size before relaxing)
 .debug_str     0x00001dca       0x77 CRC.o
                                0x22a (size before relaxing)
 .debug_str     0x00001e41       0xbe FOUSART.o
                                0x379 (size before relaxing)
 .debug_str     0x00001eff      0x3ee GPIO.o
                                0x5b2 (size before relaxing)
 .debug_str     0x000022ed      0x28e i2c.o
                                0x45e (size before relaxing)
 .debug_str     0x0000257b       0x6f Joystick.o
                                0x5b5 (size before relaxing)
 .debug_str     0x000025ea      0x235 LinearMotor.o
                                0x662 (size before relaxing)
 .debug_str     0x0000281f       0x6e main.o
                                0x2a0 (size before relaxing)
 .debug_str     0x0000288d       0x50 RS485LED.o
                                0x2cd (size before relaxing)
 .debug_str     0x000028dd       0x4b RS485USART.o
                                0x321 (size before relaxing)
 .debug_str     0x00002928      0x18f SSD1306.o
                                0x393 (size before relaxing)
 .debug_str     0x00002ab7      0x1e9 StepperMotor.o
                                0x60e (size before relaxing)
 .debug_str     0x00002ca0      0x147 TCA.o
                                0x5de (size before relaxing)
 .debug_str     0x00002de7      0x135 TCD.o
                                0x4d3 (size before relaxing)
 .debug_str     0x00002f1c      0x35d USART.o
                                0x76a (size before relaxing)
 .debug_str     0x00003279       0x2b Windows.o
                                0x4f1 (size before relaxing)

.debug_loc      0x00000000     0x3543
 *(.debug_loc)
 .debug_loc     0x00000000      0x6a4 Actions.o
 .debug_loc     0x000006a4       0x74 ADC.o
 .debug_loc     0x00000718      0x3da CRC.o
 .debug_loc     0x00000af2      0x55f FOUSART.o
 .debug_loc     0x00001051      0x4e7 i2c.o
 .debug_loc     0x00001538       0x49 Joystick.o
 .debug_loc     0x00001581      0x194 LinearMotor.o
 .debug_loc     0x00001715       0x73 main.o
 .debug_loc     0x00001788       0x6c RS485LED.o
 .debug_loc     0x000017f4      0x301 RS485USART.o
 .debug_loc     0x00001af5      0x566 SSD1306.o
 .debug_loc     0x0000205b      0x152 StepperMotor.o
 .debug_loc     0x000021ad      0x212 TCA.o
 .debug_loc     0x000023bf      0x13c TCD.o
 .debug_loc     0x000024fb      0x37c USART.o
 .debug_loc     0x00002877      0xccc Windows.o

.debug_macinfo
 *(.debug_macinfo)

.debug_weaknames
 *(.debug_weaknames)

.debug_funcnames
 *(.debug_funcnames)

.debug_typenames
 *(.debug_typenames)

.debug_varnames
 *(.debug_varnames)

.debug_pubtypes
 *(.debug_pubtypes)

.debug_ranges   0x00000000      0x3c8
 *(.debug_ranges)
 .debug_ranges  0x00000000       0x48 Actions.o
 .debug_ranges  0x00000048       0x40 ADC.o
 .debug_ranges  0x00000088       0x18 CLK.o
 .debug_ranges  0x000000a0       0x38 CRC.o
 .debug_ranges  0x000000d8       0x50 FOUSART.o
 .debug_ranges  0x00000128       0x10 GPIO.o
 .debug_ranges  0x00000138       0x30 i2c.o
 .debug_ranges  0x00000168       0x28 Joystick.o
 .debug_ranges  0x00000190       0x50 LinearMotor.o
 .debug_ranges  0x000001e0       0x10 main.o
 .debug_ranges  0x000001f0       0x10 RS485LED.o
 .debug_ranges  0x00000200       0x48 RS485USART.o
 .debug_ranges  0x00000248       0x60 SSD1306.o
 .debug_ranges  0x000002a8       0x58 StepperMotor.o
 .debug_ranges  0x00000300       0x10 TCA.o
 .debug_ranges  0x00000310       0x10 TCD.o
 .debug_ranges  0x00000320       0x60 USART.o
 .debug_ranges  0x00000380       0x48 Windows.o

.debug_macro
 *(.debug_macro)
OUTPUT(AVR64DD32-MAIN-Controller.elf elf32-avr)
LOAD linker stubs
