Archive member included to satisfy reference by file (symbol)

c:/program files (x86)/atmel/studio/7.0/toolchain/avr8/avr8-gnu-toolchain/bin/../lib/gcc/avr/5.4.0/../../../../avr/lib/avrxmega2\libm.a(divsf3.o)
                              TCD.o (__divsf3)
c:/program files (x86)/atmel/studio/7.0/toolchain/avr8/avr8-gnu-toolchain/bin/../lib/gcc/avr/5.4.0/../../../../avr/lib/avrxmega2\libm.a(divsf3x.o)
                              c:/program files (x86)/atmel/studio/7.0/toolchain/avr8/avr8-gnu-toolchain/bin/../lib/gcc/avr/5.4.0/../../../../avr/lib/avrxmega2\libm.a(divsf3.o) (__divsf3x)
c:/program files (x86)/atmel/studio/7.0/toolchain/avr8/avr8-gnu-toolchain/bin/../lib/gcc/avr/5.4.0/../../../../avr/lib/avrxmega2\libm.a(fixunssfsi.o)
                              ADC.o (__fixunssfsi)
c:/program files (x86)/atmel/studio/7.0/toolchain/avr8/avr8-gnu-toolchain/bin/../lib/gcc/avr/5.4.0/../../../../avr/lib/avrxmega2\libm.a(floatsisf.o)
                              ADC.o (__floatunsisf)
c:/program files (x86)/atmel/studio/7.0/toolchain/avr8/avr8-gnu-toolchain/bin/../lib/gcc/avr/5.4.0/../../../../avr/lib/avrxmega2\libm.a(fp_inf.o)
                              c:/program files (x86)/atmel/studio/7.0/toolchain/avr8/avr8-gnu-toolchain/bin/../lib/gcc/avr/5.4.0/../../../../avr/lib/avrxmega2\libm.a(divsf3x.o) (__fp_inf)
c:/program files (x86)/atmel/studio/7.0/toolchain/avr8/avr8-gnu-toolchain/bin/../lib/gcc/avr/5.4.0/../../../../avr/lib/avrxmega2\libm.a(fp_nan.o)
                              c:/program files (x86)/atmel/studio/7.0/toolchain/avr8/avr8-gnu-toolchain/bin/../lib/gcc/avr/5.4.0/../../../../avr/lib/avrxmega2\libm.a(divsf3x.o) (__fp_nan)
c:/program files (x86)/atmel/studio/7.0/toolchain/avr8/avr8-gnu-toolchain/bin/../lib/gcc/avr/5.4.0/../../../../avr/lib/avrxmega2\libm.a(fp_pscA.o)
                              c:/program files (x86)/atmel/studio/7.0/toolchain/avr8/avr8-gnu-toolchain/bin/../lib/gcc/avr/5.4.0/../../../../avr/lib/avrxmega2\libm.a(divsf3x.o) (__fp_pscA)
c:/program files (x86)/atmel/studio/7.0/toolchain/avr8/avr8-gnu-toolchain/bin/../lib/gcc/avr/5.4.0/../../../../avr/lib/avrxmega2\libm.a(fp_pscB.o)
                              c:/program files (x86)/atmel/studio/7.0/toolchain/avr8/avr8-gnu-toolchain/bin/../lib/gcc/avr/5.4.0/../../../../avr/lib/avrxmega2\libm.a(divsf3x.o) (__fp_pscB)
c:/program files (x86)/atmel/studio/7.0/toolchain/avr8/avr8-gnu-toolchain/bin/../lib/gcc/avr/5.4.0/../../../../avr/lib/avrxmega2\libm.a(fp_round.o)
                              c:/program files (x86)/atmel/studio/7.0/toolchain/avr8/avr8-gnu-toolchain/bin/../lib/gcc/avr/5.4.0/../../../../avr/lib/avrxmega2\libm.a(divsf3.o) (__fp_round)
c:/program files (x86)/atmel/studio/7.0/toolchain/avr8/avr8-gnu-toolchain/bin/../lib/gcc/avr/5.4.0/../../../../avr/lib/avrxmega2\libm.a(fp_split3.o)
                              c:/program files (x86)/atmel/studio/7.0/toolchain/avr8/avr8-gnu-toolchain/bin/../lib/gcc/avr/5.4.0/../../../../avr/lib/avrxmega2\libm.a(divsf3x.o) (__fp_split3)
c:/program files (x86)/atmel/studio/7.0/toolchain/avr8/avr8-gnu-toolchain/bin/../lib/gcc/avr/5.4.0/../../../../avr/lib/avrxmega2\libm.a(fp_zero.o)
                              c:/program files (x86)/atmel/studio/7.0/toolchain/avr8/avr8-gnu-toolchain/bin/../lib/gcc/avr/5.4.0/../../../../avr/lib/avrxmega2\libm.a(fixunssfsi.o) (__fp_zero)
c:/program files (x86)/atmel/studio/7.0/toolchain/avr8/avr8-gnu-toolchain/bin/../lib/gcc/avr/5.4.0/../../../../avr/lib/avrxmega2\libm.a(mulsf3.o)
                              ADC.o (__mulsf3)
c:/program files (x86)/atmel/studio/7.0/toolchain/avr8/avr8-gnu-toolchain/bin/../lib/gcc/avr/5.4.0/../../../../avr/lib/avrxmega2\libm.a(mulsf3x.o)
                              c:/program files (x86)/atmel/studio/7.0/toolchain/avr8/avr8-gnu-toolchain/bin/../lib/gcc/avr/5.4.0/../../../../avr/lib/avrxmega2\libm.a(mulsf3.o) (__mulsf3x)
c:/program files (x86)/atmel/studio/7.0/toolchain/avr8/avr8-gnu-toolchain/bin/../lib/gcc/avr/5.4.0/avrxmega2\libgcc.a(_divmodhi4.o)
                              Actions.o (__divmodhi4)
c:/program files (x86)/atmel/studio/7.0/toolchain/avr8/avr8-gnu-toolchain/bin/../lib/gcc/avr/5.4.0/avrxmega2\libgcc.a(_udivmodsi4.o)
                              TCA.o (__udivmodsi4)
c:/program files (x86)/atmel/studio/7.0/toolchain/avr8/avr8-gnu-toolchain/bin/../lib/gcc/avr/5.4.0/avrxmega2\libgcc.a(_divmodsi4.o)
                              TCA.o (__divmodsi4)
c:/program files (x86)/atmel/studio/7.0/toolchain/avr8/avr8-gnu-toolchain/bin/../lib/gcc/avr/5.4.0/avrxmega2\libgcc.a(_negsi2.o)
                              c:/program files (x86)/atmel/studio/7.0/toolchain/avr8/avr8-gnu-toolchain/bin/../lib/gcc/avr/5.4.0/avrxmega2\libgcc.a(_divmodsi4.o) (__negsi2)
c:/program files (x86)/atmel/studio/7.0/toolchain/avr8/avr8-gnu-toolchain/bin/../lib/gcc/avr/5.4.0/avrxmega2\libgcc.a(_exit.o)
[...]
Memory Configuration

Name             Origin             Length             Attributes
text             0x00000000         0x00010000         xr
data             0x00806000         0x00002000         rw !x
eeprom           0x00810000         0x00000100         rw !x
fuse             0x00820000         0x00000010         rw !x
lock             0x00830000         0x00000400         rw !x
signature        0x00840000         0x00000400         rw !x
user_signatures  0x00850000         0x00000400         rw !x
*default*        0x00000000         0xffffffff

Linker script and memory map

Address of section .data set to 0x806000
                0x00008000                __RODATA_PM_OFFSET__ = 0x8000
LOAD C:/Program Files (x86)/Atmel/Studio/7.0/Packs/Atmel/AVR-Dx_DFP/2.7.321/gcc/dev/avr64dd32/avrxmega2/crtavr64dd32.o
LOAD Actions.o
LOAD ADC.o
LOAD CLK.o
LOAD CRC.o
LOAD FOUSART.o
LOAD GPIO.o
LOAD i2c.o
LOAD Joystick.o
LOAD LinearMotor.o
LOAD main.o
LOAD RS485LED.o
LOAD RS485USART.o
LOAD SSD1306.o
LOAD StepperMotor.o
LOAD TCA.o
LOAD TCD.o
LOAD USART.o
LOAD Windows.o
START GROUP
LOAD c:/program files (x86)/atmel/studio/7.0/toolchain/avr8/avr8-gnu-toolchain/bin/../lib/gcc/avr/5.4.0/../../../../avr/lib/avrxmega2\libm.a
END GROUP
START GROUP
LOAD c:/program files (x86)/atmel/studio/7.0/toolchain/avr8/avr8-gnu-toolchain/bin/../lib/gcc/avr/5.4.0/avrxmega2\libgcc.a
LOAD c:/program files (x86)/atmel/studio/7.0/toolchain/avr8/avr8-gnu-toolchain/bin/../lib/gcc/avr/5.4.0/../../../../avr/lib/avrxmega2\libm.a
LOAD c:/program files (x86)/atmel/studio/7.0/toolchain/avr8/avr8-gnu-toolchain/bin/../lib/gcc/avr/5.4.0/../../../../avr/lib/avrxmega2\libc.a
LOAD C:/Program Files (x86)/Atmel/Studio/7.0/Packs/Atmel/AVR-Dx_DFP/2.7.321/gcc/dev/avr64dd32/avrxmega2\libavr64dd32.a
END GROUP
                [0x00000000]                __TEXT_REGION_ORIGIN__ = DEFINED (__TEXT_REGION_ORIGIN__)?__TEXT_REGION_ORIGIN__:0x0
                [0x00806000]                __DATA_REGION_ORIGIN__ = DEFINED (__DATA_REGION_ORIGIN__)?__DATA_REGION_ORIGIN__:0x802000
                [0x00010000]                __TEXT_REGION_LENGTH__ = DEFINED (__TEXT_REGION_LENGTH__)?__TEXT_REGION_LENGTH__:0x100000
                [0x00002000]                __DATA_REGION_LENGTH__ = DEFINED (__DATA_REGION_LENGTH__)?__DATA_REGION_LENGTH__:0xffa0
                [0x00000100]                __EEPROM_REGION_LENGTH__ = DEFINED (__EEPROM_REGION_LENGTH__)?__EEPROM_REGION_LENGTH__:0x10000
                [0x00000010]                __FUSE_REGION_LENGTH__ = DEFINED (__FUSE_REGION_LENGTH__)?__FUSE_REGION_LENGTH__:0x400
                0x00000400                __LOCK_REGION_LENGTH__ = DEFINED (__LOCK_REGION_LENGTH__)?__LOCK_REGION_LENGTH__:0x400
                0x00000400                __SIGNATURE_REGION_LENGTH__ = DEFINED (__SIGNATURE_REGION_LENGTH__)?__SIGNATURE_REGION_LENGTH__:0x400
                0x00000400                __USER_SIGNATURE_REGION_LENGTH__ = DEFINED (__USER_SIGNATURE_REGION_LENGTH__)?__USER_SIGNATURE_REGION_LENGTH__:0x400

.hash
 *(.hash)

.dynsym
 *(.dynsym)

.dynstr
 *(.dynstr)

.gnu.version
 *(.gnu.version)

.gnu.version_d
 *(.gnu.version_d)

.gnu.version_r
 *(.gnu.version_r)

.rel.init
 *(.rel.init)

.rela.init
 *(.rela.init)

.rel.text
 *(.rel.text)
 *(.rel.text.*)
 *(.rel.gnu.linkonce.t*)

.rela.text
 *(.rela.text)
 *(.rela.text.*)
 *(.rela.gnu.linkonce.t*)

.rel.fini
 *(.rel.fini)

.rela.fini
 *(.rela.fini)

.rel.rodata
 *(.rel.rodata)
 *(.rel.rodata.*)
 *(.rel.gnu.linkonce.r*)

.rela.rodata
 *(.rela.rodata)
 *(.rela.rodata.*)
 *(.rela.gnu.linkonce.r*)

.rel.data
 *(.rel.data)
 *(.rel.data.*)
 *(.rel.gnu.linkonce.d*)

.rela.data
 *(.rela.data)
 *(.rela.data.*)
 *(.rela.gnu.linkonce.d*)

.rel.ctors
 *(.rel.ctors)

.rela.ctors
 *(.rela.ctors)

.rel.dtors
 *(.rel.dtors)

.rela.dtors
 *(.rela.dtors)

.rel.got
 *(.rel.got)

.rela.got
 *(.rela.got)

.rel.bss
 *(.rel.bss)

.rela.bss
 *(.rela.bss)

.rel.plt
 *(.rel.plt)

.rela.plt
 *(.rela.plt)

.text           0x00000000     0x30b0
 *(.vectors)
 .vectors       0x00000000       0x90 C:/Program Files (x86)/Atmel/Studio/7.0/Packs/Atmel/AVR-Dx_DFP/2.7.321/gcc/dev/avr64dd32/avrxmega2/crtavr64dd32.o
                0x00000000                __vector_default
                0x00000000                __vectors
 *(.vectors)
 *(.progmem.gcc*)
                0x00000090                . = ALIGN (0x2)
                0x00000090                __trampolines_start = .
 *(.trampolines)
 .trampolines   0x00000090        0x0 linker stubs
 *(.trampolines*)
                0x00000090                __trampolines_end = .
 *libprintf_flt.a:*(.progmem.data)
 *libc.a:*(.progmem.data)
 *(.progmem*)
                0x00000090                . = ALIGN (0x2)
 *(.jumptables)
 *(.jumptables*)
 *(.lowtext)
 *(.lowtext*)
                0x00000090                __ctors_start = .
 *(.ctors)
                0x00000090                __ctors_end = .
                0x00000090                __dtors_start = .
 *(.dtors)
                0x00000090                __dtors_end = .
 SORT(*)(.ctors)
 SORT(*)(.dtors)
 *(.init0)
 .init0         0x00000090        0x0 C:/Program Files (x86)/Atmel/Studio/7.0/Packs/Atmel/AVR-Dx_DFP/2.7.321/gcc/dev/avr64dd32/avrxmega2/crtavr64dd32.o
                0x00000090                __init
 *(.init0)
 *(.init1)
 *(.init1)
 *(.init2)
 .init2         0x00000090        0xc C:/Program Files (x86)/Atmel/Studio/7.0/Packs/Atmel/AVR-Dx_DFP/2.7.321/gcc/dev/avr64dd32/avrxmega2/crtavr64dd32.o
 *(.init2)
 *(.init3)
 *(.init3)
 *(.init4)
 .init4         0x0000009c       0x16 c:/program files (x86)/atmel/studio/7.0/toolchain/avr8/avr8-gnu-toolchain/bin/../lib/gcc/avr/5.4.0/avrxmega2\libgcc.a(_copy_data.o)
                0x0000009c                __do_copy_data
 .init4         0x000000b2       0x10 c:/program files (x86)/atmel/studio/7.0/toolchain/avr8/avr8-gnu-toolchain/bin/../lib/gcc/avr/5.4.0/avrxmega2\libgcc.a(_clear_bss.o)
                0x000000b2                __do_clear_bss
 *(.init4)
 *(.init5)
 *(.init5)
 *(.init6)
 *(.init6)
 *(.init7)
 *(.init7)
 *(.init8)
 *(.init8)
 *(.init9)
 .init9         0x000000c2        0x8 C:/Program Files (x86)/Atmel/Studio/7.0/Packs/Atmel/AVR-Dx_DFP/2.7.321/gcc/dev/avr64dd32/avrxmega2/crtavr64dd32.o
 *(.init9)
 *(.text)
 .text          0x000000ca        0x4 C:/Program Files (x86)/Atmel/Studio/7.0/Packs/Atmel/AVR-Dx_DFP/2.7.321/gcc/dev/avr64dd32/avrxmega2/crtavr64dd32.o
                0x000000ca                __vector_22
                0x000000ca                __vector_28
                0x000000ca                __vector_1
                0x000000ca                __vector_32
                0x000000ca                __vector_34
                0x000000ca                __vector_24
                0x000000ca                __vector_12
                0x000000ca                __bad_interrupt
                0x000000ca                __vector_6
                0x000000ca                __vector_31
                0x000000ca                __vector_35
                0x000000ca                __vector_3
                0x000000ca                __vector_23
                0x000000ca                __vector_30
                0x000000ca                __vector_25
                0x000000ca                __vector_11
                0x000000ca                __vector_13
                0x000000ca                __vector_17
                0x000000ca                __vector_19
                0x000000ca                __vector_7
                0x000000ca                __vector_27
                0x000000ca                __vector_5
                0x000000ca                __vector_33
                0x000000ca                __vector_4
                0x000000ca                __vector_9
                0x000000ca                __vector_2
                0x000000ca                __vector_21
                0x000000ca                __vector_15
                0x000000ca                __vector_29
                0x000000ca                __vector_8
                0x000000ca                __vector_26
                0x000000ca                __vector_14
                0x000000ca                __vector_10
                0x000000ca                __vector_16
                0x000000ca                __vector_18
                0x000000ca                __vector_20
                0x000000ce                . = ALIGN (0x2)
 *(.text.*)
 .text.normalize
                0x000000ce       0x12 Actions.o
                0x000000ce                normalize
 .text.angle_diff
                0x000000e0       0x30 Actions.o
                0x000000e0                angle_diff
 .text.get_safe_azimuth
                0x00000110       0xaa Actions.o
                0x00000110                get_safe_azimuth
 .text.AutoMotorControl
                0x000001ba      0x2a2 Actions.o
                0x000001ba                AutoMotorControl
 .text.ManualMotorControl
                0x0000045c       0xa2 Actions.o
                0x0000045c                ManualMotorControl
 .text.ReadMotorData
                0x000004fe       0x40 Actions.o
                0x000004fe                ReadMotorData
 .text.work     0x0000053e       0xec Actions.o
                0x0000053e                work
 .text.ADC0_init
                0x0000062a       0x10 ADC.o
                0x0000062a                ADC0_init
 .text.ADC0_SetupJoystick
                0x0000063a        0xc ADC.o
                0x0000063a                ADC0_SetupJoystick
 .text.ADC0_SetupLinearMotor
                0x00000646       0x20 ADC.o
                0x00000646                ADC0_SetupLinearMotor
 .text.ADC0_SetupStepper
                0x00000666       0x20 ADC.o
                0x00000666                ADC0_SetupStepper
 .text.ADC0_SetupSysVoltage
                0x00000686        0xc ADC.o
                0x00000686                ADC0_SetupSysVoltage
 .text.ADC0_read
                0x00000692       0x28 ADC.o
                0x00000692                ADC0_read
 .text.Read_MCU_Voltge
                0x000006ba       0x26 ADC.o
                0x000006ba                Read_MCU_Voltge
 .text.CLOCK_XOSCHF_clock_init
                0x000006e0       0x1e CLK.o
                0x000006e0                CLOCK_XOSCHF_clock_init
 .text.crc8_cdma2000
                0x000006fe      0x10e CRC.o
                0x000006fe                crc8_cdma2000
 .text.verify_crc8_cdma2000_v2
                0x0000080c       0x32 CRC.o
                0x0000080c                verify_crc8_cdma2000_v2
 .text.hexToUint64
                0x0000083e       0xb2 FOUSART.o
                0x0000083e                hexToUint64
 .text.FODataSplitter
                0x000008f0      0x242 FOUSART.o
                0x000008f0                FODataSplitter
 .text.FOReceiver
                0x00000b32       0xbc FOUSART.o
                0x00000b32                FOReceiver
 .text.GPIO_init
                0x00000bee       0x68 GPIO.o
                0x00000bee                GPIO_init
 .text.I2C_recover
                0x00000c56       0x1c i2c.o
                0x00000c56                I2C_recover
 .text.I2C_init
                0x00000c72       0x20 i2c.o
                0x00000c72                I2C_init
 .text.TransmitAdd
                0x00000c92       0x84 i2c.o
                0x00000c92                TransmitAdd
 .text.TransmitByte
                0x00000d16       0x72 i2c.o
                0x00000d16                TransmitByte
 .text.WriteToReg
                0x00000d88       0x4e i2c.o
                0x00000d88                WriteToReg
 .text.ReadButton
                0x00000dd6        0xe Joystick.o
                0x00000dd6                ReadButton
 .text.LatchSwitcher
                0x00000de4       0x2c Joystick.o
                0x00000de4                LatchSwitcher
 .text.ReadJoystickValues
                0x00000e10       0x4c Joystick.o
                0x00000e10                ReadJoystickValues
 .text.SelectWindow
                0x00000e5c       0x1e Joystick.o
                0x00000e5c                SelectWindow
 .text.LinearMotor_enable
                0x00000e7a       0x20 LinearMotor.o
                0x00000e7a                LinearMotor_enable
 .text.LinearMotor_disable
                0x00000e9a       0x20 LinearMotor.o
                0x00000e9a                LinearMotor_disable
 .text.LinearMotor_start
                0x00000eba       0x24 LinearMotor.o
                0x00000eba                LinearMotor_start
 .text.LinearMotor_stop
                0x00000ede       0x3c LinearMotor.o
                0x00000ede                LinearMotor_stop
 .text.LinearMotor_set_direction
                0x00000f1a       0x34 LinearMotor.o
                0x00000f1a                LinearMotor_set_direction
 .text.LinearMotor_init
                0x00000f4e       0x12 LinearMotor.o
                0x00000f4e                LinearMotor_init
 .text.Read_LinearMotor_Voltage
                0x00000f60       0x34 LinearMotor.o
                0x00000f60                Read_LinearMotor_Voltage
 .text.Read_LinearMotor_Current
                0x00000f94       0x30 LinearMotor.o
                0x00000f94                Read_LinearMotor_Current
 .text.main     0x00000fc4       0x52 main.o
                0x00000fc4                main
 .text.RS485_Led
                0x00001016       0x30 RS485LED.o
                0x00001016                RS485_Led
 .text.RS485DataSplitter
                0x00001046      0x242 RS485USART.o
                0x00001046                RS485DataSplitter
 .text.RS485Receiver
                0x00001288       0xa8 RS485USART.o
                0x00001288                RS485Receiver
 .text.screen_command
                0x00001330        0xc SSD1306.o
                0x00001330                screen_command
 .text.screen_data
                0x0000133c        0xc SSD1306.o
                0x0000133c                screen_data
 .text.screen_init
                0x00001348       0x26 SSD1306.o
                0x00001348                screen_init
 .text.screen_draw_char
                0x0000136e       0x68 SSD1306.o
                0x0000136e                screen_draw_char
 .text.screen_clear
                0x000013d6       0x4a SSD1306.o
                0x000013d6                screen_clear
 .text.screen_draw_text
                0x00001420       0x3e SSD1306.o
                0x00001420                screen_draw_text
 .text.screen_write_text
                0x0000145e       0x4e SSD1306.o
                0x0000145e                screen_write_text
 .text.calculate_start_pixel
                0x000014ac       0x4a SSD1306.o
                0x000014ac                calculate_start_pixel
 .text.screen_write_text_aligned
                0x000014f6       0x22 SSD1306.o
                0x000014f6                screen_write_text_aligned
 .text.screen_write_formatted_text
                0x00001518       0x3c SSD1306.o
                0x00001518                screen_write_formatted_text
 .text.Stepper_enable
                0x00001554       0x2c StepperMotor.o
                0x00001554                Stepper_enable
 .text.Stepper_disable
                0x00001580       0x2c StepperMotor.o
                0x00001580                Stepper_disable
 .text.Stepper_start
                0x000015ac       0x26 StepperMotor.o
                0x000015ac                Stepper_start
 .text.Stepper_stop
                0x000015d2       0x26 StepperMotor.o
                0x000015d2                Stepper_stop
 .text.Stepper_set_direction
                0x000015f8       0x34 StepperMotor.o
                0x000015f8                Stepper_set_direction
 .text.Stepper_init
                0x0000162c       0x10 StepperMotor.o
                0x0000162c                Stepper_init
 .text.Read_Stepper_Voltage
                0x0000163c       0x34 StepperMotor.o
                0x0000163c                Read_Stepper_Voltage
 .text.Read_Stepper_Current
                0x00001670       0x30 StepperMotor.o
                0x00001670                Read_Stepper_Current
 .text.TCA0_init_linear_PWM
                0x000016a0      0x120 TCA.o
                0x000016a0                TCA0_init_linear_PWM
 .text.TCD0_init_stepper_PWM
                0x000017c0       0xd4 TCD.o
                0x000017c0                TCD0_init_stepper_PWM
 .text.USART0_init
                0x00001894       0x1a USART.o
                0x00001894                USART0_init
 .text.USART0_readChar
                0x000018ae       0x74 USART.o
                0x000018ae                USART0_readChar
 .text.USART1_init
                0x00001922       0x16 USART.o
                0x00001922                USART1_init
 .text.USART1_readChar
                0x00001938       0x2e USART.o
                0x00001938                USART1_readChar
 .text.screenUpdater
                0x00001966      0x240 Windows.o
                0x00001966                screenUpdater
 .text.windows  0x00001ba6      0x772 Windows.o
                0x00001ba6                windows
 .text.avr-libc.fplib
                0x00002318        0x8 c:/program files (x86)/atmel/studio/7.0/toolchain/avr8/avr8-gnu-toolchain/bin/../lib/gcc/avr/5.4.0/../../../../avr/lib/avrxmega2\libm.a(divsf3.o)
                0x00002318                __divsf3
 .text.avr-libc.fplib
                0x00002320       0xdc c:/program files (x86)/atmel/studio/7.0/toolchain/avr8/avr8-gnu-toolchain/bin/../lib/gcc/avr/5.4.0/../../../../avr/lib/avrxmega2\libm.a(divsf3x.o)
                0x00002340                __divsf3x
                0x00002346                __divsf3_pse
 .text.avr-libc.fplib
                0x000023fc       0x5e c:/program files (x86)/atmel/studio/7.0/toolchain/avr8/avr8-gnu-toolchain/bin/../lib/gcc/avr/5.4.0/../../../../avr/lib/avrxmega2\libm.a(fixunssfsi.o)
                0x000023fc                __fixunssfsi
 .text.avr-libc.fplib
                0x0000245a       0x7a c:/program files (x86)/atmel/studio/7.0/toolchain/avr8/avr8-gnu-toolchain/bin/../lib/gcc/avr/5.4.0/../../../../avr/lib/avrxmega2\libm.a(floatsisf.o)
                0x0000245a                __floatunsisf
                0x0000245e                __floatsisf
 .text.avr-libc.fplib
                0x000024d4        0xc c:/program files (x86)/atmel/studio/7.0/toolchain/avr8/avr8-gnu-toolchain/bin/../lib/gcc/avr/5.4.0/../../../../avr/lib/avrxmega2\libm.a(fp_inf.o)
                0x000024d4                __fp_inf
 .text.avr-libc.fplib
                0x000024e0        0x6 c:/program files (x86)/atmel/studio/7.0/toolchain/avr8/avr8-gnu-toolchain/bin/../lib/gcc/avr/5.4.0/../../../../avr/lib/avrxmega2\libm.a(fp_nan.o)
                0x000024e0                __fp_nan
 .text.avr-libc.fplib
                0x000024e6        0xe c:/program files (x86)/atmel/studio/7.0/toolchain/avr8/avr8-gnu-toolchain/bin/../lib/gcc/avr/5.4.0/../../../../avr/lib/avrxmega2\libm.a(fp_pscA.o)
                0x000024e6                __fp_pscA
 .text.avr-libc.fplib
                0x000024f4        0xe c:/program files (x86)/atmel/studio/7.0/toolchain/avr8/avr8-gnu-toolchain/bin/../lib/gcc/avr/5.4.0/../../../../avr/lib/avrxmega2\libm.a(fp_pscB.o)
                0x000024f4                __fp_pscB
 .text.avr-libc.fplib
                0x00002502       0x22 c:/program files (x86)/atmel/studio/7.0/toolchain/avr8/avr8-gnu-toolchain/bin/../lib/gcc/avr/5.4.0/../../../../avr/lib/avrxmega2\libm.a(fp_round.o)
                0x00002502                __fp_round
 .text.avr-libc.fplib
                0x00002524       0x44 c:/program files (x86)/atmel/studio/7.0/toolchain/avr8/avr8-gnu-toolchain/bin/../lib/gcc/avr/5.4.0/../../../../avr/lib/avrxmega2\libm.a(fp_split3.o)
                0x00002524                __fp_split3
                0x00002534                __fp_splitA
 .text.avr-libc.fplib
                0x00002568        0xe c:/program files (x86)/atmel/studio/7.0/toolchain/avr8/avr8-gnu-toolchain/bin/../lib/gcc/avr/5.4.0/../../../../avr/lib/avrxmega2\libm.a(fp_zero.o)
                0x00002568                __fp_zero
                0x0000256a                __fp_szero
 .text.avr-libc.fplib
                0x00002576        0x8 c:/program files (x86)/atmel/studio/7.0/toolchain/avr8/avr8-gnu-toolchain/bin/../lib/gcc/avr/5.4.0/../../../../avr/lib/avrxmega2\libm.a(mulsf3.o)
                0x00002576                __mulsf3
 .text.avr-libc.fplib
                0x0000257e       0xd2 c:/program files (x86)/atmel/studio/7.0/toolchain/avr8/avr8-gnu-toolchain/bin/../lib/gcc/avr/5.4.0/../../../../avr/lib/avrxmega2\libm.a(mulsf3x.o)
                0x0000259c                __mulsf3x
                0x000025a2                __mulsf3_pse
 .text.libgcc.div
                0x00002650       0x28 c:/program files (x86)/atmel/studio/7.0/toolchain/avr8/avr8-gnu-toolchain/bin/../lib/gcc/avr/5.4.0/avrxmega2\libgcc.a(_divmodhi4.o)
                0x00002650                _div
                0x00002650                __divmodhi4
 .text.libgcc.div
                0x00002678       0x44 c:/program files (x86)/atmel/studio/7.0/toolchain/avr8/avr8-gnu-toolchain/bin/../lib/gcc/avr/5.4.0/avrxmega2\libgcc.a(_udivmodsi4.o)
                0x00002678                __udivmodsi4
 .text.libgcc.div
                0x000026bc       0x2e c:/program files (x86)/atmel/studio/7.0/toolchain/avr8/avr8-gnu-toolchain/bin/../lib/gcc/avr/5.4.0/avrxmega2\libgcc.a(_divmodsi4.o)
                0x000026bc                __divmodsi4
 .text.libgcc.div
                0x000026ea       0x10 c:/program files (x86)/atmel/studio/7.0/toolchain/avr8/avr8-gnu-toolchain/bin/../lib/gcc/avr/5.4.0/avrxmega2\libgcc.a(_negsi2.o)
                0x000026ea                __negsi2
 .text.libgcc.mul
                0x000026fa       0x1e c:/program files (x86)/atmel/studio/7.0/toolchain/avr8/avr8-gnu-toolchain/bin/../lib/gcc/avr/5.4.0/avrxmega2\libgcc.a(_umulhisi3.o)
                0x000026fa                __umulhisi3
 .text.libgcc.builtins
                0x00002718       0x32 c:/program files (x86)/atmel/studio/7.0/toolchain/avr8/avr8-gnu-toolchain/bin/../lib/gcc/avr/5.4.0/avrxmega2\libgcc.a(_ashldi3.o)
                0x00002718                __ashldi3
 .text.libgcc.builtins
                0x0000274a       0x3c c:/program files (x86)/atmel/studio/7.0/toolchain/avr8/avr8-gnu-toolchain/bin/../lib/gcc/avr/5.4.0/avrxmega2\libgcc.a(_ashrdi3.o)
                0x0000274a                __ashrdi3
                0x0000274e                __lshrdi3
 .text.libgcc   0x00002786       0x18 c:/program files (x86)/atmel/studio/7.0/toolchain/avr8/avr8-gnu-toolchain/bin/../lib/gcc/avr/5.4.0/avrxmega2\libgcc.a(_adddi3_s8.o)
                0x00002786                __adddi3_s8
 .text.libgcc   0x0000279e       0x18 c:/program files (x86)/atmel/studio/7.0/toolchain/avr8/avr8-gnu-toolchain/bin/../lib/gcc/avr/5.4.0/avrxmega2\libgcc.a(_cmpdi2_s8.o)
                0x0000279e                __cmpdi2_s8
 .text.libgcc.div
                0x000027b6       0x28 c:/program files (x86)/atmel/studio/7.0/toolchain/avr8/avr8-gnu-toolchain/bin/../lib/gcc/avr/5.4.0/avrxmega2\libgcc.a(_udivmodhi4.o)
                0x000027b6                __udivmodhi4
 .text.avr-libc
                0x000027de      0x22c c:/program files (x86)/atmel/studio/7.0/toolchain/avr8/avr8-gnu-toolchain/bin/../lib/gcc/avr/5.4.0/../../../../avr/lib/avrxmega2\libc.a(strtol.o)
                0x000027de                strtol
 .text.avr-libc
                0x00002a0a       0x12 c:/program files (x86)/atmel/studio/7.0/toolchain/avr8/avr8-gnu-toolchain/bin/../lib/gcc/avr/5.4.0/../../../../avr/lib/avrxmega2\libc.a(isspace.o)
                0x00002a0a                isspace
 .text.avr-libc
                0x00002a1c       0x12 c:/program files (x86)/atmel/studio/7.0/toolchain/avr8/avr8-gnu-toolchain/bin/../lib/gcc/avr/5.4.0/../../../../avr/lib/avrxmega2\libc.a(memcpy.o)
                0x00002a1c                memcpy
 .text.avr-libc
                0x00002a2e       0x12 c:/program files (x86)/atmel/studio/7.0/toolchain/avr8/avr8-gnu-toolchain/bin/../lib/gcc/avr/5.4.0/../../../../avr/lib/avrxmega2\libc.a(strcmp.o)
                0x00002a2e                strcmp
 .text.avr-libc
                0x00002a40        0xe c:/program files (x86)/atmel/studio/7.0/toolchain/avr8/avr8-gnu-toolchain/bin/../lib/gcc/avr/5.4.0/../../../../avr/lib/avrxmega2\libc.a(strcpy.o)
                0x00002a40                strcpy
 .text.avr-libc
                0x00002a4e       0x1c c:/program files (x86)/atmel/studio/7.0/toolchain/avr8/avr8-gnu-toolchain/bin/../lib/gcc/avr/5.4.0/../../../../avr/lib/avrxmega2\libc.a(strncmp.o)
                0x00002a4e                strncmp
 .text.avr-libc
                0x00002a6a       0x1e c:/program files (x86)/atmel/studio/7.0/toolchain/avr8/avr8-gnu-toolchain/bin/../lib/gcc/avr/5.4.0/../../../../avr/lib/avrxmega2\libc.a(strncpy.o)
                0x00002a6a                strncpy
 .text.avr-libc
                0x00002a88       0x58 c:/program files (x86)/atmel/studio/7.0/toolchain/avr8/avr8-gnu-toolchain/bin/../lib/gcc/avr/5.4.0/../../../../avr/lib/avrxmega2\libc.a(vsnprintf.o)
                0x00002a88                vsnprintf
 .text.avr-libc
                0x00002ae0      0x3c2 c:/program files (x86)/atmel/studio/7.0/toolchain/avr8/avr8-gnu-toolchain/bin/../lib/gcc/avr/5.4.0/../../../../avr/lib/avrxmega2\libc.a(vfprintf_std.o)
                0x00002ae0                vfprintf
 .text.avr-libc
                0x00002ea2        0x6 c:/program files (x86)/atmel/studio/7.0/toolchain/avr8/avr8-gnu-toolchain/bin/../lib/gcc/avr/5.4.0/../../../../avr/lib/avrxmega2\libc.a(cty_isfalse.o)
                0x00002ea2                __ctype_isfalse
                0x00002ea6                __ctype_istrue
 .text.avr-libc
                0x00002ea8       0x16 c:/program files (x86)/atmel/studio/7.0/toolchain/avr8/avr8-gnu-toolchain/bin/../lib/gcc/avr/5.4.0/../../../../avr/lib/avrxmega2\libc.a(strnlen_P.o)
                0x00002ea8                strnlen_P
 .text.avr-libc
                0x00002ebe       0x16 c:/program files (x86)/atmel/studio/7.0/toolchain/avr8/avr8-gnu-toolchain/bin/../lib/gcc/avr/5.4.0/../../../../avr/lib/avrxmega2\libc.a(strnlen.o)
                0x00002ebe                strnlen
 .text.avr-libc
                0x00002ed4       0x78 c:/program files (x86)/atmel/studio/7.0/toolchain/avr8/avr8-gnu-toolchain/bin/../lib/gcc/avr/5.4.0/../../../../avr/lib/avrxmega2\libc.a(fputc.o)
                0x00002ed4                fputc
 .text.avr-libc
                0x00002f4c       0xbc c:/program files (x86)/atmel/studio/7.0/toolchain/avr8/avr8-gnu-toolchain/bin/../lib/gcc/avr/5.4.0/../../../../avr/lib/avrxmega2\libc.a(ultoa_invert.o)
                0x00002f4c                __ultoa_invert
 .text.avr-libc
                0x00003008        0xc C:/Program Files (x86)/Atmel/Studio/7.0/Packs/Atmel/AVR-Dx_DFP/2.7.321/gcc/dev/avr64dd32/avrxmega2\libavr64dd32.a(ccp_write.o)
                0x00003008                ccp_write_io
 .text.libgcc.mul
                0x00003014       0x20 c:/program files (x86)/atmel/studio/7.0/toolchain/avr8/avr8-gnu-toolchain/bin/../lib/gcc/avr/5.4.0/avrxmega2\libgcc.a(_mulsi3.o)
                0x00003014                __mulsi3
 .text.libgcc.mul
                0x00003034       0x16 c:/program files (x86)/atmel/studio/7.0/toolchain/avr8/avr8-gnu-toolchain/bin/../lib/gcc/avr/5.4.0/avrxmega2\libgcc.a(_muluhisi3.o)
                0x00003034                __muluhisi3
 .text.libgcc.prologue
                0x0000304a       0x32 c:/program files (x86)/atmel/studio/7.0/toolchain/avr8/avr8-gnu-toolchain/bin/../lib/gcc/avr/5.4.0/avrxmega2\libgcc.a(_prologue.o)
                0x0000304a                __prologue_saves__
 .text.libgcc.prologue
                0x0000307c       0x30 c:/program files (x86)/atmel/studio/7.0/toolchain/avr8/avr8-gnu-toolchain/bin/../lib/gcc/avr/5.4.0/avrxmega2\libgcc.a(_epilogue.o)
                0x0000307c                __epilogue_restores__
                0x000030ac                . = ALIGN (0x2)
 *(.fini9)
 .fini9         0x000030ac        0x0 c:/program files (x86)/atmel/studio/7.0/toolchain/avr8/avr8-gnu-toolchain/bin/../lib/gcc/avr/5.4.0/avrxmega2\libgcc.a(_exit.o)
                0x000030ac                _exit
                0x000030ac                exit
 *(.fini9)
 *(.fini8)
 *(.fini8)
 *(.fini7)
 *(.fini7)
 *(.fini6)
 *(.fini6)
 *(.fini5)
 *(.fini5)
 *(.fini4)
 *(.fini4)
 *(.fini3)
 *(.fini3)
 *(.fini2)
 *(.fini2)
 *(.fini1)
 *(.fini1)
 *(.fini0)
 .fini0         0x000030ac        0x4 c:/program files (x86)/atmel/studio/7.0/toolchain/avr8/avr8-gnu-toolchain/bin/../lib/gcc/avr/5.4.0/avrxmega2\libgcc.a(_exit.o)
 *(.fini0)
                0x000030b0                _etext = .

.data           0x00806000      0x602 load address 0x000030b0
                0x00806000                PROVIDE (__data_start, .)
 *(.data)
 *(.data*)
 .data.StepperMotorCtrl
                0x00806000       0x2b Actions.o
                0x00806000                StepperMotorCtrl
 .data.LinearMotorCtrl
                0x0080602b       0x2b Actions.o
                0x0080602b                LinearMotorCtrl
 .data.Target   0x00806056        0xa Actions.o
                0x00806056                Target
 .data.font     0x00806060      0x325 SSD1306.o
                0x00806060                font
 .data.ssd1306Commands
                0x00806385       0x1a SSD1306.o
                0x00806385                ssd1306Commands
 *(.gnu.linkonce.d*)
 *(.rodata)
 .rodata        0x0080639f        0x5 FOUSART.o
 .rodata        0x008063a4        0x6 RS485USART.o
 .rodata        0x008063aa       0x18 TCA.o
 *(.rodata*)
 .rodata.crc8_table
                0x008063c2      0x100 CRC.o
                0x008063c2                crc8_table
 .rodata.str1.1
                0x008064c2        0xf FOUSART.o
 .rodata.str1.1
                0x008064d1      0x130 Windows.o
                                0x13d (size before relaxing)
 *(.gnu.linkonce.r*)
                0x00806602                . = ALIGN (0x2)
 *fill*         0x00806601        0x1 
                0x00806602                _edata = .
                0x00806602                PROVIDE (__data_end, .)

.bss            0x00806602       0x80
                0x00806602                PROVIDE (__bss_start, .)
 *(.bss)
 *(.bss*)
 .bss.SensorData
                0x00806602       0x28 FOUSART.o
                0x00806602                SensorData
 .bss.I2C       0x0080662a        0x1 i2c.o
                0x0080662a                I2C
 .bss.Joystick  0x0080662b        0x8 Joystick.o
                0x0080662b                Joystick
 .bss.LinearMotor
                0x00806633        0xb LinearMotor.o
                0x00806633                LinearMotor
 .bss.WSData    0x0080663e        0xd RS485USART.o
                0x0080663e                WSData
 .bss.StepperMotor
                0x0080664b        0xb StepperMotor.o
                0x0080664b                StepperMotor
 .bss.show      0x00806656       0x2a Windows.o
                0x00806656                show
 *(COMMON)
 COMMON         0x00806680        0x2 c:/program files (x86)/atmel/studio/7.0/toolchain/avr8/avr8-gnu-toolchain/bin/../lib/gcc/avr/5.4.0/../../../../avr/lib/avrxmega2\libc.a(errno.o)
                0x00806680                errno
                0x00806682                PROVIDE (__bss_end, .)
                0x000030b0                __data_load_start = LOADADDR (.data)
                0x000036b2                __data_load_end = (__data_load_start + SIZEOF (.data))

.noinit         0x00806682        0x0
                [!provide]                PROVIDE (__noinit_start, .)
 *(.noinit*)
                [!provide]                PROVIDE (__noinit_end, .)
                0x00806682                _end = .
                [!provide]                PROVIDE (__heap_start, .)

.eeprom         0x00810000        0x0
 *(.eeprom*)
                0x00810000                __eeprom_end = .

.fuse
 *(.fuse)
 *(.lfuse)
 *(.hfuse)
 *(.efuse)

.lock
 *(.lock*)

.signature
 *(.signature*)

.user_signatures
 *(.user_signatures*)

.stab
 *(.stab)

.stabstr
 *(.stabstr)

.stab.excl
 *(.stab.excl)

.stab.exclstr
 *(.stab.exclstr)

.stab.index
 *(.stab.index)

.stab.indexstr
 *(.stab.indexstr)

.comment        0x00000000       0x5c
 *(.comment)
 .comment       0x00000000       0x30 Actions.o
                                 0x31 (size before relaxing)
 .comment       0x00000030       0x31 ADC.o
 .comment       0x00000030       0x31 CLK.o
 .comment       0x00000030       0x31 CRC.o
 .comment       0x00000030       0x31 FOUSART.o
 .comment       0x00000030       0x31 GPIO.o
 .comment       0x00000030       0x31 i2c.o
 .comment       0x00000030       0x31 Joystick.o
 .comment       0x00000030       0x31 LinearMotor.o
 .comment       0x00000030       0x31 main.o
 .comment       0x00000030       0x31 RS485LED.o
 .comment       0x00000030       0x31 RS485USART.o
 .comment       0x00000030       0x31 SSD1306.o
 .comment       0x00000030       0x31 StepperMotor.o
 .comment       0x00000030       0x31 TCA.o
 .comment       0x00000030       0x31 TCD.o
 .comment       0x00000030       0x31 USART.o
 .comment       0x00000030       0x31 Windows.o
 .comment       0x00000030       0x31 c:/program files (x86)/atmel/studio/7.0/toolchain/avr8/avr8-gnu-toolchain/bin/../lib/gcc/avr/5.4.0/../../../../avr/lib/avrxmega2\libc.a(strtol.o)
 .comment       0x00000030       0x31 c:/program files (x86)/atmel/studio/7.0/toolchain/avr8/avr8-gnu-toolchain/bin/../lib/gcc/avr/5.4.0/../../../../avr/lib/avrxmega2\libc.a(vsnprintf.o)
 .comment       0x00000030       0x2c c:/program files (x86)/atmel/studio/7.0/toolchain/avr8/avr8-gnu-toolchain/bin/../lib/gcc/avr/5.4.0/../../../../avr/lib/avrxmega2\libc.a(vfprintf_std.o)
                                 0x2d (size before relaxing)
 .comment       0x0000005c       0x2d c:/program files (x86)/atmel/studio/7.0/toolchain/avr8/avr8-gnu-toolchain/bin/../lib/gcc/avr/5.4.0/../../../../avr/lib/avrxmega2\libc.a(errno.o)
 .comment       0x0000005c       0x31 c:/program files (x86)/atmel/studio/7.0/toolchain/avr8/avr8-gnu-toolchain/bin/../lib/gcc/avr/5.4.0/../../../../avr/lib/avrxmega2\libc.a(fputc.o)

.note.gnu.avr.deviceinfo
                0x00000000       0x3c
 .note.gnu.avr.deviceinfo
                0x00000000       0x3c C:/Program Files (x86)/Atmel/Studio/7.0/Packs/Atmel/AVR-Dx_DFP/2.7.321/gcc/dev/avr64dd32/avrxmega2/crtavr64dd32.o

.note.gnu.build-id
 *(.note.gnu.build-id)

.debug
 *(.debug)

.line
 *(.line)

.debug_srcinfo
 *(.debug_srcinfo)

.debug_sfnames
 *(.debug_sfnames)

.debug_aranges  0x00000000      0x458
 *(.debug_aranges)
 .debug_aranges
                0x00000000       0x50 Actions.o
 .debug_aranges
                0x00000050       0x50 ADC.o
 .debug_aranges
                0x000000a0       0x28 CLK.o
 .debug_aranges
                0x000000c8       0x30 CRC.o
 .debug_aranges
                0x000000f8       0x30 FOUSART.o
 .debug_aranges
                0x00000128       0x20 GPIO.o
 .debug_aranges
                0x00000148       0x40 i2c.o
 .debug_aranges
                0x00000188       0x38 Joystick.o
 .debug_aranges
                0x000001c0       0x60 LinearMotor.o
 .debug_aranges
                0x00000220       0x20 main.o
 .debug_aranges
                0x00000240       0x20 RS485LED.o
 .debug_aranges
                0x00000260       0x28 RS485USART.o
 .debug_aranges
                0x00000288       0x70 SSD1306.o
 .debug_aranges
                0x000002f8       0x68 StepperMotor.o
 .debug_aranges
                0x00000360       0x20 TCA.o
 .debug_aranges
                0x00000380       0x20 TCD.o
 .debug_aranges
                0x000003a0       0x70 USART.o
 .debug_aranges
                0x00000410       0x28 Windows.o
 .debug_aranges
                0x00000438       0x20 C:/Program Files (x86)/Atmel/Studio/7.0/Packs/Atmel/AVR-Dx_DFP/2.7.321/gcc/dev/avr64dd32/avrxmega2\libavr64dd32.a(ccp_write.o)

.debug_pubnames
 *(.debug_pubnames)

.debug_info     0x00000000     0x9301
 *(.debug_info .gnu.linkonce.wi.*)
 .debug_info    0x00000000     0x22a4 C:/Program Files (x86)/Atmel/Studio/7.0/Packs/Atmel/AVR-Dx_DFP/2.7.321/gcc/dev/avr64dd32/avrxmega2/crtavr64dd32.o
 .debug_info    0x000022a4      0xa53 Actions.o
 .debug_info    0x00002cf7      0x5b6 ADC.o
 .debug_info    0x000032ad      0x351 CLK.o
 .debug_info    0x000035fe      0x1e9 CRC.o
 .debug_info    0x000037e7      0x667 FOUSART.o
 .debug_info    0x00003e4e      0x443 GPIO.o
 .debug_info    0x00004291      0x650 i2c.o
 .debug_info    0x000048e1      0x4be Joystick.o
 .debug_info    0x00004d9f      0xc2d LinearMotor.o
 .debug_info    0x000059cc      0x267 main.o
 .debug_info    0x00005c33      0x2a2 RS485LED.o
 .debug_info    0x00005ed5      0x5a8 RS485USART.o
 .debug_info    0x0000647d      0x687 SSD1306.o
 .debug_info    0x00006b04      0x9db StepperMotor.o
 .debug_info    0x000074df      0x921 TCA.o
 .debug_info    0x00007e00      0x5cc TCD.o
 .debug_info    0x000083cc      0x8a6 USART.o
 .debug_info    0x00008c72      0x5e6 Windows.o
 .debug_info    0x00009258       0xa9 C:/Program Files (x86)/Atmel/Studio/7.0/Packs/Atmel/AVR-Dx_DFP/2.7.321/gcc/dev/avr64dd32/avrxmega2\libavr64dd32.a(ccp_write.o)

.debug_abbrev   0x00000000     0x3cb0
 *(.debug_abbrev)
 .debug_abbrev  0x00000000     0x20ce C:/Program Files (x86)/Atmel/Studio/7.0/Packs/Atmel/AVR-Dx_DFP/2.7.321/gcc/dev/avr64dd32/avrxmega2/crtavr64dd32.o
 .debug_abbrev  0x000020ce      0x1cd Actions.o
 .debug_abbrev  0x0000229b      0x193 ADC.o
 .debug_abbrev  0x0000242e       0xe5 CLK.o
 .debug_abbrev  0x00002513      0x10d CRC.o
 .debug_abbrev  0x00002620      0x1b5 FOUSART.o
 .debug_abbrev  0x000027d5       0xbc GPIO.o
 .debug_abbrev  0x00002891      0x1f8 i2c.o
 .debug_abbrev  0x00002a89      0x178 Joystick.o
 .debug_abbrev  0x00002c01      0x285 LinearMotor.o
 .debug_abbrev  0x00002e86       0xfe main.o
 .debug_abbrev  0x00002f84       0xcb RS485LED.o
 .debug_abbrev  0x0000304f      0x1a2 RS485USART.o
 .debug_abbrev  0x000031f1      0x1bb SSD1306.o
 .debug_abbrev  0x000033ac      0x269 StepperMotor.o
 .debug_abbrev  0x00003615      0x150 TCA.o
 .debug_abbrev  0x00003765      0x13c TCD.o
 .debug_abbrev  0x000038a1      0x2ac USART.o
 .debug_abbrev  0x00003b4d      0x14f Windows.o
 .debug_abbrev  0x00003c9c       0x14 C:/Program Files (x86)/Atmel/Studio/7.0/Packs/Atmel/AVR-Dx_DFP/2.7.321/gcc/dev/avr64dd32/avrxmega2\libavr64dd32.a(ccp_write.o)

.debug_line     0x00000000     0x30d0
 *(.debug_line .debug_line.* .debug_line_end)
 .debug_line    0x00000000      0x16f C:/Program Files (x86)/Atmel/Studio/7.0/Packs/Atmel/AVR-Dx_DFP/2.7.321/gcc/dev/avr64dd32/avrxmega2/crtavr64dd32.o
 .debug_line    0x0000016f      0x564 Actions.o
 .debug_line    0x000006d3      0x206 ADC.o
 .debug_line    0x000008d9      0x1a7 CLK.o
 .debug_line    0x00000a80      0x1c2 CRC.o
 .debug_line    0x00000c42      0x2ed FOUSART.o
 .debug_line    0x00000f2f      0x177 GPIO.o
 .debug_line    0x000010a6      0x33e i2c.o
 .debug_line    0x000013e4      0x1d9 Joystick.o
 .debug_line    0x000015bd      0x331 LinearMotor.o
 .debug_line    0x000018ee      0x185 main.o
 .debug_line    0x00001a73      0x13f RS485LED.o
 .debug_line    0x00001bb2      0x26c RS485USART.o
 .debug_line    0x00001e1e      0x3f3 SSD1306.o
 .debug_line    0x00002211      0x342 StepperMotor.o
 .debug_line    0x00002553      0x18c TCA.o
 .debug_line    0x000026df      0x1a1 TCD.o
 .debug_line    0x00002880      0x395 USART.o
 .debug_line    0x00002c15      0x454 Windows.o
 .debug_line    0x00003069       0x67 C:/Program Files (x86)/Atmel/Studio/7.0/Packs/Atmel/AVR-Dx_DFP/2.7.321/gcc/dev/avr64dd32/avrxmega2\libavr64dd32.a(ccp_write.o)

.debug_frame    0x00000000      0xce8
 *(.debug_frame)
 .debug_frame   0x00000000      0x13c Actions.o
 .debug_frame   0x0000013c       0x84 ADC.o
 .debug_frame   0x000001c0       0x34 CLK.o
 .debug_frame   0x000001f4       0xb0 CRC.o
 .debug_frame   0x000002a4       0xbc FOUSART.o
 .debug_frame   0x00000360       0x24 GPIO.o
 .debug_frame   0x00000384       0x98 i2c.o
 .debug_frame   0x0000041c       0x68 Joystick.o
 .debug_frame   0x00000484       0xb8 LinearMotor.o
 .debug_frame   0x0000053c       0x24 main.o
 .debug_frame   0x00000560       0x24 RS485LED.o
 .debug_frame   0x00000584       0x8c RS485USART.o
 .debug_frame   0x00000610      0x140 SSD1306.o
 .debug_frame   0x00000750       0xc8 StepperMotor.o
 .debug_frame   0x00000818       0x68 TCA.o
 .debug_frame   0x00000880       0x4c TCD.o
 .debug_frame   0x000008cc      0x120 USART.o
 .debug_frame   0x000009ec      0x2fc Windows.o

.debug_str      0x00000000     0x3295
 *(.debug_str)
 .debug_str     0x00000000      0xefb C:/Program Files (x86)/Atmel/Studio/7.0/Packs/Atmel/AVR-Dx_DFP/2.7.321/gcc/dev/avr64dd32/avrxmega2/crtavr64dd32.o
 .debug_str     0x00000efb      0x5fd Actions.o
                                0x6c3 (size before relaxing)
 .debug_str     0x000014f8      0x64f ADC.o
                                0x819 (size before relaxing)
 .debug_str     0x00001b47      0x274 CLK.o
                                0x446 (size before relaxing)
 .debug_str     0x00001dbb       0x77 CRC.o
                                0x22a (size before relaxing)
 .debug_str     0x00001e32       0xbe FOUSART.o
                                0x379 (size before relaxing)
 .debug_str     0x00001ef0      0x3ee GPIO.o
                                0x5b2 (size before relaxing)
 .debug_str     0x000022de      0x28e i2c.o
                                0x45e (size before relaxing)
 .debug_str     0x0000256c       0x6f Joystick.o
                                0x5b5 (size before relaxing)
 .debug_str     0x000025db      0x235 LinearMotor.o
                                0x662 (size before relaxing)
 .debug_str     0x00002810       0x6e main.o
                                0x2a0 (size before relaxing)
 .debug_str     0x0000287e       0x50 RS485LED.o
                                0x2cd (size before relaxing)
 .debug_str     0x000028ce       0x4b RS485USART.o
                                0x321 (size before relaxing)
 .debug_str     0x00002919      0x18f SSD1306.o
                                0x393 (size before relaxing)
 .debug_str     0x00002aa8      0x1e9 StepperMotor.o
                                0x60e (size before relaxing)
 .debug_str     0x00002c91      0x147 TCA.o
                                0x5de (size before relaxing)
 .debug_str     0x00002dd8      0x135 TCD.o
                                0x4d3 (size before relaxing)
 .debug_str     0x00002f0d      0x35d USART.o
                                0x76a (size before relaxing)
 .debug_str     0x0000326a       0x2b Windows.o
                                0x4f1 (size before relaxing)

.debug_loc      0x00000000     0x3536
 *(.debug_loc)
 .debug_loc     0x00000000      0x697 Actions.o
 .debug_loc     0x00000697       0x74 ADC.o
 .debug_loc     0x0000070b      0x3da CRC.o
 .debug_loc     0x00000ae5      0x55f FOUSART.o
 .debug_loc     0x00001044      0x4e7 i2c.o
 .debug_loc     0x0000152b       0x49 Joystick.o
 .debug_loc     0x00001574      0x194 LinearMotor.o
 .debug_loc     0x00001708       0x73 main.o
 .debug_loc     0x0000177b       0x6c RS485LED.o
 .debug_loc     0x000017e7      0x301 RS485USART.o
 .debug_loc     0x00001ae8      0x566 SSD1306.o
 .debug_loc     0x0000204e      0x152 StepperMotor.o
 .debug_loc     0x000021a0      0x212 TCA.o
 .debug_loc     0x000023b2      0x13c TCD.o
 .debug_loc     0x000024ee      0x37c USART.o
 .debug_loc     0x0000286a      0xccc Windows.o

.debug_macinfo
 *(.debug_macinfo)

.debug_weaknames
 *(.debug_weaknames)

.debug_funcnames
 *(.debug_funcnames)

.debug_typenames
 *(.debug_typenames)

.debug_varnames
 *(.debug_varnames)

.debug_pubtypes
 *(.debug_pubtypes)

.debug_ranges   0x00000000      0x3c0
 *(.debug_ranges)
 .debug_ranges  0x00000000       0x40 Actions.o
 .debug_ranges  0x00000040       0x40 ADC.o
 .debug_ranges  0x00000080       0x18 CLK.o
 .debug_ranges  0x00000098       0x38 CRC.o
 .debug_ranges  0x000000d0       0x50 FOUSART.o
 .debug_ranges  0x00000120       0x10 GPIO.o
 .debug_ranges  0x00000130       0x30 i2c.o
 .debug_ranges  0x00000160       0x28 Joystick.o
 .debug_ranges  0x00000188       0x50 LinearMotor.o
 .debug_ranges  0x000001d8       0x10 main.o
 .debug_ranges  0x000001e8       0x10 RS485LED.o
 .debug_ranges  0x000001f8       0x48 RS485USART.o
 .debug_ranges  0x00000240       0x60 SSD1306.o
 .debug_ranges  0x000002a0       0x58 StepperMotor.o
 .debug_ranges  0x000002f8       0x10 TCA.o
 .debug_ranges  0x00000308       0x10 TCD.o
 .debug_ranges  0x00000318       0x60 USART.o
 .debug_ranges  0x00000378       0x48 Windows.o

.debug_macro
 *(.debug_macro)
OUTPUT(AVR64DD32-MAIN-Controller.elf elf32-avr)
LOAD linker stubs
