Archive member included to satisfy reference by file (symbol)

c:/program files (x86)/atmel/studio/7.0/toolchain/avr8/avr8-gnu-toolchain/bin/../lib/gcc/avr/5.4.0/../../../../avr/lib/avrxmega2\libm.a(divsf3.o)
                              TCD.o (__divsf3)
c:/program files (x86)/atmel/studio/7.0/toolchain/avr8/avr8-gnu-toolchain/bin/../lib/gcc/avr/5.4.0/../../../../avr/lib/avrxmega2\libm.a(divsf3x.o)
                              c:/program files (x86)/atmel/studio/7.0/toolchain/avr8/avr8-gnu-toolchain/bin/../lib/gcc/avr/5.4.0/../../../../avr/lib/avrxmega2\libm.a(divsf3.o) (__divsf3x)
c:/program files (x86)/atmel/studio/7.0/toolchain/avr8/avr8-gnu-toolchain/bin/../lib/gcc/avr/5.4.0/../../../../avr/lib/avrxmega2\libm.a(fixunssfsi.o)
                              ADC.o (__fixunssfsi)
c:/program files (x86)/atmel/studio/7.0/toolchain/avr8/avr8-gnu-toolchain/bin/../lib/gcc/avr/5.4.0/../../../../avr/lib/avrxmega2\libm.a(floatsisf.o)
                              ADC.o (__floatunsisf)
c:/program files (x86)/atmel/studio/7.0/toolchain/avr8/avr8-gnu-toolchain/bin/../lib/gcc/avr/5.4.0/../../../../avr/lib/avrxmega2\libm.a(fp_inf.o)
                              c:/program files (x86)/atmel/studio/7.0/toolchain/avr8/avr8-gnu-toolchain/bin/../lib/gcc/avr/5.4.0/../../../../avr/lib/avrxmega2\libm.a(divsf3x.o) (__fp_inf)
c:/program files (x86)/atmel/studio/7.0/toolchain/avr8/avr8-gnu-toolchain/bin/../lib/gcc/avr/5.4.0/../../../../avr/lib/avrxmega2\libm.a(fp_nan.o)
                              c:/program files (x86)/atmel/studio/7.0/toolchain/avr8/avr8-gnu-toolchain/bin/../lib/gcc/avr/5.4.0/../../../../avr/lib/avrxmega2\libm.a(divsf3x.o) (__fp_nan)
c:/program files (x86)/atmel/studio/7.0/toolchain/avr8/avr8-gnu-toolchain/bin/../lib/gcc/avr/5.4.0/../../../../avr/lib/avrxmega2\libm.a(fp_pscA.o)
                              c:/program files (x86)/atmel/studio/7.0/toolchain/avr8/avr8-gnu-toolchain/bin/../lib/gcc/avr/5.4.0/../../../../avr/lib/avrxmega2\libm.a(divsf3x.o) (__fp_pscA)
c:/program files (x86)/atmel/studio/7.0/toolchain/avr8/avr8-gnu-toolchain/bin/../lib/gcc/avr/5.4.0/../../../../avr/lib/avrxmega2\libm.a(fp_pscB.o)
                              c:/program files (x86)/atmel/studio/7.0/toolchain/avr8/avr8-gnu-toolchain/bin/../lib/gcc/avr/5.4.0/../../../../avr/lib/avrxmega2\libm.a(divsf3x.o) (__fp_pscB)
c:/program files (x86)/atmel/studio/7.0/toolchain/avr8/avr8-gnu-toolchain/bin/../lib/gcc/avr/5.4.0/../../../../avr/lib/avrxmega2\libm.a(fp_round.o)
                              c:/program files (x86)/atmel/studio/7.0/toolchain/avr8/avr8-gnu-toolchain/bin/../lib/gcc/avr/5.4.0/../../../../avr/lib/avrxmega2\libm.a(divsf3.o) (__fp_round)
c:/program files (x86)/atmel/studio/7.0/toolchain/avr8/avr8-gnu-toolchain/bin/../lib/gcc/avr/5.4.0/../../../../avr/lib/avrxmega2\libm.a(fp_split3.o)
                              c:/program files (x86)/atmel/studio/7.0/toolchain/avr8/avr8-gnu-toolchain/bin/../lib/gcc/avr/5.4.0/../../../../avr/lib/avrxmega2\libm.a(divsf3x.o) (__fp_split3)
c:/program files (x86)/atmel/studio/7.0/toolchain/avr8/avr8-gnu-toolchain/bin/../lib/gcc/avr/5.4.0/../../../../avr/lib/avrxmega2\libm.a(fp_zero.o)
                              c:/program files (x86)/atmel/studio/7.0/toolchain/avr8/avr8-gnu-toolchain/bin/../lib/gcc/avr/5.4.0/../../../../avr/lib/avrxmega2\libm.a(fixunssfsi.o) (__fp_zero)
c:/program files (x86)/atmel/studio/7.0/toolchain/avr8/avr8-gnu-toolchain/bin/../lib/gcc/avr/5.4.0/../../../../avr/lib/avrxmega2\libm.a(mulsf3.o)
                              ADC.o (__mulsf3)
c:/program files (x86)/atmel/studio/7.0/toolchain/avr8/avr8-gnu-toolchain/bin/../lib/gcc/avr/5.4.0/../../../../avr/lib/avrxmega2\libm.a(mulsf3x.o)
                              c:/program files (x86)/atmel/studio/7.0/toolchain/avr8/avr8-gnu-toolchain/bin/../lib/gcc/avr/5.4.0/../../../../avr/lib/avrxmega2\libm.a(mulsf3.o) (__mulsf3x)
c:/program files (x86)/atmel/studio/7.0/toolchain/avr8/avr8-gnu-toolchain/bin/../lib/gcc/avr/5.4.0/avrxmega2\libgcc.a(_divmodhi4.o)
                              Actions.o (__divmodhi4)
c:/program files (x86)/atmel/studio/7.0/toolchain/avr8/avr8-gnu-toolchain/bin/../lib/gcc/avr/5.4.0/avrxmega2\libgcc.a(_udivmodsi4.o)
                              TCA.o (__udivmodsi4)
c:/program files (x86)/atmel/studio/7.0/toolchain/avr8/avr8-gnu-toolchain/bin/../lib/gcc/avr/5.4.0/avrxmega2\libgcc.a(_divmodsi4.o)
                              TCA.o (__divmodsi4)
c:/program files (x86)/atmel/studio/7.0/toolchain/avr8/avr8-gnu-toolchain/bin/../lib/gcc/avr/5.4.0/avrxmega2\libgcc.a(_negsi2.o)
                              c:/program files (x86)/atmel/studio/7.0/toolchain/avr8/avr8-gnu-toolchain/bin/../lib/gcc/avr/5.4.0/avrxmega2\libgcc.a(_divmodsi4.o) (__negsi2)
c:/program files (x86)/atmel/studio/7.0/toolchain/avr8/avr8-gnu-toolchain/bin/../lib/gcc/avr/5.4.0/avrxmega2\libgcc.a(_exit.o)
[...]
Memory Configuration

Name             Origin             Length             Attributes
text             0x00000000         0x00010000         xr
data             0x00806000         0x00002000         rw !x
eeprom           0x00810000         0x00000100         rw !x
fuse             0x00820000         0x00000010         rw !x
lock             0x00830000         0x00000400         rw !x
signature        0x00840000         0x00000400         rw !x
user_signatures  0x00850000         0x00000400         rw !x
*default*        0x00000000         0xffffffff

Linker script and memory map

Address of section .data set to 0x806000
                0x00008000                __RODATA_PM_OFFSET__ = 0x8000
LOAD C:/Program Files (x86)/Atmel/Studio/7.0/Packs/Atmel/AVR-Dx_DFP/2.7.321/gcc/dev/avr64dd32/avrxmega2/crtavr64dd32.o
LOAD Actions.o
LOAD ADC.o
LOAD CLK.o
LOAD CRC.o
LOAD FOUSART.o
LOAD GPIO.o
LOAD i2c.o
LOAD Joystick.o
LOAD LinearMotor.o
LOAD main.o
LOAD RS485LED.o
LOAD RS485USART.o
LOAD SSD1306.o
LOAD StepperMotor.o
LOAD TCA.o
LOAD TCD.o
LOAD USART.o
LOAD Windows.o
START GROUP
LOAD c:/program files (x86)/atmel/studio/7.0/toolchain/avr8/avr8-gnu-toolchain/bin/../lib/gcc/avr/5.4.0/../../../../avr/lib/avrxmega2\libm.a
END GROUP
START GROUP
LOAD c:/program files (x86)/atmel/studio/7.0/toolchain/avr8/avr8-gnu-toolchain/bin/../lib/gcc/avr/5.4.0/avrxmega2\libgcc.a
LOAD c:/program files (x86)/atmel/studio/7.0/toolchain/avr8/avr8-gnu-toolchain/bin/../lib/gcc/avr/5.4.0/../../../../avr/lib/avrxmega2\libm.a
LOAD c:/program files (x86)/atmel/studio/7.0/toolchain/avr8/avr8-gnu-toolchain/bin/../lib/gcc/avr/5.4.0/../../../../avr/lib/avrxmega2\libc.a
LOAD C:/Program Files (x86)/Atmel/Studio/7.0/Packs/Atmel/AVR-Dx_DFP/2.7.321/gcc/dev/avr64dd32/avrxmega2\libavr64dd32.a
END GROUP
                [0x00000000]                __TEXT_REGION_ORIGIN__ = DEFINED (__TEXT_REGION_ORIGIN__)?__TEXT_REGION_ORIGIN__:0x0
                [0x00806000]                __DATA_REGION_ORIGIN__ = DEFINED (__DATA_REGION_ORIGIN__)?__DATA_REGION_ORIGIN__:0x802000
                [0x00010000]                __TEXT_REGION_LENGTH__ = DEFINED (__TEXT_REGION_LENGTH__)?__TEXT_REGION_LENGTH__:0x100000
                [0x00002000]                __DATA_REGION_LENGTH__ = DEFINED (__DATA_REGION_LENGTH__)?__DATA_REGION_LENGTH__:0xffa0
                [0x00000100]                __EEPROM_REGION_LENGTH__ = DEFINED (__EEPROM_REGION_LENGTH__)?__EEPROM_REGION_LENGTH__:0x10000
                [0x00000010]                __FUSE_REGION_LENGTH__ = DEFINED (__FUSE_REGION_LENGTH__)?__FUSE_REGION_LENGTH__:0x400
                0x00000400                __LOCK_REGION_LENGTH__ = DEFINED (__LOCK_REGION_LENGTH__)?__LOCK_REGION_LENGTH__:0x400
                0x00000400                __SIGNATURE_REGION_LENGTH__ = DEFINED (__SIGNATURE_REGION_LENGTH__)?__SIGNATURE_REGION_LENGTH__:0x400
                0x00000400                __USER_SIGNATURE_REGION_LENGTH__ = DEFINED (__USER_SIGNATURE_REGION_LENGTH__)?__USER_SIGNATURE_REGION_LENGTH__:0x400

.hash
 *(.hash)

.dynsym
 *(.dynsym)

.dynstr
 *(.dynstr)

.gnu.version
 *(.gnu.version)

.gnu.version_d
 *(.gnu.version_d)

.gnu.version_r
 *(.gnu.version_r)

.rel.init
 *(.rel.init)

.rela.init
 *(.rela.init)

.rel.text
 *(.rel.text)
 *(.rel.text.*)
 *(.rel.gnu.linkonce.t*)

.rela.text
 *(.rela.text)
 *(.rela.text.*)
 *(.rela.gnu.linkonce.t*)

.rel.fini
 *(.rel.fini)

.rela.fini
 *(.rela.fini)

.rel.rodata
 *(.rel.rodata)
 *(.rel.rodata.*)
 *(.rel.gnu.linkonce.r*)

.rela.rodata
 *(.rela.rodata)
 *(.rela.rodata.*)
 *(.rela.gnu.linkonce.r*)

.rel.data
 *(.rel.data)
 *(.rel.data.*)
 *(.rel.gnu.linkonce.d*)

.rela.data
 *(.rela.data)
 *(.rela.data.*)
 *(.rela.gnu.linkonce.d*)

.rel.ctors
 *(.rel.ctors)

.rela.ctors
 *(.rela.ctors)

.rel.dtors
 *(.rel.dtors)

.rela.dtors
 *(.rela.dtors)

.rel.got
 *(.rel.got)

.rela.got
 *(.rela.got)

.rel.bss
 *(.rel.bss)

.rela.bss
 *(.rela.bss)

.rel.plt
 *(.rel.plt)

.rela.plt
 *(.rela.plt)

.text           0x00000000     0x20f6
 *(.vectors)
 .vectors       0x00000000       0x90 C:/Program Files (x86)/Atmel/Studio/7.0/Packs/Atmel/AVR-Dx_DFP/2.7.321/gcc/dev/avr64dd32/avrxmega2/crtavr64dd32.o
                0x00000000                __vector_default
                0x00000000                __vectors
 *(.vectors)
 *(.progmem.gcc*)
                0x00000090                . = ALIGN (0x2)
                0x00000090                __trampolines_start = .
 *(.trampolines)
 .trampolines   0x00000090        0x0 linker stubs
 *(.trampolines*)
                0x00000090                __trampolines_end = .
 *libprintf_flt.a:*(.progmem.data)
 *libc.a:*(.progmem.data)
 *(.progmem*)
                0x00000090                . = ALIGN (0x2)
 *(.jumptables)
 *(.jumptables*)
 *(.lowtext)
 *(.lowtext*)
                0x00000090                __ctors_start = .
 *(.ctors)
                0x00000090                __ctors_end = .
                0x00000090                __dtors_start = .
 *(.dtors)
                0x00000090                __dtors_end = .
 SORT(*)(.ctors)
 SORT(*)(.dtors)
 *(.init0)
 .init0         0x00000090        0x0 C:/Program Files (x86)/Atmel/Studio/7.0/Packs/Atmel/AVR-Dx_DFP/2.7.321/gcc/dev/avr64dd32/avrxmega2/crtavr64dd32.o
                0x00000090                __init
 *(.init0)
 *(.init1)
 *(.init1)
 *(.init2)
 .init2         0x00000090        0xc C:/Program Files (x86)/Atmel/Studio/7.0/Packs/Atmel/AVR-Dx_DFP/2.7.321/gcc/dev/avr64dd32/avrxmega2/crtavr64dd32.o
 *(.init2)
 *(.init3)
 *(.init3)
 *(.init4)
 .init4         0x0000009c       0x16 c:/program files (x86)/atmel/studio/7.0/toolchain/avr8/avr8-gnu-toolchain/bin/../lib/gcc/avr/5.4.0/avrxmega2\libgcc.a(_copy_data.o)
                0x0000009c                __do_copy_data
 .init4         0x000000b2       0x10 c:/program files (x86)/atmel/studio/7.0/toolchain/avr8/avr8-gnu-toolchain/bin/../lib/gcc/avr/5.4.0/avrxmega2\libgcc.a(_clear_bss.o)
                0x000000b2                __do_clear_bss
 *(.init4)
 *(.init5)
 *(.init5)
 *(.init6)
 *(.init6)
 *(.init7)
 *(.init7)
 *(.init8)
 *(.init8)
 *(.init9)
 .init9         0x000000c2        0x8 C:/Program Files (x86)/Atmel/Studio/7.0/Packs/Atmel/AVR-Dx_DFP/2.7.321/gcc/dev/avr64dd32/avrxmega2/crtavr64dd32.o
 *(.init9)
 *(.text)
 .text          0x000000ca        0x4 C:/Program Files (x86)/Atmel/Studio/7.0/Packs/Atmel/AVR-Dx_DFP/2.7.321/gcc/dev/avr64dd32/avrxmega2/crtavr64dd32.o
                0x000000ca                __vector_22
                0x000000ca                __vector_28
                0x000000ca                __vector_1
                0x000000ca                __vector_32
                0x000000ca                __vector_34
                0x000000ca                __vector_24
                0x000000ca                __vector_12
                0x000000ca                __bad_interrupt
                0x000000ca                __vector_6
                0x000000ca                __vector_31
                0x000000ca                __vector_35
                0x000000ca                __vector_3
                0x000000ca                __vector_23
                0x000000ca                __vector_30
                0x000000ca                __vector_25
                0x000000ca                __vector_11
                0x000000ca                __vector_13
                0x000000ca                __vector_17
                0x000000ca                __vector_19
                0x000000ca                __vector_7
                0x000000ca                __vector_27
                0x000000ca                __vector_5
                0x000000ca                __vector_33
                0x000000ca                __vector_4
                0x000000ca                __vector_9
                0x000000ca                __vector_2
                0x000000ca                __vector_21
                0x000000ca                __vector_15
                0x000000ca                __vector_29
                0x000000ca                __vector_8
                0x000000ca                __vector_26
                0x000000ca                __vector_14
                0x000000ca                __vector_10
                0x000000ca                __vector_16
                0x000000ca                __vector_18
                0x000000ca                __vector_20
                0x000000ce                . = ALIGN (0x2)
 *(.text.*)
 .text.normalize
                0x000000ce       0x12 Actions.o
                0x000000ce                normalize
 .text.angle_diff
                0x000000e0       0x30 Actions.o
                0x000000e0                angle_diff
 .text.get_safe_azimuth
                0x00000110       0xaa Actions.o
                0x00000110                get_safe_azimuth
 .text.MotorControl
                0x000001ba      0x24c Actions.o
                0x000001ba                MotorControl
 .text.work     0x00000406       0x6a Actions.o
                0x00000406                work
 .text.ADC0_init
                0x00000470       0x10 ADC.o
                0x00000470                ADC0_init
 .text.ADC0_SetupJoystick
                0x00000480        0xc ADC.o
                0x00000480                ADC0_SetupJoystick
 .text.ADC0_read
                0x0000048c       0x28 ADC.o
                0x0000048c                ADC0_read
 .text.CLOCK_XOSCHF_clock_init
                0x000004b4       0x1e CLK.o
                0x000004b4                CLOCK_XOSCHF_clock_init
 .text.crc8_cdma2000
                0x000004d2      0x10e CRC.o
                0x000004d2                crc8_cdma2000
 .text.verify_crc8_cdma2000
                0x000005e0       0x1a CRC.o
                0x000005e0                verify_crc8_cdma2000
 .text.hexToUint64
                0x000005fa       0xb2 FOUSART.o
                0x000005fa                hexToUint64
 .text.FODataSplitter
                0x000006ac      0x218 FOUSART.o
                0x000006ac                FODataSplitter
 .text.FOReceiver
                0x000008c4       0xb8 FOUSART.o
                0x000008c4                FOReceiver
 .text.GPIO_init
                0x0000097c       0x5e GPIO.o
                0x0000097c                GPIO_init
 .text.I2C_init
                0x000009da       0x14 i2c.o
                0x000009da                I2C_init
 .text.TransmitAdd
                0x000009ee       0x54 i2c.o
                0x000009ee                TransmitAdd
 .text.TransmitByte
                0x00000a42       0x56 i2c.o
                0x00000a42                TransmitByte
 .text.WriteToReg
                0x00000a98       0x32 i2c.o
                0x00000a98                WriteToReg
 .text.ReadButton
                0x00000aca        0xe Joystick.o
                0x00000aca                ReadButton
 .text.ReadJoystickValues
                0x00000ad8       0x4c Joystick.o
                0x00000ad8                ReadJoystickValues
 .text.LinearMotor_enable
                0x00000b24       0x20 LinearMotor.o
                0x00000b24                LinearMotor_enable
 .text.LinearMotor_disable
                0x00000b44       0x20 LinearMotor.o
                0x00000b44                LinearMotor_disable
 .text.LinearMotor_start
                0x00000b64       0x24 LinearMotor.o
                0x00000b64                LinearMotor_start
 .text.LinearMotor_stop
                0x00000b88       0x3c LinearMotor.o
                0x00000b88                LinearMotor_stop
 .text.LinearMotor_set_direction
                0x00000bc4       0x34 LinearMotor.o
                0x00000bc4                LinearMotor_set_direction
 .text.LinearMotor_init
                0x00000bf8       0x12 LinearMotor.o
                0x00000bf8                LinearMotor_init
 .text.main     0x00000c0a      0x132 main.o
                0x00000c0a                main
 .text.RS485_Led
                0x00000d3c       0x30 RS485LED.o
                0x00000d3c                RS485_Led
 .text.RS485DataSplitter
                0x00000d6c       0x84 RS485USART.o
                0x00000d6c                RS485DataSplitter
 .text.RS485Receiver
                0x00000df0       0x98 RS485USART.o
                0x00000df0                RS485Receiver
 .text.screen_command
                0x00000e88        0xc SSD1306.o
                0x00000e88                screen_command
 .text.screen_data
                0x00000e94        0xc SSD1306.o
                0x00000e94                screen_data
 .text.screen_init
                0x00000ea0       0x26 SSD1306.o
                0x00000ea0                screen_init
 .text.screen_draw_char
                0x00000ec6       0x68 SSD1306.o
                0x00000ec6                screen_draw_char
 .text.screen_clear
                0x00000f2e       0x4a SSD1306.o
                0x00000f2e                screen_clear
 .text.screen_draw_text
                0x00000f78       0x3e SSD1306.o
                0x00000f78                screen_draw_text
 .text.screen_write_text
                0x00000fb6       0x4e SSD1306.o
                0x00000fb6                screen_write_text
 .text.calculate_start_pixel
                0x00001004       0x4a SSD1306.o
                0x00001004                calculate_start_pixel
 .text.screen_write_text_aligned
                0x0000104e       0x22 SSD1306.o
                0x0000104e                screen_write_text_aligned
 .text.screen_write_formatted_text
                0x00001070       0x3c SSD1306.o
                0x00001070                screen_write_formatted_text
 .text.Stepper_init
                0x000010ac       0x10 StepperMotor.o
                0x000010ac                Stepper_init
 .text.TCA0_init_linear_PWM
                0x000010bc      0x120 TCA.o
                0x000010bc                TCA0_init_linear_PWM
 .text.TCD0_init_stepper_PWM
                0x000011dc       0xbe TCD.o
                0x000011dc                TCD0_init_stepper_PWM
 .text.USART0_init
                0x0000129a       0x1a USART.o
                0x0000129a                USART0_init
 .text.USART0_readChar
                0x000012b4       0x26 USART.o
                0x000012b4                USART0_readChar
 .text.USART1_init
                0x000012da       0x16 USART.o
                0x000012da                USART1_init
 .text.USART1_readChar
                0x000012f0       0x2e USART.o
                0x000012f0                USART1_readChar
 .text.avr-libc.fplib
                0x0000131e        0x8 c:/program files (x86)/atmel/studio/7.0/toolchain/avr8/avr8-gnu-toolchain/bin/../lib/gcc/avr/5.4.0/../../../../avr/lib/avrxmega2\libm.a(divsf3.o)
                0x0000131e                __divsf3
 .text.avr-libc.fplib
                0x00001326       0xdc c:/program files (x86)/atmel/studio/7.0/toolchain/avr8/avr8-gnu-toolchain/bin/../lib/gcc/avr/5.4.0/../../../../avr/lib/avrxmega2\libm.a(divsf3x.o)
                0x00001346                __divsf3x
                0x0000134c                __divsf3_pse
 .text.avr-libc.fplib
                0x00001402       0x5e c:/program files (x86)/atmel/studio/7.0/toolchain/avr8/avr8-gnu-toolchain/bin/../lib/gcc/avr/5.4.0/../../../../avr/lib/avrxmega2\libm.a(fixunssfsi.o)
                0x00001402                __fixunssfsi
 .text.avr-libc.fplib
                0x00001460       0x7a c:/program files (x86)/atmel/studio/7.0/toolchain/avr8/avr8-gnu-toolchain/bin/../lib/gcc/avr/5.4.0/../../../../avr/lib/avrxmega2\libm.a(floatsisf.o)
                0x00001460                __floatunsisf
                0x00001464                __floatsisf
 .text.avr-libc.fplib
                0x000014da        0xc c:/program files (x86)/atmel/studio/7.0/toolchain/avr8/avr8-gnu-toolchain/bin/../lib/gcc/avr/5.4.0/../../../../avr/lib/avrxmega2\libm.a(fp_inf.o)
                0x000014da                __fp_inf
 .text.avr-libc.fplib
                0x000014e6        0x6 c:/program files (x86)/atmel/studio/7.0/toolchain/avr8/avr8-gnu-toolchain/bin/../lib/gcc/avr/5.4.0/../../../../avr/lib/avrxmega2\libm.a(fp_nan.o)
                0x000014e6                __fp_nan
 .text.avr-libc.fplib
                0x000014ec        0xe c:/program files (x86)/atmel/studio/7.0/toolchain/avr8/avr8-gnu-toolchain/bin/../lib/gcc/avr/5.4.0/../../../../avr/lib/avrxmega2\libm.a(fp_pscA.o)
                0x000014ec                __fp_pscA
 .text.avr-libc.fplib
                0x000014fa        0xe c:/program files (x86)/atmel/studio/7.0/toolchain/avr8/avr8-gnu-toolchain/bin/../lib/gcc/avr/5.4.0/../../../../avr/lib/avrxmega2\libm.a(fp_pscB.o)
                0x000014fa                __fp_pscB
 .text.avr-libc.fplib
                0x00001508       0x22 c:/program files (x86)/atmel/studio/7.0/toolchain/avr8/avr8-gnu-toolchain/bin/../lib/gcc/avr/5.4.0/../../../../avr/lib/avrxmega2\libm.a(fp_round.o)
                0x00001508                __fp_round
 .text.avr-libc.fplib
                0x0000152a       0x44 c:/program files (x86)/atmel/studio/7.0/toolchain/avr8/avr8-gnu-toolchain/bin/../lib/gcc/avr/5.4.0/../../../../avr/lib/avrxmega2\libm.a(fp_split3.o)
                0x0000152a                __fp_split3
                0x0000153a                __fp_splitA
 .text.avr-libc.fplib
                0x0000156e        0xe c:/program files (x86)/atmel/studio/7.0/toolchain/avr8/avr8-gnu-toolchain/bin/../lib/gcc/avr/5.4.0/../../../../avr/lib/avrxmega2\libm.a(fp_zero.o)
                0x0000156e                __fp_zero
                0x00001570                __fp_szero
 .text.avr-libc.fplib
                0x0000157c        0x8 c:/program files (x86)/atmel/studio/7.0/toolchain/avr8/avr8-gnu-toolchain/bin/../lib/gcc/avr/5.4.0/../../../../avr/lib/avrxmega2\libm.a(mulsf3.o)
                0x0000157c                __mulsf3
 .text.avr-libc.fplib
                0x00001584       0xd2 c:/program files (x86)/atmel/studio/7.0/toolchain/avr8/avr8-gnu-toolchain/bin/../lib/gcc/avr/5.4.0/../../../../avr/lib/avrxmega2\libm.a(mulsf3x.o)
                0x000015a2                __mulsf3x
                0x000015a8                __mulsf3_pse
 .text.libgcc.div
                0x00001656       0x28 c:/program files (x86)/atmel/studio/7.0/toolchain/avr8/avr8-gnu-toolchain/bin/../lib/gcc/avr/5.4.0/avrxmega2\libgcc.a(_divmodhi4.o)
                0x00001656                _div
                0x00001656                __divmodhi4
 .text.libgcc.div
                0x0000167e       0x44 c:/program files (x86)/atmel/studio/7.0/toolchain/avr8/avr8-gnu-toolchain/bin/../lib/gcc/avr/5.4.0/avrxmega2\libgcc.a(_udivmodsi4.o)
                0x0000167e                __udivmodsi4
 .text.libgcc.div
                0x000016c2       0x2e c:/program files (x86)/atmel/studio/7.0/toolchain/avr8/avr8-gnu-toolchain/bin/../lib/gcc/avr/5.4.0/avrxmega2\libgcc.a(_divmodsi4.o)
                0x000016c2                __divmodsi4
 .text.libgcc.div
                0x000016f0       0x10 c:/program files (x86)/atmel/studio/7.0/toolchain/avr8/avr8-gnu-toolchain/bin/../lib/gcc/avr/5.4.0/avrxmega2\libgcc.a(_negsi2.o)
                0x000016f0                __negsi2
 .text.libgcc.mul
                0x00001700       0x1e c:/program files (x86)/atmel/studio/7.0/toolchain/avr8/avr8-gnu-toolchain/bin/../lib/gcc/avr/5.4.0/avrxmega2\libgcc.a(_umulhisi3.o)
                0x00001700                __umulhisi3
 .text.libgcc.builtins
                0x0000171e       0x32 c:/program files (x86)/atmel/studio/7.0/toolchain/avr8/avr8-gnu-toolchain/bin/../lib/gcc/avr/5.4.0/avrxmega2\libgcc.a(_ashldi3.o)
                0x0000171e                __ashldi3
 .text.libgcc.builtins
                0x00001750       0x3c c:/program files (x86)/atmel/studio/7.0/toolchain/avr8/avr8-gnu-toolchain/bin/../lib/gcc/avr/5.4.0/avrxmega2\libgcc.a(_ashrdi3.o)
                0x00001750                __ashrdi3
                0x00001754                __lshrdi3
 .text.libgcc   0x0000178c       0x18 c:/program files (x86)/atmel/studio/7.0/toolchain/avr8/avr8-gnu-toolchain/bin/../lib/gcc/avr/5.4.0/avrxmega2\libgcc.a(_cmpdi2_s8.o)
                0x0000178c                __cmpdi2_s8
 .text.libgcc.div
                0x000017a4       0x28 c:/program files (x86)/atmel/studio/7.0/toolchain/avr8/avr8-gnu-toolchain/bin/../lib/gcc/avr/5.4.0/avrxmega2\libgcc.a(_udivmodhi4.o)
                0x000017a4                __udivmodhi4
 .text.avr-libc
                0x000017cc      0x22c c:/program files (x86)/atmel/studio/7.0/toolchain/avr8/avr8-gnu-toolchain/bin/../lib/gcc/avr/5.4.0/../../../../avr/lib/avrxmega2\libc.a(strtol.o)
                0x000017cc                strtol
 .text.avr-libc
                0x000019f8       0x12 c:/program files (x86)/atmel/studio/7.0/toolchain/avr8/avr8-gnu-toolchain/bin/../lib/gcc/avr/5.4.0/../../../../avr/lib/avrxmega2\libc.a(isspace.o)
                0x000019f8                isspace
 .text.avr-libc
                0x00001a0a        0xa c:/program files (x86)/atmel/studio/7.0/toolchain/avr8/avr8-gnu-toolchain/bin/../lib/gcc/avr/5.4.0/../../../../avr/lib/avrxmega2\libc.a(strtok.o)
                0x00001a0a                strtok
 .text.avr-libc
                0x00001a14       0x12 c:/program files (x86)/atmel/studio/7.0/toolchain/avr8/avr8-gnu-toolchain/bin/../lib/gcc/avr/5.4.0/../../../../avr/lib/avrxmega2\libc.a(memcpy.o)
                0x00001a14                memcpy
 .text.avr-libc
                0x00001a26       0x12 c:/program files (x86)/atmel/studio/7.0/toolchain/avr8/avr8-gnu-toolchain/bin/../lib/gcc/avr/5.4.0/../../../../avr/lib/avrxmega2\libc.a(strcmp.o)
                0x00001a26                strcmp
 .text.avr-libc
                0x00001a38        0xe c:/program files (x86)/atmel/studio/7.0/toolchain/avr8/avr8-gnu-toolchain/bin/../lib/gcc/avr/5.4.0/../../../../avr/lib/avrxmega2\libc.a(strcpy.o)
                0x00001a38                strcpy
 .text.avr-libc
                0x00001a46       0x1c c:/program files (x86)/atmel/studio/7.0/toolchain/avr8/avr8-gnu-toolchain/bin/../lib/gcc/avr/5.4.0/../../../../avr/lib/avrxmega2\libc.a(strncmp.o)
                0x00001a46                strncmp
 .text.avr-libc
                0x00001a62       0x1e c:/program files (x86)/atmel/studio/7.0/toolchain/avr8/avr8-gnu-toolchain/bin/../lib/gcc/avr/5.4.0/../../../../avr/lib/avrxmega2\libc.a(strncpy.o)
                0x00001a62                strncpy
 .text.avr-libc
                0x00001a80       0x4e c:/program files (x86)/atmel/studio/7.0/toolchain/avr8/avr8-gnu-toolchain/bin/../lib/gcc/avr/5.4.0/../../../../avr/lib/avrxmega2\libc.a(strtok_r.o)
                0x00001a80                strtok_r
 .text.avr-libc
                0x00001ace       0x58 c:/program files (x86)/atmel/studio/7.0/toolchain/avr8/avr8-gnu-toolchain/bin/../lib/gcc/avr/5.4.0/../../../../avr/lib/avrxmega2\libc.a(vsnprintf.o)
                0x00001ace                vsnprintf
 .text.avr-libc
                0x00001b26      0x3c2 c:/program files (x86)/atmel/studio/7.0/toolchain/avr8/avr8-gnu-toolchain/bin/../lib/gcc/avr/5.4.0/../../../../avr/lib/avrxmega2\libc.a(vfprintf_std.o)
                0x00001b26                vfprintf
 .text.avr-libc
                0x00001ee8        0x6 c:/program files (x86)/atmel/studio/7.0/toolchain/avr8/avr8-gnu-toolchain/bin/../lib/gcc/avr/5.4.0/../../../../avr/lib/avrxmega2\libc.a(cty_isfalse.o)
                0x00001ee8                __ctype_isfalse
                0x00001eec                __ctype_istrue
 .text.avr-libc
                0x00001eee       0x16 c:/program files (x86)/atmel/studio/7.0/toolchain/avr8/avr8-gnu-toolchain/bin/../lib/gcc/avr/5.4.0/../../../../avr/lib/avrxmega2\libc.a(strnlen_P.o)
                0x00001eee                strnlen_P
 .text.avr-libc
                0x00001f04       0x16 c:/program files (x86)/atmel/studio/7.0/toolchain/avr8/avr8-gnu-toolchain/bin/../lib/gcc/avr/5.4.0/../../../../avr/lib/avrxmega2\libc.a(strnlen.o)
                0x00001f04                strnlen
 .text.avr-libc
                0x00001f1a       0x78 c:/program files (x86)/atmel/studio/7.0/toolchain/avr8/avr8-gnu-toolchain/bin/../lib/gcc/avr/5.4.0/../../../../avr/lib/avrxmega2\libc.a(fputc.o)
                0x00001f1a                fputc
 .text.avr-libc
                0x00001f92       0xbc c:/program files (x86)/atmel/studio/7.0/toolchain/avr8/avr8-gnu-toolchain/bin/../lib/gcc/avr/5.4.0/../../../../avr/lib/avrxmega2\libc.a(ultoa_invert.o)
                0x00001f92                __ultoa_invert
 .text.avr-libc
                0x0000204e        0xc C:/Program Files (x86)/Atmel/Studio/7.0/Packs/Atmel/AVR-Dx_DFP/2.7.321/gcc/dev/avr64dd32/avrxmega2\libavr64dd32.a(ccp_write.o)
                0x0000204e                ccp_write_io
 .text.libgcc.mul
                0x0000205a       0x20 c:/program files (x86)/atmel/studio/7.0/toolchain/avr8/avr8-gnu-toolchain/bin/../lib/gcc/avr/5.4.0/avrxmega2\libgcc.a(_mulsi3.o)
                0x0000205a                __mulsi3
 .text.libgcc.mul
                0x0000207a       0x16 c:/program files (x86)/atmel/studio/7.0/toolchain/avr8/avr8-gnu-toolchain/bin/../lib/gcc/avr/5.4.0/avrxmega2\libgcc.a(_muluhisi3.o)
                0x0000207a                __muluhisi3
 .text.libgcc.prologue
                0x00002090       0x32 c:/program files (x86)/atmel/studio/7.0/toolchain/avr8/avr8-gnu-toolchain/bin/../lib/gcc/avr/5.4.0/avrxmega2\libgcc.a(_prologue.o)
                0x00002090                __prologue_saves__
 .text.libgcc.prologue
                0x000020c2       0x30 c:/program files (x86)/atmel/studio/7.0/toolchain/avr8/avr8-gnu-toolchain/bin/../lib/gcc/avr/5.4.0/avrxmega2\libgcc.a(_epilogue.o)
                0x000020c2                __epilogue_restores__
                0x000020f2                . = ALIGN (0x2)
 *(.fini9)
 .fini9         0x000020f2        0x0 c:/program files (x86)/atmel/studio/7.0/toolchain/avr8/avr8-gnu-toolchain/bin/../lib/gcc/avr/5.4.0/avrxmega2\libgcc.a(_exit.o)
                0x000020f2                _exit
                0x000020f2                exit
 *(.fini9)
 *(.fini8)
 *(.fini8)
 *(.fini7)
 *(.fini7)
 *(.fini6)
 *(.fini6)
 *(.fini5)
 *(.fini5)
 *(.fini4)
 *(.fini4)
 *(.fini3)
 *(.fini3)
 *(.fini2)
 *(.fini2)
 *(.fini1)
 *(.fini1)
 *(.fini0)
 .fini0         0x000020f2        0x4 c:/program files (x86)/atmel/studio/7.0/toolchain/avr8/avr8-gnu-toolchain/bin/../lib/gcc/avr/5.4.0/avrxmega2\libgcc.a(_exit.o)
 *(.fini0)
                0x000020f6                _etext = .

.data           0x00806000      0x50c load address 0x000020f6
                0x00806000                PROVIDE (__data_start, .)
 *(.data)
 *(.data*)
 .data.LinearMotorCtrl
                0x00806000       0x1d Actions.o
                0x00806000                LinearMotorCtrl
 .data.Target   0x0080601d        0xa Actions.o
                0x0080601d                Target
 .data.font     0x00806027      0x325 SSD1306.o
                0x00806027                font
 .data.ssd1306Commands
                0x0080634c       0x1a SSD1306.o
                0x0080634c                ssd1306Commands
 *(.gnu.linkonce.d*)
 *(.rodata)
 .rodata        0x00806366        0x6 FOUSART.o
 .rodata        0x0080636c        0xc RS485USART.o
 .rodata        0x00806378       0x18 TCA.o
 *(.rodata*)
 .rodata.crc8_table
                0x00806390      0x100 CRC.o
                0x00806390                crc8_table
 .rodata.str1.1
                0x00806490        0xf FOUSART.o
 .rodata.str1.1
                0x0080649f       0x6b main.o
 .rodata.str1.1
                0x0080650a        0x2 RS485USART.o
 *(.gnu.linkonce.r*)
                0x0080650c                . = ALIGN (0x2)
                0x0080650c                _edata = .
                0x0080650c                PROVIDE (__data_end, .)

.bss            0x0080650c       0x5e
                0x0080650c                PROVIDE (__bss_start, .)
 *(.bss)
 .bss           0x0080650c        0x2 c:/program files (x86)/atmel/studio/7.0/toolchain/avr8/avr8-gnu-toolchain/bin/../lib/gcc/avr/5.4.0/../../../../avr/lib/avrxmega2\libc.a(strtok.o)
 *(.bss*)
 .bss.SensorData
                0x0080650e       0x3f FOUSART.o
                0x0080650e                SensorData
 .bss.I2C       0x0080654d        0x1 i2c.o
                0x0080654d                I2C
 .bss.Joystick  0x0080654e        0x5 Joystick.o
                0x0080654e                Joystick
 .bss.LinearMotor
                0x00806553        0xb LinearMotor.o
                0x00806553                LinearMotor
 .bss.WSData    0x0080655e        0xa RS485USART.o
                0x0080655e                WSData
 *(COMMON)
 COMMON         0x00806568        0x2 c:/program files (x86)/atmel/studio/7.0/toolchain/avr8/avr8-gnu-toolchain/bin/../lib/gcc/avr/5.4.0/../../../../avr/lib/avrxmega2\libc.a(errno.o)
                0x00806568                errno
                0x0080656a                PROVIDE (__bss_end, .)
                0x000020f6                __data_load_start = LOADADDR (.data)
                0x00002602                __data_load_end = (__data_load_start + SIZEOF (.data))

.noinit         0x0080656a        0x0
                [!provide]                PROVIDE (__noinit_start, .)
 *(.noinit*)
                [!provide]                PROVIDE (__noinit_end, .)
                0x0080656a                _end = .
                [!provide]                PROVIDE (__heap_start, .)

.eeprom         0x00810000        0x0
 *(.eeprom*)
                0x00810000                __eeprom_end = .

.fuse
 *(.fuse)
 *(.lfuse)
 *(.hfuse)
 *(.efuse)

.lock
 *(.lock*)

.signature
 *(.signature*)

.user_signatures
 *(.user_signatures*)

.stab
 *(.stab)

.stabstr
 *(.stabstr)

.stab.excl
 *(.stab.excl)

.stab.exclstr
 *(.stab.exclstr)

.stab.index
 *(.stab.index)

.stab.indexstr
 *(.stab.indexstr)

.comment        0x00000000       0x5c
 *(.comment)
 .comment       0x00000000       0x30 Actions.o
                                 0x31 (size before relaxing)
 .comment       0x00000030       0x31 ADC.o
 .comment       0x00000030       0x31 CLK.o
 .comment       0x00000030       0x31 CRC.o
 .comment       0x00000030       0x31 FOUSART.o
 .comment       0x00000030       0x31 GPIO.o
 .comment       0x00000030       0x31 i2c.o
 .comment       0x00000030       0x31 Joystick.o
 .comment       0x00000030       0x31 LinearMotor.o
 .comment       0x00000030       0x31 main.o
 .comment       0x00000030       0x31 RS485LED.o
 .comment       0x00000030       0x31 RS485USART.o
 .comment       0x00000030       0x31 SSD1306.o
 .comment       0x00000030       0x31 StepperMotor.o
 .comment       0x00000030       0x31 TCA.o
 .comment       0x00000030       0x31 TCD.o
 .comment       0x00000030       0x31 USART.o
 .comment       0x00000030       0x31 c:/program files (x86)/atmel/studio/7.0/toolchain/avr8/avr8-gnu-toolchain/bin/../lib/gcc/avr/5.4.0/../../../../avr/lib/avrxmega2\libc.a(strtol.o)
 .comment       0x00000030       0x31 c:/program files (x86)/atmel/studio/7.0/toolchain/avr8/avr8-gnu-toolchain/bin/../lib/gcc/avr/5.4.0/../../../../avr/lib/avrxmega2\libc.a(strtok.o)
 .comment       0x00000030       0x31 c:/program files (x86)/atmel/studio/7.0/toolchain/avr8/avr8-gnu-toolchain/bin/../lib/gcc/avr/5.4.0/../../../../avr/lib/avrxmega2\libc.a(vsnprintf.o)
 .comment       0x00000030       0x2c c:/program files (x86)/atmel/studio/7.0/toolchain/avr8/avr8-gnu-toolchain/bin/../lib/gcc/avr/5.4.0/../../../../avr/lib/avrxmega2\libc.a(vfprintf_std.o)
                                 0x2d (size before relaxing)
 .comment       0x0000005c       0x2d c:/program files (x86)/atmel/studio/7.0/toolchain/avr8/avr8-gnu-toolchain/bin/../lib/gcc/avr/5.4.0/../../../../avr/lib/avrxmega2\libc.a(errno.o)
 .comment       0x0000005c       0x31 c:/program files (x86)/atmel/studio/7.0/toolchain/avr8/avr8-gnu-toolchain/bin/../lib/gcc/avr/5.4.0/../../../../avr/lib/avrxmega2\libc.a(fputc.o)

.note.gnu.avr.deviceinfo
                0x00000000       0x3c
 .note.gnu.avr.deviceinfo
                0x00000000       0x3c C:/Program Files (x86)/Atmel/Studio/7.0/Packs/Atmel/AVR-Dx_DFP/2.7.321/gcc/dev/avr64dd32/avrxmega2/crtavr64dd32.o

.note.gnu.build-id
 *(.note.gnu.build-id)

.debug
 *(.debug)

.line
 *(.line)

.debug_srcinfo
 *(.debug_srcinfo)

.debug_sfnames
 *(.debug_sfnames)

.debug_aranges  0x00000000      0x428
 *(.debug_aranges)
 .debug_aranges
                0x00000000       0x48 Actions.o
 .debug_aranges
                0x00000048       0x50 ADC.o
 .debug_aranges
                0x00000098       0x28 CLK.o
 .debug_aranges
                0x000000c0       0x28 CRC.o
 .debug_aranges
                0x000000e8       0x30 FOUSART.o
 .debug_aranges
                0x00000118       0x20 GPIO.o
 .debug_aranges
                0x00000138       0x50 i2c.o
 .debug_aranges
                0x00000188       0x28 Joystick.o
 .debug_aranges
                0x000001b0       0x60 LinearMotor.o
 .debug_aranges
                0x00000210       0x20 main.o
 .debug_aranges
                0x00000230       0x20 RS485LED.o
 .debug_aranges
                0x00000250       0x28 RS485USART.o
 .debug_aranges
                0x00000278       0x78 SSD1306.o
 .debug_aranges
                0x000002f0       0x68 StepperMotor.o
 .debug_aranges
                0x00000358       0x20 TCA.o
 .debug_aranges
                0x00000378       0x20 TCD.o
 .debug_aranges
                0x00000398       0x70 USART.o
 .debug_aranges
                0x00000408       0x20 C:/Program Files (x86)/Atmel/Studio/7.0/Packs/Atmel/AVR-Dx_DFP/2.7.321/gcc/dev/avr64dd32/avrxmega2\libavr64dd32.a(ccp_write.o)

.debug_pubnames
 *(.debug_pubnames)

.debug_info     0x00000000     0x87fc
 *(.debug_info .gnu.linkonce.wi.*)
 .debug_info    0x00000000     0x22a4 C:/Program Files (x86)/Atmel/Studio/7.0/Packs/Atmel/AVR-Dx_DFP/2.7.321/gcc/dev/avr64dd32/avrxmega2/crtavr64dd32.o
 .debug_info    0x000022a4      0x81f Actions.o
 .debug_info    0x00002ac3      0x5b6 ADC.o
 .debug_info    0x00003079      0x351 CLK.o
 .debug_info    0x000033ca      0x186 CRC.o
 .debug_info    0x00003550      0x65e FOUSART.o
 .debug_info    0x00003bae      0x443 GPIO.o
 .debug_info    0x00003ff1      0x5f5 i2c.o
 .debug_info    0x000045e6      0x3f6 Joystick.o
 .debug_info    0x000049dc      0xc2d LinearMotor.o
 .debug_info    0x00005609      0x2f0 main.o
 .debug_info    0x000058f9      0x2a2 RS485LED.o
 .debug_info    0x00005b9b      0x308 RS485USART.o
 .debug_info    0x00005ea3      0x818 SSD1306.o
 .debug_info    0x000066bb      0x9a1 StepperMotor.o
 .debug_info    0x0000705c      0x921 TCA.o
 .debug_info    0x0000797d      0x5cc TCD.o
 .debug_info    0x00007f49      0x80a USART.o
 .debug_info    0x00008753       0xa9 C:/Program Files (x86)/Atmel/Studio/7.0/Packs/Atmel/AVR-Dx_DFP/2.7.321/gcc/dev/avr64dd32/avrxmega2\libavr64dd32.a(ccp_write.o)

.debug_abbrev   0x00000000     0x3ad0
 *(.debug_abbrev)
 .debug_abbrev  0x00000000     0x20ce C:/Program Files (x86)/Atmel/Studio/7.0/Packs/Atmel/AVR-Dx_DFP/2.7.321/gcc/dev/avr64dd32/avrxmega2/crtavr64dd32.o
 .debug_abbrev  0x000020ce      0x1ec Actions.o
 .debug_abbrev  0x000022ba      0x193 ADC.o
 .debug_abbrev  0x0000244d       0xe5 CLK.o
 .debug_abbrev  0x00002532       0xd2 CRC.o
 .debug_abbrev  0x00002604      0x1b5 FOUSART.o
 .debug_abbrev  0x000027b9       0xbc GPIO.o
 .debug_abbrev  0x00002875      0x1df i2c.o
 .debug_abbrev  0x00002a54      0x139 Joystick.o
 .debug_abbrev  0x00002b8d      0x285 LinearMotor.o
 .debug_abbrev  0x00002e12      0x120 main.o
 .debug_abbrev  0x00002f32       0xcb RS485LED.o
 .debug_abbrev  0x00002ffd      0x16e RS485USART.o
 .debug_abbrev  0x0000316b      0x1ca SSD1306.o
 .debug_abbrev  0x00003335      0x269 StepperMotor.o
 .debug_abbrev  0x0000359e      0x150 TCA.o
 .debug_abbrev  0x000036ee      0x13c TCD.o
 .debug_abbrev  0x0000382a      0x292 USART.o
 .debug_abbrev  0x00003abc       0x14 C:/Program Files (x86)/Atmel/Studio/7.0/Packs/Atmel/AVR-Dx_DFP/2.7.321/gcc/dev/avr64dd32/avrxmega2\libavr64dd32.a(ccp_write.o)

.debug_line     0x00000000     0x2b7b
 *(.debug_line .debug_line.* .debug_line_end)
 .debug_line    0x00000000      0x16f C:/Program Files (x86)/Atmel/Studio/7.0/Packs/Atmel/AVR-Dx_DFP/2.7.321/gcc/dev/avr64dd32/avrxmega2/crtavr64dd32.o
 .debug_line    0x0000016f      0x506 Actions.o
 .debug_line    0x00000675      0x206 ADC.o
 .debug_line    0x0000087b      0x1a7 CLK.o
 .debug_line    0x00000a22      0x173 CRC.o
 .debug_line    0x00000b95      0x2a8 FOUSART.o
 .debug_line    0x00000e3d      0x171 GPIO.o
 .debug_line    0x00000fae      0x33e i2c.o
 .debug_line    0x000012ec      0x170 Joystick.o
 .debug_line    0x0000145c      0x331 LinearMotor.o
 .debug_line    0x0000178d      0x1dd main.o
 .debug_line    0x0000196a      0x13f RS485LED.o
 .debug_line    0x00001aa9      0x1c6 RS485USART.o
 .debug_line    0x00001c6f      0x4ca SSD1306.o
 .debug_line    0x00002139      0x335 StepperMotor.o
 .debug_line    0x0000246e      0x18c TCA.o
 .debug_line    0x000025fa      0x1a1 TCD.o
 .debug_line    0x0000279b      0x379 USART.o
 .debug_line    0x00002b14       0x67 C:/Program Files (x86)/Atmel/Studio/7.0/Packs/Atmel/AVR-Dx_DFP/2.7.321/gcc/dev/avr64dd32/avrxmega2\libavr64dd32.a(ccp_write.o)

.debug_frame    0x00000000      0xa84
 *(.debug_frame)
 .debug_frame   0x00000000       0xec Actions.o
 .debug_frame   0x000000ec       0x84 ADC.o
 .debug_frame   0x00000170       0x34 CLK.o
 .debug_frame   0x000001a4       0xa0 CRC.o
 .debug_frame   0x00000244       0xbc FOUSART.o
 .debug_frame   0x00000300       0x24 GPIO.o
 .debug_frame   0x00000324      0x104 i2c.o
 .debug_frame   0x00000428       0x48 Joystick.o
 .debug_frame   0x00000470       0xb8 LinearMotor.o
 .debug_frame   0x00000528       0xbc main.o
 .debug_frame   0x000005e4       0x24 RS485LED.o
 .debug_frame   0x00000608       0x78 RS485USART.o
 .debug_frame   0x00000680      0x184 SSD1306.o
 .debug_frame   0x00000804       0xc8 StepperMotor.o
 .debug_frame   0x000008cc       0x68 TCA.o
 .debug_frame   0x00000934       0x4c TCD.o
 .debug_frame   0x00000980      0x104 USART.o

.debug_str      0x00000000     0x318b
 *(.debug_str)
 .debug_str     0x00000000      0xefb C:/Program Files (x86)/Atmel/Studio/7.0/Packs/Atmel/AVR-Dx_DFP/2.7.321/gcc/dev/avr64dd32/avrxmega2/crtavr64dd32.o
 .debug_str     0x00000efb      0x525 Actions.o
                                0x5d8 (size before relaxing)
 .debug_str     0x00001420      0x654 ADC.o
                                0x819 (size before relaxing)
 .debug_str     0x00001a74      0x274 CLK.o
                                0x446 (size before relaxing)
 .debug_str     0x00001ce8       0x51 CRC.o
                                0x204 (size before relaxing)
 .debug_str     0x00001d39       0xb5 FOUSART.o
                                0x38a (size before relaxing)
 .debug_str     0x00001dee      0x3ee GPIO.o
                                0x5b2 (size before relaxing)
 .debug_str     0x000021dc      0x2c7 i2c.o
                                0x498 (size before relaxing)
 .debug_str     0x000024a3       0x43 Joystick.o
                                0x54e (size before relaxing)
 .debug_str     0x000024e6      0x222 LinearMotor.o
                                0x662 (size before relaxing)
 .debug_str     0x00002708       0x35 main.o
                                0x37a (size before relaxing)
 .debug_str     0x0000273d       0x50 RS485LED.o
                                0x2cd (size before relaxing)
 .debug_str     0x0000278d       0x50 RS485USART.o
                                0x2a9 (size before relaxing)
 .debug_str     0x000027dd      0x1c4 SSD1306.o
                                0x3e2 (size before relaxing)
 .debug_str     0x000029a1      0x209 StepperMotor.o
                                0x60e (size before relaxing)
 .debug_str     0x00002baa      0x147 TCA.o
                                0x5de (size before relaxing)
 .debug_str     0x00002cf1      0x135 TCD.o
                                0x4d3 (size before relaxing)
 .debug_str     0x00002e26      0x365 USART.o
                                0x6d8 (size before relaxing)

.debug_loc      0x00000000     0x289b
 *(.debug_loc)
 .debug_loc     0x00000000      0x3f1 Actions.o
 .debug_loc     0x000003f1       0x74 ADC.o
 .debug_loc     0x00000465      0x363 CRC.o
 .debug_loc     0x000007c8      0x53a FOUSART.o
 .debug_loc     0x00000d02      0x629 i2c.o
 .debug_loc     0x0000132b       0x49 Joystick.o
 .debug_loc     0x00001374      0x194 LinearMotor.o
 .debug_loc     0x00001508      0x29f main.o
 .debug_loc     0x000017a7       0x6c RS485LED.o
 .debug_loc     0x00001813      0x236 RS485USART.o
 .debug_loc     0x00001a49      0x74c SSD1306.o
 .debug_loc     0x00002195      0x10a StepperMotor.o
 .debug_loc     0x0000229f      0x212 TCA.o
 .debug_loc     0x000024b1      0x13c TCD.o
 .debug_loc     0x000025ed      0x2ae USART.o

.debug_macinfo
 *(.debug_macinfo)

.debug_weaknames
 *(.debug_weaknames)

.debug_funcnames
 *(.debug_funcnames)

.debug_typenames
 *(.debug_typenames)

.debug_varnames
 *(.debug_varnames)

.debug_pubtypes
 *(.debug_pubtypes)

.debug_ranges   0x00000000      0x340
 *(.debug_ranges)
 .debug_ranges  0x00000000       0x38 Actions.o
 .debug_ranges  0x00000038       0x40 ADC.o
 .debug_ranges  0x00000078       0x18 CLK.o
 .debug_ranges  0x00000090       0x18 CRC.o
 .debug_ranges  0x000000a8       0x50 FOUSART.o
 .debug_ranges  0x000000f8       0x10 GPIO.o
 .debug_ranges  0x00000108       0x58 i2c.o
 .debug_ranges  0x00000160       0x18 Joystick.o
 .debug_ranges  0x00000178       0x50 LinearMotor.o
 .debug_ranges  0x000001c8       0x10 main.o
 .debug_ranges  0x000001d8       0x10 RS485LED.o
 .debug_ranges  0x000001e8       0x18 RS485USART.o
 .debug_ranges  0x00000200       0x68 SSD1306.o
 .debug_ranges  0x00000268       0x58 StepperMotor.o
 .debug_ranges  0x000002c0       0x10 TCA.o
 .debug_ranges  0x000002d0       0x10 TCD.o
 .debug_ranges  0x000002e0       0x60 USART.o

.debug_macro
 *(.debug_macro)
OUTPUT(AVR64DD32-MAIN-Controller.elf elf32-avr)
LOAD linker stubs
